16:06:33 **** Build of configuration Debug for project Uni_Box_LSM ****
make -j4 all 
arm-none-eabi-gcc "../Drivers/STM32F4xx_HAL_Driver/Src/stm32f4xx_hal.c" -mcpu=cortex-m4 -std=gnu11 -g3 -DDEBUG -DUSE_HAL_DRIVER -DSTM32F411xE -c -I../Core/Inc -I../Drivers/STM32F4xx_HAL_Driver/Inc -I../Drivers/STM32F4xx_HAL_Driver/Inc/Legacy -I../Drivers/CMSIS/Device/ST/STM32F4xx/Include -I../Drivers/CMSIS/Include -O0 -ffunction-sections -fdata-sections -Wall -fstack-usage -MMD -MP -MF"Drivers/STM32F4xx_HAL_Driver/Src/stm32f4xx_hal.d" -MT"Drivers/STM32F4xx_HAL_Driver/Src/stm32f4xx_hal.o" --specs=nano.specs -mfpu=fpv4-sp-d16 -mfloat-abi=hard -mthumb -o "Drivers/STM32F4xx_HAL_Driver/Src/stm32f4xx_hal.o"
arm-none-eabi-gcc "../Drivers/STM32F4xx_HAL_Driver/Src/stm32f4xx_hal_cortex.c" -mcpu=cortex-m4 -std=gnu11 -g3 -DDEBUG -DUSE_HAL_DRIVER -DSTM32F411xE -c -I../Core/Inc -I../Drivers/STM32F4xx_HAL_Driver/Inc -I../Drivers/STM32F4xx_HAL_Driver/Inc/Legacy -I../Drivers/CMSIS/Device/ST/STM32F4xx/Include -I../Drivers/CMSIS/Include -O0 -ffunction-sections -fdata-sections -Wall -fstack-usage -MMD -MP -MF"Drivers/STM32F4xx_HAL_Driver/Src/stm32f4xx_hal_cortex.d" -MT"Drivers/STM32F4xx_HAL_Driver/Src/stm32f4xx_hal_cortex.o" --specs=nano.specs -mfpu=fpv4-sp-d16 -mfloat-abi=hard -mthumb -o "Drivers/STM32F4xx_HAL_Driver/Src/stm32f4xx_hal_cortex.o"
arm-none-eabi-gcc "../Drivers/STM32F4xx_HAL_Driver/Src/stm32f4xx_hal_dma.c" -mcpu=cortex-m4 -std=gnu11 -g3 -DDEBUG -DUSE_HAL_DRIVER -DSTM32F411xE -c -I../Core/Inc -I../Drivers/STM32F4xx_HAL_Driver/Inc -I../Drivers/STM32F4xx_HAL_Driver/Inc/Legacy -I../Drivers/CMSIS/Device/ST/STM32F4xx/Include -I../Drivers/CMSIS/Include -O0 -ffunction-sections -fdata-sections -Wall -fstack-usage -MMD -MP -MF"Drivers/STM32F4xx_HAL_Driver/Src/stm32f4xx_hal_dma.d" -MT"Drivers/STM32F4xx_HAL_Driver/Src/stm32f4xx_hal_dma.o" --specs=nano.specs -mfpu=fpv4-sp-d16 -mfloat-abi=hard -mthumb -o "Drivers/STM32F4xx_HAL_Driver/Src/stm32f4xx_hal_dma.o"
arm-none-eabi-gcc "../Drivers/STM32F4xx_HAL_Driver/Src/stm32f4xx_hal_dma_ex.c" -mcpu=cortex-m4 -std=gnu11 -g3 -DDEBUG -DUSE_HAL_DRIVER -DSTM32F411xE -c -I../Core/Inc -I../Drivers/STM32F4xx_HAL_Driver/Inc -I../Drivers/STM32F4xx_HAL_Driver/Inc/Legacy -I../Drivers/CMSIS/Device/ST/STM32F4xx/Include -I../Drivers/CMSIS/Include -O0 -ffunction-sections -fdata-sections -Wall -fstack-usage -MMD -MP -MF"Drivers/STM32F4xx_HAL_Driver/Src/stm32f4xx_hal_dma_ex.d" -MT"Drivers/STM32F4xx_HAL_Driver/Src/stm32f4xx_hal_dma_ex.o" --specs=nano.specs -mfpu=fpv4-sp-d16 -mfloat-abi=hard -mthumb -o "Drivers/STM32F4xx_HAL_Driver/Src/stm32f4xx_hal_dma_ex.o"
arm-none-eabi-gcc "../Drivers/STM32F4xx_HAL_Driver/Src/stm32f4xx_hal_exti.c" -mcpu=cortex-m4 -std=gnu11 -g3 -DDEBUG -DUSE_HAL_DRIVER -DSTM32F411xE -c -I../Core/Inc -I../Drivers/STM32F4xx_HAL_Driver/Inc -I../Drivers/STM32F4xx_HAL_Driver/Inc/Legacy -I../Drivers/CMSIS/Device/ST/STM32F4xx/Include -I../Drivers/CMSIS/Include -O0 -ffunction-sections -fdata-sections -Wall -fstack-usage -MMD -MP -MF"Drivers/STM32F4xx_HAL_Driver/Src/stm32f4xx_hal_exti.d" -MT"Drivers/STM32F4xx_HAL_Driver/Src/stm32f4xx_hal_exti.o" --specs=nano.specs -mfpu=fpv4-sp-d16 -mfloat-abi=hard -mthumb -o "Drivers/STM32F4xx_HAL_Driver/Src/stm32f4xx_hal_exti.o"
arm-none-eabi-gcc "../Drivers/STM32F4xx_HAL_Driver/Src/stm32f4xx_hal_flash.c" -mcpu=cortex-m4 -std=gnu11 -g3 -DDEBUG -DUSE_HAL_DRIVER -DSTM32F411xE -c -I../Core/Inc -I../Drivers/STM32F4xx_HAL_Driver/Inc -I../Drivers/STM32F4xx_HAL_Driver/Inc/Legacy -I../Drivers/CMSIS/Device/ST/STM32F4xx/Include -I../Drivers/CMSIS/Include -O0 -ffunction-sections -fdata-sections -Wall -fstack-usage -MMD -MP -MF"Drivers/STM32F4xx_HAL_Driver/Src/stm32f4xx_hal_flash.d" -MT"Drivers/STM32F4xx_HAL_Driver/Src/stm32f4xx_hal_flash.o" --specs=nano.specs -mfpu=fpv4-sp-d16 -mfloat-abi=hard -mthumb -o "Drivers/STM32F4xx_HAL_Driver/Src/stm32f4xx_hal_flash.o"
arm-none-eabi-gcc "../Drivers/STM32F4xx_HAL_Driver/Src/stm32f4xx_hal_flash_ex.c" -mcpu=cortex-m4 -std=gnu11 -g3 -DDEBUG -DUSE_HAL_DRIVER -DSTM32F411xE -c -I../Core/Inc -I../Drivers/STM32F4xx_HAL_Driver/Inc -I../Drivers/STM32F4xx_HAL_Driver/Inc/Legacy -I../Drivers/CMSIS/Device/ST/STM32F4xx/Include -I../Drivers/CMSIS/Include -O0 -ffunction-sections -fdata-sections -Wall -fstack-usage -MMD -MP -MF"Drivers/STM32F4xx_HAL_Driver/Src/stm32f4xx_hal_flash_ex.d" -MT"Drivers/STM32F4xx_HAL_Driver/Src/stm32f4xx_hal_flash_ex.o" --specs=nano.specs -mfpu=fpv4-sp-d16 -mfloat-abi=hard -mthumb -o "Drivers/STM32F4xx_HAL_Driver/Src/stm32f4xx_hal_flash_ex.o"
arm-none-eabi-gcc "../Drivers/STM32F4xx_HAL_Driver/Src/stm32f4xx_hal_flash_ramfunc.c" -mcpu=cortex-m4 -std=gnu11 -g3 -DDEBUG -DUSE_HAL_DRIVER -DSTM32F411xE -c -I../Core/Inc -I../Drivers/STM32F4xx_HAL_Driver/Inc -I../Drivers/STM32F4xx_HAL_Driver/Inc/Legacy -I../Drivers/CMSIS/Device/ST/STM32F4xx/Include -I../Drivers/CMSIS/Include -O0 -ffunction-sections -fdata-sections -Wall -fstack-usage -MMD -MP -MF"Drivers/STM32F4xx_HAL_Driver/Src/stm32f4xx_hal_flash_ramfunc.d" -MT"Drivers/STM32F4xx_HAL_Driver/Src/stm32f4xx_hal_flash_ramfunc.o" --specs=nano.specs -mfpu=fpv4-sp-d16 -mfloat-abi=hard -mthumb -o "Drivers/STM32F4xx_HAL_Driver/Src/stm32f4xx_hal_flash_ramfunc.o"
arm-none-eabi-gcc "../Drivers/STM32F4xx_HAL_Driver/Src/stm32f4xx_hal_gpio.c" -mcpu=cortex-m4 -std=gnu11 -g3 -DDEBUG -DUSE_HAL_DRIVER -DSTM32F411xE -c -I../Core/Inc -I../Drivers/STM32F4xx_HAL_Driver/Inc -I../Drivers/STM32F4xx_HAL_Driver/Inc/Legacy -I../Drivers/CMSIS/Device/ST/STM32F4xx/Include -I../Drivers/CMSIS/Include -O0 -ffunction-sections -fdata-sections -Wall -fstack-usage -MMD -MP -MF"Drivers/STM32F4xx_HAL_Driver/Src/stm32f4xx_hal_gpio.d" -MT"Drivers/STM32F4xx_HAL_Driver/Src/stm32f4xx_hal_gpio.o" --specs=nano.specs -mfpu=fpv4-sp-d16 -mfloat-abi=hard -mthumb -o "Drivers/STM32F4xx_HAL_Driver/Src/stm32f4xx_hal_gpio.o"
arm-none-eabi-gcc "../Drivers/STM32F4xx_HAL_Driver/Src/stm32f4xx_hal_i2c.c" -mcpu=cortex-m4 -std=gnu11 -g3 -DDEBUG -DUSE_HAL_DRIVER -DSTM32F411xE -c -I../Core/Inc -I../Drivers/STM32F4xx_HAL_Driver/Inc -I../Drivers/STM32F4xx_HAL_Driver/Inc/Legacy -I../Drivers/CMSIS/Device/ST/STM32F4xx/Include -I../Drivers/CMSIS/Include -O0 -ffunction-sections -fdata-sections -Wall -fstack-usage -MMD -MP -MF"Drivers/STM32F4xx_HAL_Driver/Src/stm32f4xx_hal_i2c.d" -MT"Drivers/STM32F4xx_HAL_Driver/Src/stm32f4xx_hal_i2c.o" --specs=nano.specs -mfpu=fpv4-sp-d16 -mfloat-abi=hard -mthumb -o "Drivers/STM32F4xx_HAL_Driver/Src/stm32f4xx_hal_i2c.o"
arm-none-eabi-gcc "../Drivers/STM32F4xx_HAL_Driver/Src/stm32f4xx_hal_i2c_ex.c" -mcpu=cortex-m4 -std=gnu11 -g3 -DDEBUG -DUSE_HAL_DRIVER -DSTM32F411xE -c -I../Core/Inc -I../Drivers/STM32F4xx_HAL_Driver/Inc -I../Drivers/STM32F4xx_HAL_Driver/Inc/Legacy -I../Drivers/CMSIS/Device/ST/STM32F4xx/Include -I../Drivers/CMSIS/Include -O0 -ffunction-sections -fdata-sections -Wall -fstack-usage -MMD -MP -MF"Drivers/STM32F4xx_HAL_Driver/Src/stm32f4xx_hal_i2c_ex.d" -MT"Drivers/STM32F4xx_HAL_Driver/Src/stm32f4xx_hal_i2c_ex.o" --specs=nano.specs -mfpu=fpv4-sp-d16 -mfloat-abi=hard -mthumb -o "Drivers/STM32F4xx_HAL_Driver/Src/stm32f4xx_hal_i2c_ex.o"
arm-none-eabi-gcc "../Drivers/STM32F4xx_HAL_Driver/Src/stm32f4xx_hal_pwr.c" -mcpu=cortex-m4 -std=gnu11 -g3 -DDEBUG -DUSE_HAL_DRIVER -DSTM32F411xE -c -I../Core/Inc -I../Drivers/STM32F4xx_HAL_Driver/Inc -I../Drivers/STM32F4xx_HAL_Driver/Inc/Legacy -I../Drivers/CMSIS/Device/ST/STM32F4xx/Include -I../Drivers/CMSIS/Include -O0 -ffunction-sections -fdata-sections -Wall -fstack-usage -MMD -MP -MF"Drivers/STM32F4xx_HAL_Driver/Src/stm32f4xx_hal_pwr.d" -MT"Drivers/STM32F4xx_HAL_Driver/Src/stm32f4xx_hal_pwr.o" --specs=nano.specs -mfpu=fpv4-sp-d16 -mfloat-abi=hard -mthumb -o "Drivers/STM32F4xx_HAL_Driver/Src/stm32f4xx_hal_pwr.o"
arm-none-eabi-gcc "../Drivers/STM32F4xx_HAL_Driver/Src/stm32f4xx_hal_pwr_ex.c" -mcpu=cortex-m4 -std=gnu11 -g3 -DDEBUG -DUSE_HAL_DRIVER -DSTM32F411xE -c -I../Core/Inc -I../Drivers/STM32F4xx_HAL_Driver/Inc -I../Drivers/STM32F4xx_HAL_Driver/Inc/Legacy -I../Drivers/CMSIS/Device/ST/STM32F4xx/Include -I../Drivers/CMSIS/Include -O0 -ffunction-sections -fdata-sections -Wall -fstack-usage -MMD -MP -MF"Drivers/STM32F4xx_HAL_Driver/Src/stm32f4xx_hal_pwr_ex.d" -MT"Drivers/STM32F4xx_HAL_Driver/Src/stm32f4xx_hal_pwr_ex.o" --specs=nano.specs -mfpu=fpv4-sp-d16 -mfloat-abi=hard -mthumb -o "Drivers/STM32F4xx_HAL_Driver/Src/stm32f4xx_hal_pwr_ex.o"
arm-none-eabi-gcc "../Drivers/STM32F4xx_HAL_Driver/Src/stm32f4xx_hal_rcc.c" -mcpu=cortex-m4 -std=gnu11 -g3 -DDEBUG -DUSE_HAL_DRIVER -DSTM32F411xE -c -I../Core/Inc -I../Drivers/STM32F4xx_HAL_Driver/Inc -I../Drivers/STM32F4xx_HAL_Driver/Inc/Legacy -I../Drivers/CMSIS/Device/ST/STM32F4xx/Include -I../Drivers/CMSIS/Include -O0 -ffunction-sections -fdata-sections -Wall -fstack-usage -MMD -MP -MF"Drivers/STM32F4xx_HAL_Driver/Src/stm32f4xx_hal_rcc.d" -MT"Drivers/STM32F4xx_HAL_Driver/Src/stm32f4xx_hal_rcc.o" --specs=nano.specs -mfpu=fpv4-sp-d16 -mfloat-abi=hard -mthumb -o "Drivers/STM32F4xx_HAL_Driver/Src/stm32f4xx_hal_rcc.o"
arm-none-eabi-gcc "../Drivers/STM32F4xx_HAL_Driver/Src/stm32f4xx_hal_rcc_ex.c" -mcpu=cortex-m4 -std=gnu11 -g3 -DDEBUG -DUSE_HAL_DRIVER -DSTM32F411xE -c -I../Core/Inc -I../Drivers/STM32F4xx_HAL_Driver/Inc -I../Drivers/STM32F4xx_HAL_Driver/Inc/Legacy -I../Drivers/CMSIS/Device/ST/STM32F4xx/Include -I../Drivers/CMSIS/Include -O0 -ffunction-sections -fdata-sections -Wall -fstack-usage -MMD -MP -MF"Drivers/STM32F4xx_HAL_Driver/Src/stm32f4xx_hal_rcc_ex.d" -MT"Drivers/STM32F4xx_HAL_Driver/Src/stm32f4xx_hal_rcc_ex.o" --specs=nano.specs -mfpu=fpv4-sp-d16 -mfloat-abi=hard -mthumb -o "Drivers/STM32F4xx_HAL_Driver/Src/stm32f4xx_hal_rcc_ex.o"
arm-none-eabi-gcc "../Drivers/STM32F4xx_HAL_Driver/Src/stm32f4xx_hal_tim.c" -mcpu=cortex-m4 -std=gnu11 -g3 -DDEBUG -DUSE_HAL_DRIVER -DSTM32F411xE -c -I../Core/Inc -I../Drivers/STM32F4xx_HAL_Driver/Inc -I../Drivers/STM32F4xx_HAL_Driver/Inc/Legacy -I../Drivers/CMSIS/Device/ST/STM32F4xx/Include -I../Drivers/CMSIS/Include -O0 -ffunction-sections -fdata-sections -Wall -fstack-usage -MMD -MP -MF"Drivers/STM32F4xx_HAL_Driver/Src/stm32f4xx_hal_tim.d" -MT"Drivers/STM32F4xx_HAL_Driver/Src/stm32f4xx_hal_tim.o" --specs=nano.specs -mfpu=fpv4-sp-d16 -mfloat-abi=hard -mthumb -o "Drivers/STM32F4xx_HAL_Driver/Src/stm32f4xx_hal_tim.o"
arm-none-eabi-gcc "../Drivers/STM32F4xx_HAL_Driver/Src/stm32f4xx_hal_tim_ex.c" -mcpu=cortex-m4 -std=gnu11 -g3 -DDEBUG -DUSE_HAL_DRIVER -DSTM32F411xE -c -I../Core/Inc -I../Drivers/STM32F4xx_HAL_Driver/Inc -I../Drivers/STM32F4xx_HAL_Driver/Inc/Legacy -I../Drivers/CMSIS/Device/ST/STM32F4xx/Include -I../Drivers/CMSIS/Include -O0 -ffunction-sections -fdata-sections -Wall -fstack-usage -MMD -MP -MF"Drivers/STM32F4xx_HAL_Driver/Src/stm32f4xx_hal_tim_ex.d" -MT"Drivers/STM32F4xx_HAL_Driver/Src/stm32f4xx_hal_tim_ex.o" --specs=nano.specs -mfpu=fpv4-sp-d16 -mfloat-abi=hard -mthumb -o "Drivers/STM32F4xx_HAL_Driver/Src/stm32f4xx_hal_tim_ex.o"
arm-none-eabi-gcc "../Drivers/LCD4x20/i2c-lcd.c" -mcpu=cortex-m4 -std=gnu11 -g3 -DDEBUG -DUSE_HAL_DRIVER -DSTM32F411xE -c -I../Core/Inc -I../Drivers/STM32F4xx_HAL_Driver/Inc -I../Drivers/STM32F4xx_HAL_Driver/Inc/Legacy -I../Drivers/CMSIS/Device/ST/STM32F4xx/Include -I../Drivers/CMSIS/Include -O0 -ffunction-sections -fdata-sections -Wall -fstack-usage -MMD -MP -MF"Drivers/LCD4x20/i2c-lcd.d" -MT"Drivers/LCD4x20/i2c-lcd.o" --specs=nano.specs -mfpu=fpv4-sp-d16 -mfloat-abi=hard -mthumb -o "Drivers/LCD4x20/i2c-lcd.o"
arm-none-eabi-gcc "../Drivers/KeyPad/hey.c" -mcpu=cortex-m4 -std=gnu11 -g3 -DDEBUG -DUSE_HAL_DRIVER -DSTM32F411xE -c -I../Core/Inc -I../Drivers/STM32F4xx_HAL_Driver/Inc -I../Drivers/STM32F4xx_HAL_Driver/Inc/Legacy -I../Drivers/CMSIS/Device/ST/STM32F4xx/Include -I../Drivers/CMSIS/Include -O0 -ffunction-sections -fdata-sections -Wall -fstack-usage -MMD -MP -MF"Drivers/KeyPad/hey.d" -MT"Drivers/KeyPad/hey.o" --specs=nano.specs -mfpu=fpv4-sp-d16 -mfloat-abi=hard -mthumb -o "Drivers/KeyPad/hey.o"
arm-none-eabi-gcc -mcpu=cortex-m4 -g3 -DDEBUG -c -x assembler-with-cpp -MMD -MP -MF"Core/Startup/startup_stm32f411vetx.d" -MT"Core/Startup/startup_stm32f411vetx.o" --specs=nano.specs -mfpu=fpv4-sp-d16 -mfloat-abi=hard -mthumb -o "Core/Startup/startup_stm32f411vetx.o" "../Core/Startup/startup_stm32f411vetx.s"
arm-none-eabi-gcc "../Core/Src/main.c" -mcpu=cortex-m4 -std=gnu11 -g3 -DDEBUG -DUSE_HAL_DRIVER -DSTM32F411xE -c -I../Core/Inc -I../Drivers/STM32F4xx_HAL_Driver/Inc -I../Drivers/STM32F4xx_HAL_Driver/Inc/Legacy -I../Drivers/CMSIS/Device/ST/STM32F4xx/Include -I../Drivers/CMSIS/Include -O0 -ffunction-sections -fdata-sections -Wall -fstack-usage -MMD -MP -MF"Core/Src/main.d" -MT"Core/Src/main.o" --specs=nano.specs -mfpu=fpv4-sp-d16 -mfloat-abi=hard -mthumb -o "Core/Src/main.o"
../Drivers/KeyPad/hey.c: In function 'Key_Read':
../Drivers/KeyPad/hey.c:20:3: warning: implicit declaration of function 'sprintf' [-Wimplicit-function-declaration]
   20 |   sprintf(text, "var= %d",i);
      |   ^~~~~~~
../Drivers/KeyPad/hey.c:20:3: warning: incompatible implicit declaration of built-in function 'sprintf'
../Drivers/KeyPad/hey.c:10:1: note: include '<stdio.h>' or provide a declaration of 'sprintf'
    9 | #include "main.h"
  +++ |+#include <stdio.h>
   10 | 
../Drivers/KeyPad/hey.c:28:5: warning: implicit declaration of function 'lcd_clear' [-Wimplicit-function-declaration]
arm-none-eabi-gcc "../Core/Src/stm32f4xx_hal_msp.c" -mcpu=cortex-m4 -std=gnu11 -g3 -DDEBUG -DUSE_HAL_DRIVER -DSTM32F411xE -c -I../Core/Inc -I../Drivers/STM32F4xx_HAL_Driver/Inc -I../Drivers/STM32F4xx_HAL_Driver/Inc/Legacy -I../Drivers/CMSIS/Device/ST/STM32F4xx/Include -I../Drivers/CMSIS/Include -O0 -ffunction-sections -fdata-sections -Wall -fstack-usage -MMD -MP -MF"Core/Src/stm32f4xx_hal_msp.d" -MT"Core/Src/stm32f4xx_hal_msp.o" --specs=nano.specs -mfpu=fpv4-sp-d16 -mfloat-abi=hard -mthumb -o "Core/Src/stm32f4xx_hal_msp.o"
   28 |     lcd_clear();
      |     ^~~~~~~~~
../Drivers/KeyPad/hey.c:29:5: warning: implicit declaration of function 'lcd_line_1' [-Wimplicit-function-declaration]
   29 |     lcd_line_1("Lewo");
      |     ^~~~~~~~~~
../Drivers/KeyPad/hey.c:42:5: warning: implicit declaration of function 'lcd_line_2' [-Wimplicit-function-declaration]
   42 |     lcd_line_2("Wartosc i : ");
      |     ^~~~~~~~~~
../Drivers/KeyPad/hey.c:43:5: warning: implicit declaration of function 'lcd_line_3' [-Wimplicit-function-declaration]
   43 |     lcd_line_3(text);
      |     ^~~~~~~~~~
../Core/Src/main.c:24:10: fatal error: i2c-lcd.h: No such file or directory
   24 | #include "i2c-lcd.h"
      |          ^~~~~~~~~~~
compilation terminated.
arm-none-eabi-gcc "../Core/Src/stm32f4xx_it.c" -mcpu=cortex-m4 -std=gnu11 -g3 -DDEBUG -DUSE_HAL_DRIVER -DSTM32F411xE -c -I../Core/Inc -I../Drivers/STM32F4xx_HAL_Driver/Inc -I../Drivers/STM32F4xx_HAL_Driver/Inc/Legacy -I../Drivers/CMSIS/Device/ST/STM32F4xx/Include -I../Drivers/CMSIS/Include -O0 -ffunction-sections -fdata-sections -Wall -fstack-usage -MMD -MP -MF"Core/Src/stm32f4xx_it.d" -MT"Core/Src/stm32f4xx_it.o" --specs=nano.specs -mfpu=fpv4-sp-d16 -mfloat-abi=hard -mthumb -o "Core/Src/stm32f4xx_it.o"
make: *** [Core/Src/subdir.mk:34: Core/Src/main.o] Error 1
make: *** Waiting for unfinished jobs....
"make -j4 all" terminated with exit code 2. Build might be incomplete.
16:08:19 **** Incremental Build of configuration Debug for project Uni_Box_LSM ****
make -j4 all 
arm-none-eabi-gcc "../Drivers/STM32F4xx_HAL_Driver/Src/stm32f4xx_hal.c" -mcpu=cortex-m4 -std=gnu11 -g3 -DDEBUG -DUSE_HAL_DRIVER -DSTM32F411xE -c -I../Core/Inc -I../Drivers/STM32F4xx_HAL_Driver/Inc -I../Drivers/STM32F4xx_HAL_Driver/Inc/Legacy -I../Drivers/CMSIS/Device/ST/STM32F4xx/Include -I../Drivers/CMSIS/Include -I"/home/shammman/Dokumenty/STM32_CubeIDE/Learning/Uni_Box_LSM/Drivers/LCD4x20" -I"/home/shammman/Dokumenty/STM32_CubeIDE/Learning/Uni_Box_LSM/Drivers/KeyPad" -O0 -ffunction-sections -fdata-sections -Wall -fstack-usage -MMD -MP -MF"Drivers/STM32F4xx_HAL_Driver/Src/stm32f4xx_hal.d" -MT"Drivers/STM32F4xx_HAL_Driver/Src/stm32f4xx_hal.o" --specs=nano.specs -mfpu=fpv4-sp-d16 -mfloat-abi=hard -mthumb -o "Drivers/STM32F4xx_HAL_Driver/Src/stm32f4xx_hal.o"
arm-none-eabi-gcc "../Drivers/STM32F4xx_HAL_Driver/Src/stm32f4xx_hal_cortex.c" -mcpu=cortex-m4 -std=gnu11 -g3 -DDEBUG -DUSE_HAL_DRIVER -DSTM32F411xE -c -I../Core/Inc -I../Drivers/STM32F4xx_HAL_Driver/Inc -I../Drivers/STM32F4xx_HAL_Driver/Inc/Legacy -I../Drivers/CMSIS/Device/ST/STM32F4xx/Include -I../Drivers/CMSIS/Include -I"/home/shammman/Dokumenty/STM32_CubeIDE/Learning/Uni_Box_LSM/Drivers/LCD4x20" -I"/home/shammman/Dokumenty/STM32_CubeIDE/Learning/Uni_Box_LSM/Drivers/KeyPad" -O0 -ffunction-sections -fdata-sections -Wall -fstack-usage -MMD -MP -MF"Drivers/STM32F4xx_HAL_Driver/Src/stm32f4xx_hal_cortex.d" -MT"Drivers/STM32F4xx_HAL_Driver/Src/stm32f4xx_hal_cortex.o" --specs=nano.specs -mfpu=fpv4-sp-d16 -mfloat-abi=hard -mthumb -o "Drivers/STM32F4xx_HAL_Driver/Src/stm32f4xx_hal_cortex.o"
arm-none-eabi-gcc "../Drivers/STM32F4xx_HAL_Driver/Src/stm32f4xx_hal_dma.c" -mcpu=cortex-m4 -std=gnu11 -g3 -DDEBUG -DUSE_HAL_DRIVER -DSTM32F411xE -c -I../Core/Inc -I../Drivers/STM32F4xx_HAL_Driver/Inc -I../Drivers/STM32F4xx_HAL_Driver/Inc/Legacy -I../Drivers/CMSIS/Device/ST/STM32F4xx/Include -I../Drivers/CMSIS/Include -I"/home/shammman/Dokumenty/STM32_CubeIDE/Learning/Uni_Box_LSM/Drivers/LCD4x20" -I"/home/shammman/Dokumenty/STM32_CubeIDE/Learning/Uni_Box_LSM/Drivers/KeyPad" -O0 -ffunction-sections -fdata-sections -Wall -fstack-usage -MMD -MP -MF"Drivers/STM32F4xx_HAL_Driver/Src/stm32f4xx_hal_dma.d" -MT"Drivers/STM32F4xx_HAL_Driver/Src/stm32f4xx_hal_dma.o" --specs=nano.specs -mfpu=fpv4-sp-d16 -mfloat-abi=hard -mthumb -o "Drivers/STM32F4xx_HAL_Driver/Src/stm32f4xx_hal_dma.o"
arm-none-eabi-gcc "../Drivers/STM32F4xx_HAL_Driver/Src/stm32f4xx_hal_dma_ex.c" -mcpu=cortex-m4 -std=gnu11 -g3 -DDEBUG -DUSE_HAL_DRIVER -DSTM32F411xE -c -I../Core/Inc -I../Drivers/STM32F4xx_HAL_Driver/Inc -I../Drivers/STM32F4xx_HAL_Driver/Inc/Legacy -I../Drivers/CMSIS/Device/ST/STM32F4xx/Include -I../Drivers/CMSIS/Include -I"/home/shammman/Dokumenty/STM32_CubeIDE/Learning/Uni_Box_LSM/Drivers/LCD4x20" -I"/home/shammman/Dokumenty/STM32_CubeIDE/Learning/Uni_Box_LSM/Drivers/KeyPad" -O0 -ffunction-sections -fdata-sections -Wall -fstack-usage -MMD -MP -MF"Drivers/STM32F4xx_HAL_Driver/Src/stm32f4xx_hal_dma_ex.d" -MT"Drivers/STM32F4xx_HAL_Driver/Src/stm32f4xx_hal_dma_ex.o" --specs=nano.specs -mfpu=fpv4-sp-d16 -mfloat-abi=hard -mthumb -o "Drivers/STM32F4xx_HAL_Driver/Src/stm32f4xx_hal_dma_ex.o"
arm-none-eabi-gcc "../Drivers/STM32F4xx_HAL_Driver/Src/stm32f4xx_hal_exti.c" -mcpu=cortex-m4 -std=gnu11 -g3 -DDEBUG -DUSE_HAL_DRIVER -DSTM32F411xE -c -I../Core/Inc -I../Drivers/STM32F4xx_HAL_Driver/Inc -I../Drivers/STM32F4xx_HAL_Driver/Inc/Legacy -I../Drivers/CMSIS/Device/ST/STM32F4xx/Include -I../Drivers/CMSIS/Include -I"/home/shammman/Dokumenty/STM32_CubeIDE/Learning/Uni_Box_LSM/Drivers/LCD4x20" -I"/home/shammman/Dokumenty/STM32_CubeIDE/Learning/Uni_Box_LSM/Drivers/KeyPad" -O0 -ffunction-sections -fdata-sections -Wall -fstack-usage -MMD -MP -MF"Drivers/STM32F4xx_HAL_Driver/Src/stm32f4xx_hal_exti.d" -MT"Drivers/STM32F4xx_HAL_Driver/Src/stm32f4xx_hal_exti.o" --specs=nano.specs -mfpu=fpv4-sp-d16 -mfloat-abi=hard -mthumb -o "Drivers/STM32F4xx_HAL_Driver/Src/stm32f4xx_hal_exti.o"
arm-none-eabi-gcc "../Drivers/STM32F4xx_HAL_Driver/Src/stm32f4xx_hal_flash.c" -mcpu=cortex-m4 -std=gnu11 -g3 -DDEBUG -DUSE_HAL_DRIVER -DSTM32F411xE -c -I../Core/Inc -I../Drivers/STM32F4xx_HAL_Driver/Inc -I../Drivers/STM32F4xx_HAL_Driver/Inc/Legacy -I../Drivers/CMSIS/Device/ST/STM32F4xx/Include -I../Drivers/CMSIS/Include -I"/home/shammman/Dokumenty/STM32_CubeIDE/Learning/Uni_Box_LSM/Drivers/LCD4x20" -I"/home/shammman/Dokumenty/STM32_CubeIDE/Learning/Uni_Box_LSM/Drivers/KeyPad" -O0 -ffunction-sections -fdata-sections -Wall -fstack-usage -MMD -MP -MF"Drivers/STM32F4xx_HAL_Driver/Src/stm32f4xx_hal_flash.d" -MT"Drivers/STM32F4xx_HAL_Driver/Src/stm32f4xx_hal_flash.o" --specs=nano.specs -mfpu=fpv4-sp-d16 -mfloat-abi=hard -mthumb -o "Drivers/STM32F4xx_HAL_Driver/Src/stm32f4xx_hal_flash.o"
arm-none-eabi-gcc "../Drivers/STM32F4xx_HAL_Driver/Src/stm32f4xx_hal_flash_ex.c" -mcpu=cortex-m4 -std=gnu11 -g3 -DDEBUG -DUSE_HAL_DRIVER -DSTM32F411xE -c -I../Core/Inc -I../Drivers/STM32F4xx_HAL_Driver/Inc -I../Drivers/STM32F4xx_HAL_Driver/Inc/Legacy -I../Drivers/CMSIS/Device/ST/STM32F4xx/Include -I../Drivers/CMSIS/Include -I"/home/shammman/Dokumenty/STM32_CubeIDE/Learning/Uni_Box_LSM/Drivers/LCD4x20" -I"/home/shammman/Dokumenty/STM32_CubeIDE/Learning/Uni_Box_LSM/Drivers/KeyPad" -O0 -ffunction-sections -fdata-sections -Wall -fstack-usage -MMD -MP -MF"Drivers/STM32F4xx_HAL_Driver/Src/stm32f4xx_hal_flash_ex.d" -MT"Drivers/STM32F4xx_HAL_Driver/Src/stm32f4xx_hal_flash_ex.o" --specs=nano.specs -mfpu=fpv4-sp-d16 -mfloat-abi=hard -mthumb -o "Drivers/STM32F4xx_HAL_Driver/Src/stm32f4xx_hal_flash_ex.o"
arm-none-eabi-gcc "../Drivers/STM32F4xx_HAL_Driver/Src/stm32f4xx_hal_flash_ramfunc.c" -mcpu=cortex-m4 -std=gnu11 -g3 -DDEBUG -DUSE_HAL_DRIVER -DSTM32F411xE -c -I../Core/Inc -I../Drivers/STM32F4xx_HAL_Driver/Inc -I../Drivers/STM32F4xx_HAL_Driver/Inc/Legacy -I../Drivers/CMSIS/Device/ST/STM32F4xx/Include -I../Drivers/CMSIS/Include -I"/home/shammman/Dokumenty/STM32_CubeIDE/Learning/Uni_Box_LSM/Drivers/LCD4x20" -I"/home/shammman/Dokumenty/STM32_CubeIDE/Learning/Uni_Box_LSM/Drivers/KeyPad" -O0 -ffunction-sections -fdata-sections -Wall -fstack-usage -MMD -MP -MF"Drivers/STM32F4xx_HAL_Driver/Src/stm32f4xx_hal_flash_ramfunc.d" -MT"Drivers/STM32F4xx_HAL_Driver/Src/stm32f4xx_hal_flash_ramfunc.o" --specs=nano.specs -mfpu=fpv4-sp-d16 -mfloat-abi=hard -mthumb -o "Drivers/STM32F4xx_HAL_Driver/Src/stm32f4xx_hal_flash_ramfunc.o"
arm-none-eabi-gcc "../Drivers/STM32F4xx_HAL_Driver/Src/stm32f4xx_hal_gpio.c" -mcpu=cortex-m4 -std=gnu11 -g3 -DDEBUG -DUSE_HAL_DRIVER -DSTM32F411xE -c -I../Core/Inc -I../Drivers/STM32F4xx_HAL_Driver/Inc -I../Drivers/STM32F4xx_HAL_Driver/Inc/Legacy -I../Drivers/CMSIS/Device/ST/STM32F4xx/Include -I../Drivers/CMSIS/Include -I"/home/shammman/Dokumenty/STM32_CubeIDE/Learning/Uni_Box_LSM/Drivers/LCD4x20" -I"/home/shammman/Dokumenty/STM32_CubeIDE/Learning/Uni_Box_LSM/Drivers/KeyPad" -O0 -ffunction-sections -fdata-sections -Wall -fstack-usage -MMD -MP -MF"Drivers/STM32F4xx_HAL_Driver/Src/stm32f4xx_hal_gpio.d" -MT"Drivers/STM32F4xx_HAL_Driver/Src/stm32f4xx_hal_gpio.o" --specs=nano.specs -mfpu=fpv4-sp-d16 -mfloat-abi=hard -mthumb -o "Drivers/STM32F4xx_HAL_Driver/Src/stm32f4xx_hal_gpio.o"
arm-none-eabi-gcc "../Drivers/STM32F4xx_HAL_Driver/Src/stm32f4xx_hal_i2c.c" -mcpu=cortex-m4 -std=gnu11 -g3 -DDEBUG -DUSE_HAL_DRIVER -DSTM32F411xE -c -I../Core/Inc -I../Drivers/STM32F4xx_HAL_Driver/Inc -I../Drivers/STM32F4xx_HAL_Driver/Inc/Legacy -I../Drivers/CMSIS/Device/ST/STM32F4xx/Include -I../Drivers/CMSIS/Include -I"/home/shammman/Dokumenty/STM32_CubeIDE/Learning/Uni_Box_LSM/Drivers/LCD4x20" -I"/home/shammman/Dokumenty/STM32_CubeIDE/Learning/Uni_Box_LSM/Drivers/KeyPad" -O0 -ffunction-sections -fdata-sections -Wall -fstack-usage -MMD -MP -MF"Drivers/STM32F4xx_HAL_Driver/Src/stm32f4xx_hal_i2c.d" -MT"Drivers/STM32F4xx_HAL_Driver/Src/stm32f4xx_hal_i2c.o" --specs=nano.specs -mfpu=fpv4-sp-d16 -mfloat-abi=hard -mthumb -o "Drivers/STM32F4xx_HAL_Driver/Src/stm32f4xx_hal_i2c.o"
arm-none-eabi-gcc "../Drivers/STM32F4xx_HAL_Driver/Src/stm32f4xx_hal_i2c_ex.c" -mcpu=cortex-m4 -std=gnu11 -g3 -DDEBUG -DUSE_HAL_DRIVER -DSTM32F411xE -c -I../Core/Inc -I../Drivers/STM32F4xx_HAL_Driver/Inc -I../Drivers/STM32F4xx_HAL_Driver/Inc/Legacy -I../Drivers/CMSIS/Device/ST/STM32F4xx/Include -I../Drivers/CMSIS/Include -I"/home/shammman/Dokumenty/STM32_CubeIDE/Learning/Uni_Box_LSM/Drivers/LCD4x20" -I"/home/shammman/Dokumenty/STM32_CubeIDE/Learning/Uni_Box_LSM/Drivers/KeyPad" -O0 -ffunction-sections -fdata-sections -Wall -fstack-usage -MMD -MP -MF"Drivers/STM32F4xx_HAL_Driver/Src/stm32f4xx_hal_i2c_ex.d" -MT"Drivers/STM32F4xx_HAL_Driver/Src/stm32f4xx_hal_i2c_ex.o" --specs=nano.specs -mfpu=fpv4-sp-d16 -mfloat-abi=hard -mthumb -o "Drivers/STM32F4xx_HAL_Driver/Src/stm32f4xx_hal_i2c_ex.o"
arm-none-eabi-gcc "../Drivers/STM32F4xx_HAL_Driver/Src/stm32f4xx_hal_pwr.c" -mcpu=cortex-m4 -std=gnu11 -g3 -DDEBUG -DUSE_HAL_DRIVER -DSTM32F411xE -c -I../Core/Inc -I../Drivers/STM32F4xx_HAL_Driver/Inc -I../Drivers/STM32F4xx_HAL_Driver/Inc/Legacy -I../Drivers/CMSIS/Device/ST/STM32F4xx/Include -I../Drivers/CMSIS/Include -I"/home/shammman/Dokumenty/STM32_CubeIDE/Learning/Uni_Box_LSM/Drivers/LCD4x20" -I"/home/shammman/Dokumenty/STM32_CubeIDE/Learning/Uni_Box_LSM/Drivers/KeyPad" -O0 -ffunction-sections -fdata-sections -Wall -fstack-usage -MMD -MP -MF"Drivers/STM32F4xx_HAL_Driver/Src/stm32f4xx_hal_pwr.d" -MT"Drivers/STM32F4xx_HAL_Driver/Src/stm32f4xx_hal_pwr.o" --specs=nano.specs -mfpu=fpv4-sp-d16 -mfloat-abi=hard -mthumb -o "Drivers/STM32F4xx_HAL_Driver/Src/stm32f4xx_hal_pwr.o"
arm-none-eabi-gcc "../Drivers/STM32F4xx_HAL_Driver/Src/stm32f4xx_hal_pwr_ex.c" -mcpu=cortex-m4 -std=gnu11 -g3 -DDEBUG -DUSE_HAL_DRIVER -DSTM32F411xE -c -I../Core/Inc -I../Drivers/STM32F4xx_HAL_Driver/Inc -I../Drivers/STM32F4xx_HAL_Driver/Inc/Legacy -I../Drivers/CMSIS/Device/ST/STM32F4xx/Include -I../Drivers/CMSIS/Include -I"/home/shammman/Dokumenty/STM32_CubeIDE/Learning/Uni_Box_LSM/Drivers/LCD4x20" -I"/home/shammman/Dokumenty/STM32_CubeIDE/Learning/Uni_Box_LSM/Drivers/KeyPad" -O0 -ffunction-sections -fdata-sections -Wall -fstack-usage -MMD -MP -MF"Drivers/STM32F4xx_HAL_Driver/Src/stm32f4xx_hal_pwr_ex.d" -MT"Drivers/STM32F4xx_HAL_Driver/Src/stm32f4xx_hal_pwr_ex.o" --specs=nano.specs -mfpu=fpv4-sp-d16 -mfloat-abi=hard -mthumb -o "Drivers/STM32F4xx_HAL_Driver/Src/stm32f4xx_hal_pwr_ex.o"
arm-none-eabi-gcc "../Drivers/STM32F4xx_HAL_Driver/Src/stm32f4xx_hal_rcc.c" -mcpu=cortex-m4 -std=gnu11 -g3 -DDEBUG -DUSE_HAL_DRIVER -DSTM32F411xE -c -I../Core/Inc -I../Drivers/STM32F4xx_HAL_Driver/Inc -I../Drivers/STM32F4xx_HAL_Driver/Inc/Legacy -I../Drivers/CMSIS/Device/ST/STM32F4xx/Include -I../Drivers/CMSIS/Include -I"/home/shammman/Dokumenty/STM32_CubeIDE/Learning/Uni_Box_LSM/Drivers/LCD4x20" -I"/home/shammman/Dokumenty/STM32_CubeIDE/Learning/Uni_Box_LSM/Drivers/KeyPad" -O0 -ffunction-sections -fdata-sections -Wall -fstack-usage -MMD -MP -MF"Drivers/STM32F4xx_HAL_Driver/Src/stm32f4xx_hal_rcc.d" -MT"Drivers/STM32F4xx_HAL_Driver/Src/stm32f4xx_hal_rcc.o" --specs=nano.specs -mfpu=fpv4-sp-d16 -mfloat-abi=hard -mthumb -o "Drivers/STM32F4xx_HAL_Driver/Src/stm32f4xx_hal_rcc.o"
arm-none-eabi-gcc "../Drivers/STM32F4xx_HAL_Driver/Src/stm32f4xx_hal_rcc_ex.c" -mcpu=cortex-m4 -std=gnu11 -g3 -DDEBUG -DUSE_HAL_DRIVER -DSTM32F411xE -c -I../Core/Inc -I../Drivers/STM32F4xx_HAL_Driver/Inc -I../Drivers/STM32F4xx_HAL_Driver/Inc/Legacy -I../Drivers/CMSIS/Device/ST/STM32F4xx/Include -I../Drivers/CMSIS/Include -I"/home/shammman/Dokumenty/STM32_CubeIDE/Learning/Uni_Box_LSM/Drivers/LCD4x20" -I"/home/shammman/Dokumenty/STM32_CubeIDE/Learning/Uni_Box_LSM/Drivers/KeyPad" -O0 -ffunction-sections -fdata-sections -Wall -fstack-usage -MMD -MP -MF"Drivers/STM32F4xx_HAL_Driver/Src/stm32f4xx_hal_rcc_ex.d" -MT"Drivers/STM32F4xx_HAL_Driver/Src/stm32f4xx_hal_rcc_ex.o" --specs=nano.specs -mfpu=fpv4-sp-d16 -mfloat-abi=hard -mthumb -o "Drivers/STM32F4xx_HAL_Driver/Src/stm32f4xx_hal_rcc_ex.o"
arm-none-eabi-gcc "../Drivers/STM32F4xx_HAL_Driver/Src/stm32f4xx_hal_tim.c" -mcpu=cortex-m4 -std=gnu11 -g3 -DDEBUG -DUSE_HAL_DRIVER -DSTM32F411xE -c -I../Core/Inc -I../Drivers/STM32F4xx_HAL_Driver/Inc -I../Drivers/STM32F4xx_HAL_Driver/Inc/Legacy -I../Drivers/CMSIS/Device/ST/STM32F4xx/Include -I../Drivers/CMSIS/Include -I"/home/shammman/Dokumenty/STM32_CubeIDE/Learning/Uni_Box_LSM/Drivers/LCD4x20" -I"/home/shammman/Dokumenty/STM32_CubeIDE/Learning/Uni_Box_LSM/Drivers/KeyPad" -O0 -ffunction-sections -fdata-sections -Wall -fstack-usage -MMD -MP -MF"Drivers/STM32F4xx_HAL_Driver/Src/stm32f4xx_hal_tim.d" -MT"Drivers/STM32F4xx_HAL_Driver/Src/stm32f4xx_hal_tim.o" --specs=nano.specs -mfpu=fpv4-sp-d16 -mfloat-abi=hard -mthumb -o "Drivers/STM32F4xx_HAL_Driver/Src/stm32f4xx_hal_tim.o"
arm-none-eabi-gcc "../Drivers/STM32F4xx_HAL_Driver/Src/stm32f4xx_hal_tim_ex.c" -mcpu=cortex-m4 -std=gnu11 -g3 -DDEBUG -DUSE_HAL_DRIVER -DSTM32F411xE -c -I../Core/Inc -I../Drivers/STM32F4xx_HAL_Driver/Inc -I../Drivers/STM32F4xx_HAL_Driver/Inc/Legacy -I../Drivers/CMSIS/Device/ST/STM32F4xx/Include -I../Drivers/CMSIS/Include -I"/home/shammman/Dokumenty/STM32_CubeIDE/Learning/Uni_Box_LSM/Drivers/LCD4x20" -I"/home/shammman/Dokumenty/STM32_CubeIDE/Learning/Uni_Box_LSM/Drivers/KeyPad" -O0 -ffunction-sections -fdata-sections -Wall -fstack-usage -MMD -MP -MF"Drivers/STM32F4xx_HAL_Driver/Src/stm32f4xx_hal_tim_ex.d" -MT"Drivers/STM32F4xx_HAL_Driver/Src/stm32f4xx_hal_tim_ex.o" --specs=nano.specs -mfpu=fpv4-sp-d16 -mfloat-abi=hard -mthumb -o "Drivers/STM32F4xx_HAL_Driver/Src/stm32f4xx_hal_tim_ex.o"
arm-none-eabi-gcc "../Drivers/LCD4x20/i2c-lcd.c" -mcpu=cortex-m4 -std=gnu11 -g3 -DDEBUG -DUSE_HAL_DRIVER -DSTM32F411xE -c -I../Core/Inc -I../Drivers/STM32F4xx_HAL_Driver/Inc -I../Drivers/STM32F4xx_HAL_Driver/Inc/Legacy -I../Drivers/CMSIS/Device/ST/STM32F4xx/Include -I../Drivers/CMSIS/Include -I"/home/shammman/Dokumenty/STM32_CubeIDE/Learning/Uni_Box_LSM/Drivers/LCD4x20" -I"/home/shammman/Dokumenty/STM32_CubeIDE/Learning/Uni_Box_LSM/Drivers/KeyPad" -O0 -ffunction-sections -fdata-sections -Wall -fstack-usage -MMD -MP -MF"Drivers/LCD4x20/i2c-lcd.d" -MT"Drivers/LCD4x20/i2c-lcd.o" --specs=nano.specs -mfpu=fpv4-sp-d16 -mfloat-abi=hard -mthumb -o "Drivers/LCD4x20/i2c-lcd.o"
arm-none-eabi-gcc "../Drivers/KeyPad/hey.c" -mcpu=cortex-m4 -std=gnu11 -g3 -DDEBUG -DUSE_HAL_DRIVER -DSTM32F411xE -c -I../Core/Inc -I../Drivers/STM32F4xx_HAL_Driver/Inc -I../Drivers/STM32F4xx_HAL_Driver/Inc/Legacy -I../Drivers/CMSIS/Device/ST/STM32F4xx/Include -I../Drivers/CMSIS/Include -I"/home/shammman/Dokumenty/STM32_CubeIDE/Learning/Uni_Box_LSM/Drivers/LCD4x20" -I"/home/shammman/Dokumenty/STM32_CubeIDE/Learning/Uni_Box_LSM/Drivers/KeyPad" -O0 -ffunction-sections -fdata-sections -Wall -fstack-usage -MMD -MP -MF"Drivers/KeyPad/hey.d" -MT"Drivers/KeyPad/hey.o" --specs=nano.specs -mfpu=fpv4-sp-d16 -mfloat-abi=hard -mthumb -o "Drivers/KeyPad/hey.o"
arm-none-eabi-gcc "../Core/Src/main.c" -mcpu=cortex-m4 -std=gnu11 -g3 -DDEBUG -DUSE_HAL_DRIVER -DSTM32F411xE -c -I../Core/Inc -I../Drivers/STM32F4xx_HAL_Driver/Inc -I../Drivers/STM32F4xx_HAL_Driver/Inc/Legacy -I../Drivers/CMSIS/Device/ST/STM32F4xx/Include -I../Drivers/CMSIS/Include -I"/home/shammman/Dokumenty/STM32_CubeIDE/Learning/Uni_Box_LSM/Drivers/LCD4x20" -I"/home/shammman/Dokumenty/STM32_CubeIDE/Learning/Uni_Box_LSM/Drivers/KeyPad" -O0 -ffunction-sections -fdata-sections -Wall -fstack-usage -MMD -MP -MF"Core/Src/main.d" -MT"Core/Src/main.o" --specs=nano.specs -mfpu=fpv4-sp-d16 -mfloat-abi=hard -mthumb -o "Core/Src/main.o"
../Drivers/KeyPad/hey.c: In function 'Key_Read':
../Drivers/KeyPad/hey.c:20:3: warning: implicit declaration of function 'sprintf' [-Wimplicit-function-declaration]
   20 |   sprintf(text, "var= %d",i);
      |   ^~~~~~~
../Drivers/KeyPad/hey.c:20:3: warning: incompatible implicit declaration of built-in function 'sprintf'
../Drivers/KeyPad/hey.c:10:1: note: include '<stdio.h>' or provide a declaration of 'sprintf'
    9 | #include "main.h"
  +++ |+#include <stdio.h>
   10 | 
../Drivers/KeyPad/hey.c:28:5: warning: implicit declaration of function 'lcd_clear' [-Wimplicit-function-declaration]
   28 |     lcd_clear();
      |     ^~~~~~~~~
../Drivers/KeyPad/hey.c:29:5: warning: implicit declaration of function 'lcd_line_1' [-Wimplicit-function-declaration]
   29 |     lcd_line_1("Lewo");
      |     ^~~~~~~~~~
../Drivers/KeyPad/hey.c:42:5: warning: implicit declaration of function 'lcd_line_2' [-Wimplicit-function-declaration]
   42 |     lcd_line_2("Wartosc i : ");
      |     ^~~~~~~~~~
../Drivers/KeyPad/hey.c:43:5: warning: implicit declaration of function 'lcd_line_3' [-Wimplicit-function-declaration]
   43 |     lcd_line_3(text);
      |     ^~~~~~~~~~
arm-none-eabi-gcc "../Core/Src/stm32f4xx_hal_msp.c" -mcpu=cortex-m4 -std=gnu11 -g3 -DDEBUG -DUSE_HAL_DRIVER -DSTM32F411xE -c -I../Core/Inc -I../Drivers/STM32F4xx_HAL_Driver/Inc -I../Drivers/STM32F4xx_HAL_Driver/Inc/Legacy -I../Drivers/CMSIS/Device/ST/STM32F4xx/Include -I../Drivers/CMSIS/Include -I"/home/shammman/Dokumenty/STM32_CubeIDE/Learning/Uni_Box_LSM/Drivers/LCD4x20" -I"/home/shammman/Dokumenty/STM32_CubeIDE/Learning/Uni_Box_LSM/Drivers/KeyPad" -O0 -ffunction-sections -fdata-sections -Wall -fstack-usage -MMD -MP -MF"Core/Src/stm32f4xx_hal_msp.d" -MT"Core/Src/stm32f4xx_hal_msp.o" --specs=nano.specs -mfpu=fpv4-sp-d16 -mfloat-abi=hard -mthumb -o "Core/Src/stm32f4xx_hal_msp.o"
arm-none-eabi-gcc "../Core/Src/stm32f4xx_it.c" -mcpu=cortex-m4 -std=gnu11 -g3 -DDEBUG -DUSE_HAL_DRIVER -DSTM32F411xE -c -I../Core/Inc -I../Drivers/STM32F4xx_HAL_Driver/Inc -I../Drivers/STM32F4xx_HAL_Driver/Inc/Legacy -I../Drivers/CMSIS/Device/ST/STM32F4xx/Include -I../Drivers/CMSIS/Include -I"/home/shammman/Dokumenty/STM32_CubeIDE/Learning/Uni_Box_LSM/Drivers/LCD4x20" -I"/home/shammman/Dokumenty/STM32_CubeIDE/Learning/Uni_Box_LSM/Drivers/KeyPad" -O0 -ffunction-sections -fdata-sections -Wall -fstack-usage -MMD -MP -MF"Core/Src/stm32f4xx_it.d" -MT"Core/Src/stm32f4xx_it.o" --specs=nano.specs -mfpu=fpv4-sp-d16 -mfloat-abi=hard -mthumb -o "Core/Src/stm32f4xx_it.o"
arm-none-eabi-gcc "../Core/Src/syscalls.c" -mcpu=cortex-m4 -std=gnu11 -g3 -DDEBUG -DUSE_HAL_DRIVER -DSTM32F411xE -c -I../Core/Inc -I../Drivers/STM32F4xx_HAL_Driver/Inc -I../Drivers/STM32F4xx_HAL_Driver/Inc/Legacy -I../Drivers/CMSIS/Device/ST/STM32F4xx/Include -I../Drivers/CMSIS/Include -I"/home/shammman/Dokumenty/STM32_CubeIDE/Learning/Uni_Box_LSM/Drivers/LCD4x20" -I"/home/shammman/Dokumenty/STM32_CubeIDE/Learning/Uni_Box_LSM/Drivers/KeyPad" -O0 -ffunction-sections -fdata-sections -Wall -fstack-usage -MMD -MP -MF"Core/Src/syscalls.d" -MT"Core/Src/syscalls.o" --specs=nano.specs -mfpu=fpv4-sp-d16 -mfloat-abi=hard -mthumb -o "Core/Src/syscalls.o"
arm-none-eabi-gcc "../Core/Src/sysmem.c" -mcpu=cortex-m4 -std=gnu11 -g3 -DDEBUG -DUSE_HAL_DRIVER -DSTM32F411xE -c -I../Core/Inc -I../Drivers/STM32F4xx_HAL_Driver/Inc -I../Drivers/STM32F4xx_HAL_Driver/Inc/Legacy -I../Drivers/CMSIS/Device/ST/STM32F4xx/Include -I../Drivers/CMSIS/Include -I"/home/shammman/Dokumenty/STM32_CubeIDE/Learning/Uni_Box_LSM/Drivers/LCD4x20" -I"/home/shammman/Dokumenty/STM32_CubeIDE/Learning/Uni_Box_LSM/Drivers/KeyPad" -O0 -ffunction-sections -fdata-sections -Wall -fstack-usage -MMD -MP -MF"Core/Src/sysmem.d" -MT"Core/Src/sysmem.o" --specs=nano.specs -mfpu=fpv4-sp-d16 -mfloat-abi=hard -mthumb -o "Core/Src/sysmem.o"
arm-none-eabi-gcc "../Core/Src/system_stm32f4xx.c" -mcpu=cortex-m4 -std=gnu11 -g3 -DDEBUG -DUSE_HAL_DRIVER -DSTM32F411xE -c -I../Core/Inc -I../Drivers/STM32F4xx_HAL_Driver/Inc -I../Drivers/STM32F4xx_HAL_Driver/Inc/Legacy -I../Drivers/CMSIS/Device/ST/STM32F4xx/Include -I../Drivers/CMSIS/Include -I"/home/shammman/Dokumenty/STM32_CubeIDE/Learning/Uni_Box_LSM/Drivers/LCD4x20" -I"/home/shammman/Dokumenty/STM32_CubeIDE/Learning/Uni_Box_LSM/Drivers/KeyPad" -O0 -ffunction-sections -fdata-sections -Wall -fstack-usage -MMD -MP -MF"Core/Src/system_stm32f4xx.d" -MT"Core/Src/system_stm32f4xx.o" --specs=nano.specs -mfpu=fpv4-sp-d16 -mfloat-abi=hard -mthumb -o "Core/Src/system_stm32f4xx.o"
arm-none-eabi-gcc -o "Uni_Box_LSM.elf" @"objects.list"   -mcpu=cortex-m4 -T"/home/shammman/Dokumenty/STM32_CubeIDE/Learning/Uni_Box_LSM/STM32F411VETX_FLASH.ld" --specs=nosys.specs -Wl,-Map="Uni_Box_LSM.map" -Wl,--gc-sections -static --specs=nano.specs -mfpu=fpv4-sp-d16 -mfloat-abi=hard -mthumb -Wl,--start-group -lc -lm -Wl,--end-group
Finished building target: Uni_Box_LSM.elf
 
arm-none-eabi-size   Uni_Box_LSM.elf 
arm-none-eabi-objdump -h -S  Uni_Box_LSM.elf  > "Uni_Box_LSM.list"
   text	   data	    bss	    dec	    hex	filename
  12396	    124	   1692	  14212	   3784	Uni_Box_LSM.elf
Finished building: default.size.stdout
 
Finished building: Uni_Box_LSM.list
 
16:16:45 **** Incremental Build of configuration Debug for project Uni_Box_LSM ****
make -j4 all 
arm-none-eabi-gcc "../Drivers/STM32F4xx_HAL_Driver/Src/stm32f4xx_hal.c" -mcpu=cortex-m4 -std=gnu11 -g3 -DDEBUG -DUSE_HAL_DRIVER -DSTM32F411xE -c -I../Core/Inc -I../Drivers/STM32F4xx_HAL_Driver/Inc -I../Drivers/STM32F4xx_HAL_Driver/Inc/Legacy -I../Drivers/CMSIS/Device/ST/STM32F4xx/Include -I../Drivers/CMSIS/Include -I"/home/shammman/Dokumenty/STM32_CubeIDE/Learning/Uni_Box_LSM/Drivers/LCD4x20" -I"/home/shammman/Dokumenty/STM32_CubeIDE/Learning/Uni_Box_LSM/Drivers/KeyPad" -O0 -ffunction-sections -fdata-sections -Wall -fstack-usage -MMD -MP -MF"Drivers/STM32F4xx_HAL_Driver/Src/stm32f4xx_hal.d" -MT"Drivers/STM32F4xx_HAL_Driver/Src/stm32f4xx_hal.o" --specs=nano.specs -mfpu=fpv4-sp-d16 -mfloat-abi=hard -mthumb -o "Drivers/STM32F4xx_HAL_Driver/Src/stm32f4xx_hal.o"
arm-none-eabi-gcc "../Drivers/STM32F4xx_HAL_Driver/Src/stm32f4xx_hal_cortex.c" -mcpu=cortex-m4 -std=gnu11 -g3 -DDEBUG -DUSE_HAL_DRIVER -DSTM32F411xE -c -I../Core/Inc -I../Drivers/STM32F4xx_HAL_Driver/Inc -I../Drivers/STM32F4xx_HAL_Driver/Inc/Legacy -I../Drivers/CMSIS/Device/ST/STM32F4xx/Include -I../Drivers/CMSIS/Include -I"/home/shammman/Dokumenty/STM32_CubeIDE/Learning/Uni_Box_LSM/Drivers/LCD4x20" -I"/home/shammman/Dokumenty/STM32_CubeIDE/Learning/Uni_Box_LSM/Drivers/KeyPad" -O0 -ffunction-sections -fdata-sections -Wall -fstack-usage -MMD -MP -MF"Drivers/STM32F4xx_HAL_Driver/Src/stm32f4xx_hal_cortex.d" -MT"Drivers/STM32F4xx_HAL_Driver/Src/stm32f4xx_hal_cortex.o" --specs=nano.specs -mfpu=fpv4-sp-d16 -mfloat-abi=hard -mthumb -o "Drivers/STM32F4xx_HAL_Driver/Src/stm32f4xx_hal_cortex.o"
arm-none-eabi-gcc "../Drivers/STM32F4xx_HAL_Driver/Src/stm32f4xx_hal_dma.c" -mcpu=cortex-m4 -std=gnu11 -g3 -DDEBUG -DUSE_HAL_DRIVER -DSTM32F411xE -c -I../Core/Inc -I../Drivers/STM32F4xx_HAL_Driver/Inc -I../Drivers/STM32F4xx_HAL_Driver/Inc/Legacy -I../Drivers/CMSIS/Device/ST/STM32F4xx/Include -I../Drivers/CMSIS/Include -I"/home/shammman/Dokumenty/STM32_CubeIDE/Learning/Uni_Box_LSM/Drivers/LCD4x20" -I"/home/shammman/Dokumenty/STM32_CubeIDE/Learning/Uni_Box_LSM/Drivers/KeyPad" -O0 -ffunction-sections -fdata-sections -Wall -fstack-usage -MMD -MP -MF"Drivers/STM32F4xx_HAL_Driver/Src/stm32f4xx_hal_dma.d" -MT"Drivers/STM32F4xx_HAL_Driver/Src/stm32f4xx_hal_dma.o" --specs=nano.specs -mfpu=fpv4-sp-d16 -mfloat-abi=hard -mthumb -o "Drivers/STM32F4xx_HAL_Driver/Src/stm32f4xx_hal_dma.o"
arm-none-eabi-gcc "../Drivers/STM32F4xx_HAL_Driver/Src/stm32f4xx_hal_dma_ex.c" -mcpu=cortex-m4 -std=gnu11 -g3 -DDEBUG -DUSE_HAL_DRIVER -DSTM32F411xE -c -I../Core/Inc -I../Drivers/STM32F4xx_HAL_Driver/Inc -I../Drivers/STM32F4xx_HAL_Driver/Inc/Legacy -I../Drivers/CMSIS/Device/ST/STM32F4xx/Include -I../Drivers/CMSIS/Include -I"/home/shammman/Dokumenty/STM32_CubeIDE/Learning/Uni_Box_LSM/Drivers/LCD4x20" -I"/home/shammman/Dokumenty/STM32_CubeIDE/Learning/Uni_Box_LSM/Drivers/KeyPad" -O0 -ffunction-sections -fdata-sections -Wall -fstack-usage -MMD -MP -MF"Drivers/STM32F4xx_HAL_Driver/Src/stm32f4xx_hal_dma_ex.d" -MT"Drivers/STM32F4xx_HAL_Driver/Src/stm32f4xx_hal_dma_ex.o" --specs=nano.specs -mfpu=fpv4-sp-d16 -mfloat-abi=hard -mthumb -o "Drivers/STM32F4xx_HAL_Driver/Src/stm32f4xx_hal_dma_ex.o"
arm-none-eabi-gcc "../Drivers/STM32F4xx_HAL_Driver/Src/stm32f4xx_hal_exti.c" -mcpu=cortex-m4 -std=gnu11 -g3 -DDEBUG -DUSE_HAL_DRIVER -DSTM32F411xE -c -I../Core/Inc -I../Drivers/STM32F4xx_HAL_Driver/Inc -I../Drivers/STM32F4xx_HAL_Driver/Inc/Legacy -I../Drivers/CMSIS/Device/ST/STM32F4xx/Include -I../Drivers/CMSIS/Include -I"/home/shammman/Dokumenty/STM32_CubeIDE/Learning/Uni_Box_LSM/Drivers/LCD4x20" -I"/home/shammman/Dokumenty/STM32_CubeIDE/Learning/Uni_Box_LSM/Drivers/KeyPad" -O0 -ffunction-sections -fdata-sections -Wall -fstack-usage -MMD -MP -MF"Drivers/STM32F4xx_HAL_Driver/Src/stm32f4xx_hal_exti.d" -MT"Drivers/STM32F4xx_HAL_Driver/Src/stm32f4xx_hal_exti.o" --specs=nano.specs -mfpu=fpv4-sp-d16 -mfloat-abi=hard -mthumb -o "Drivers/STM32F4xx_HAL_Driver/Src/stm32f4xx_hal_exti.o"
arm-none-eabi-gcc "../Drivers/STM32F4xx_HAL_Driver/Src/stm32f4xx_hal_flash.c" -mcpu=cortex-m4 -std=gnu11 -g3 -DDEBUG -DUSE_HAL_DRIVER -DSTM32F411xE -c -I../Core/Inc -I../Drivers/STM32F4xx_HAL_Driver/Inc -I../Drivers/STM32F4xx_HAL_Driver/Inc/Legacy -I../Drivers/CMSIS/Device/ST/STM32F4xx/Include -I../Drivers/CMSIS/Include -I"/home/shammman/Dokumenty/STM32_CubeIDE/Learning/Uni_Box_LSM/Drivers/LCD4x20" -I"/home/shammman/Dokumenty/STM32_CubeIDE/Learning/Uni_Box_LSM/Drivers/KeyPad" -O0 -ffunction-sections -fdata-sections -Wall -fstack-usage -MMD -MP -MF"Drivers/STM32F4xx_HAL_Driver/Src/stm32f4xx_hal_flash.d" -MT"Drivers/STM32F4xx_HAL_Driver/Src/stm32f4xx_hal_flash.o" --specs=nano.specs -mfpu=fpv4-sp-d16 -mfloat-abi=hard -mthumb -o "Drivers/STM32F4xx_HAL_Driver/Src/stm32f4xx_hal_flash.o"
arm-none-eabi-gcc "../Drivers/STM32F4xx_HAL_Driver/Src/stm32f4xx_hal_flash_ex.c" -mcpu=cortex-m4 -std=gnu11 -g3 -DDEBUG -DUSE_HAL_DRIVER -DSTM32F411xE -c -I../Core/Inc -I../Drivers/STM32F4xx_HAL_Driver/Inc -I../Drivers/STM32F4xx_HAL_Driver/Inc/Legacy -I../Drivers/CMSIS/Device/ST/STM32F4xx/Include -I../Drivers/CMSIS/Include -I"/home/shammman/Dokumenty/STM32_CubeIDE/Learning/Uni_Box_LSM/Drivers/LCD4x20" -I"/home/shammman/Dokumenty/STM32_CubeIDE/Learning/Uni_Box_LSM/Drivers/KeyPad" -O0 -ffunction-sections -fdata-sections -Wall -fstack-usage -MMD -MP -MF"Drivers/STM32F4xx_HAL_Driver/Src/stm32f4xx_hal_flash_ex.d" -MT"Drivers/STM32F4xx_HAL_Driver/Src/stm32f4xx_hal_flash_ex.o" --specs=nano.specs -mfpu=fpv4-sp-d16 -mfloat-abi=hard -mthumb -o "Drivers/STM32F4xx_HAL_Driver/Src/stm32f4xx_hal_flash_ex.o"
arm-none-eabi-gcc "../Drivers/STM32F4xx_HAL_Driver/Src/stm32f4xx_hal_flash_ramfunc.c" -mcpu=cortex-m4 -std=gnu11 -g3 -DDEBUG -DUSE_HAL_DRIVER -DSTM32F411xE -c -I../Core/Inc -I../Drivers/STM32F4xx_HAL_Driver/Inc -I../Drivers/STM32F4xx_HAL_Driver/Inc/Legacy -I../Drivers/CMSIS/Device/ST/STM32F4xx/Include -I../Drivers/CMSIS/Include -I"/home/shammman/Dokumenty/STM32_CubeIDE/Learning/Uni_Box_LSM/Drivers/LCD4x20" -I"/home/shammman/Dokumenty/STM32_CubeIDE/Learning/Uni_Box_LSM/Drivers/KeyPad" -O0 -ffunction-sections -fdata-sections -Wall -fstack-usage -MMD -MP -MF"Drivers/STM32F4xx_HAL_Driver/Src/stm32f4xx_hal_flash_ramfunc.d" -MT"Drivers/STM32F4xx_HAL_Driver/Src/stm32f4xx_hal_flash_ramfunc.o" --specs=nano.specs -mfpu=fpv4-sp-d16 -mfloat-abi=hard -mthumb -o "Drivers/STM32F4xx_HAL_Driver/Src/stm32f4xx_hal_flash_ramfunc.o"
arm-none-eabi-gcc "../Drivers/STM32F4xx_HAL_Driver/Src/stm32f4xx_hal_gpio.c" -mcpu=cortex-m4 -std=gnu11 -g3 -DDEBUG -DUSE_HAL_DRIVER -DSTM32F411xE -c -I../Core/Inc -I../Drivers/STM32F4xx_HAL_Driver/Inc -I../Drivers/STM32F4xx_HAL_Driver/Inc/Legacy -I../Drivers/CMSIS/Device/ST/STM32F4xx/Include -I../Drivers/CMSIS/Include -I"/home/shammman/Dokumenty/STM32_CubeIDE/Learning/Uni_Box_LSM/Drivers/LCD4x20" -I"/home/shammman/Dokumenty/STM32_CubeIDE/Learning/Uni_Box_LSM/Drivers/KeyPad" -O0 -ffunction-sections -fdata-sections -Wall -fstack-usage -MMD -MP -MF"Drivers/STM32F4xx_HAL_Driver/Src/stm32f4xx_hal_gpio.d" -MT"Drivers/STM32F4xx_HAL_Driver/Src/stm32f4xx_hal_gpio.o" --specs=nano.specs -mfpu=fpv4-sp-d16 -mfloat-abi=hard -mthumb -o "Drivers/STM32F4xx_HAL_Driver/Src/stm32f4xx_hal_gpio.o"
arm-none-eabi-gcc "../Drivers/STM32F4xx_HAL_Driver/Src/stm32f4xx_hal_i2c.c" -mcpu=cortex-m4 -std=gnu11 -g3 -DDEBUG -DUSE_HAL_DRIVER -DSTM32F411xE -c -I../Core/Inc -I../Drivers/STM32F4xx_HAL_Driver/Inc -I../Drivers/STM32F4xx_HAL_Driver/Inc/Legacy -I../Drivers/CMSIS/Device/ST/STM32F4xx/Include -I../Drivers/CMSIS/Include -I"/home/shammman/Dokumenty/STM32_CubeIDE/Learning/Uni_Box_LSM/Drivers/LCD4x20" -I"/home/shammman/Dokumenty/STM32_CubeIDE/Learning/Uni_Box_LSM/Drivers/KeyPad" -O0 -ffunction-sections -fdata-sections -Wall -fstack-usage -MMD -MP -MF"Drivers/STM32F4xx_HAL_Driver/Src/stm32f4xx_hal_i2c.d" -MT"Drivers/STM32F4xx_HAL_Driver/Src/stm32f4xx_hal_i2c.o" --specs=nano.specs -mfpu=fpv4-sp-d16 -mfloat-abi=hard -mthumb -o "Drivers/STM32F4xx_HAL_Driver/Src/stm32f4xx_hal_i2c.o"
arm-none-eabi-gcc "../Drivers/STM32F4xx_HAL_Driver/Src/stm32f4xx_hal_i2c_ex.c" -mcpu=cortex-m4 -std=gnu11 -g3 -DDEBUG -DUSE_HAL_DRIVER -DSTM32F411xE -c -I../Core/Inc -I../Drivers/STM32F4xx_HAL_Driver/Inc -I../Drivers/STM32F4xx_HAL_Driver/Inc/Legacy -I../Drivers/CMSIS/Device/ST/STM32F4xx/Include -I../Drivers/CMSIS/Include -I"/home/shammman/Dokumenty/STM32_CubeIDE/Learning/Uni_Box_LSM/Drivers/LCD4x20" -I"/home/shammman/Dokumenty/STM32_CubeIDE/Learning/Uni_Box_LSM/Drivers/KeyPad" -O0 -ffunction-sections -fdata-sections -Wall -fstack-usage -MMD -MP -MF"Drivers/STM32F4xx_HAL_Driver/Src/stm32f4xx_hal_i2c_ex.d" -MT"Drivers/STM32F4xx_HAL_Driver/Src/stm32f4xx_hal_i2c_ex.o" --specs=nano.specs -mfpu=fpv4-sp-d16 -mfloat-abi=hard -mthumb -o "Drivers/STM32F4xx_HAL_Driver/Src/stm32f4xx_hal_i2c_ex.o"
arm-none-eabi-gcc "../Drivers/STM32F4xx_HAL_Driver/Src/stm32f4xx_hal_pwr.c" -mcpu=cortex-m4 -std=gnu11 -g3 -DDEBUG -DUSE_HAL_DRIVER -DSTM32F411xE -c -I../Core/Inc -I../Drivers/STM32F4xx_HAL_Driver/Inc -I../Drivers/STM32F4xx_HAL_Driver/Inc/Legacy -I../Drivers/CMSIS/Device/ST/STM32F4xx/Include -I../Drivers/CMSIS/Include -I"/home/shammman/Dokumenty/STM32_CubeIDE/Learning/Uni_Box_LSM/Drivers/LCD4x20" -I"/home/shammman/Dokumenty/STM32_CubeIDE/Learning/Uni_Box_LSM/Drivers/KeyPad" -O0 -ffunction-sections -fdata-sections -Wall -fstack-usage -MMD -MP -MF"Drivers/STM32F4xx_HAL_Driver/Src/stm32f4xx_hal_pwr.d" -MT"Drivers/STM32F4xx_HAL_Driver/Src/stm32f4xx_hal_pwr.o" --specs=nano.specs -mfpu=fpv4-sp-d16 -mfloat-abi=hard -mthumb -o "Drivers/STM32F4xx_HAL_Driver/Src/stm32f4xx_hal_pwr.o"
arm-none-eabi-gcc "../Drivers/STM32F4xx_HAL_Driver/Src/stm32f4xx_hal_pwr_ex.c" -mcpu=cortex-m4 -std=gnu11 -g3 -DDEBUG -DUSE_HAL_DRIVER -DSTM32F411xE -c -I../Core/Inc -I../Drivers/STM32F4xx_HAL_Driver/Inc -I../Drivers/STM32F4xx_HAL_Driver/Inc/Legacy -I../Drivers/CMSIS/Device/ST/STM32F4xx/Include -I../Drivers/CMSIS/Include -I"/home/shammman/Dokumenty/STM32_CubeIDE/Learning/Uni_Box_LSM/Drivers/LCD4x20" -I"/home/shammman/Dokumenty/STM32_CubeIDE/Learning/Uni_Box_LSM/Drivers/KeyPad" -O0 -ffunction-sections -fdata-sections -Wall -fstack-usage -MMD -MP -MF"Drivers/STM32F4xx_HAL_Driver/Src/stm32f4xx_hal_pwr_ex.d" -MT"Drivers/STM32F4xx_HAL_Driver/Src/stm32f4xx_hal_pwr_ex.o" --specs=nano.specs -mfpu=fpv4-sp-d16 -mfloat-abi=hard -mthumb -o "Drivers/STM32F4xx_HAL_Driver/Src/stm32f4xx_hal_pwr_ex.o"
arm-none-eabi-gcc "../Drivers/STM32F4xx_HAL_Driver/Src/stm32f4xx_hal_rcc.c" -mcpu=cortex-m4 -std=gnu11 -g3 -DDEBUG -DUSE_HAL_DRIVER -DSTM32F411xE -c -I../Core/Inc -I../Drivers/STM32F4xx_HAL_Driver/Inc -I../Drivers/STM32F4xx_HAL_Driver/Inc/Legacy -I../Drivers/CMSIS/Device/ST/STM32F4xx/Include -I../Drivers/CMSIS/Include -I"/home/shammman/Dokumenty/STM32_CubeIDE/Learning/Uni_Box_LSM/Drivers/LCD4x20" -I"/home/shammman/Dokumenty/STM32_CubeIDE/Learning/Uni_Box_LSM/Drivers/KeyPad" -O0 -ffunction-sections -fdata-sections -Wall -fstack-usage -MMD -MP -MF"Drivers/STM32F4xx_HAL_Driver/Src/stm32f4xx_hal_rcc.d" -MT"Drivers/STM32F4xx_HAL_Driver/Src/stm32f4xx_hal_rcc.o" --specs=nano.specs -mfpu=fpv4-sp-d16 -mfloat-abi=hard -mthumb -o "Drivers/STM32F4xx_HAL_Driver/Src/stm32f4xx_hal_rcc.o"
arm-none-eabi-gcc "../Drivers/STM32F4xx_HAL_Driver/Src/stm32f4xx_hal_rcc_ex.c" -mcpu=cortex-m4 -std=gnu11 -g3 -DDEBUG -DUSE_HAL_DRIVER -DSTM32F411xE -c -I../Core/Inc -I../Drivers/STM32F4xx_HAL_Driver/Inc -I../Drivers/STM32F4xx_HAL_Driver/Inc/Legacy -I../Drivers/CMSIS/Device/ST/STM32F4xx/Include -I../Drivers/CMSIS/Include -I"/home/shammman/Dokumenty/STM32_CubeIDE/Learning/Uni_Box_LSM/Drivers/LCD4x20" -I"/home/shammman/Dokumenty/STM32_CubeIDE/Learning/Uni_Box_LSM/Drivers/KeyPad" -O0 -ffunction-sections -fdata-sections -Wall -fstack-usage -MMD -MP -MF"Drivers/STM32F4xx_HAL_Driver/Src/stm32f4xx_hal_rcc_ex.d" -MT"Drivers/STM32F4xx_HAL_Driver/Src/stm32f4xx_hal_rcc_ex.o" --specs=nano.specs -mfpu=fpv4-sp-d16 -mfloat-abi=hard -mthumb -o "Drivers/STM32F4xx_HAL_Driver/Src/stm32f4xx_hal_rcc_ex.o"
arm-none-eabi-gcc "../Drivers/STM32F4xx_HAL_Driver/Src/stm32f4xx_hal_tim.c" -mcpu=cortex-m4 -std=gnu11 -g3 -DDEBUG -DUSE_HAL_DRIVER -DSTM32F411xE -c -I../Core/Inc -I../Drivers/STM32F4xx_HAL_Driver/Inc -I../Drivers/STM32F4xx_HAL_Driver/Inc/Legacy -I../Drivers/CMSIS/Device/ST/STM32F4xx/Include -I../Drivers/CMSIS/Include -I"/home/shammman/Dokumenty/STM32_CubeIDE/Learning/Uni_Box_LSM/Drivers/LCD4x20" -I"/home/shammman/Dokumenty/STM32_CubeIDE/Learning/Uni_Box_LSM/Drivers/KeyPad" -O0 -ffunction-sections -fdata-sections -Wall -fstack-usage -MMD -MP -MF"Drivers/STM32F4xx_HAL_Driver/Src/stm32f4xx_hal_tim.d" -MT"Drivers/STM32F4xx_HAL_Driver/Src/stm32f4xx_hal_tim.o" --specs=nano.specs -mfpu=fpv4-sp-d16 -mfloat-abi=hard -mthumb -o "Drivers/STM32F4xx_HAL_Driver/Src/stm32f4xx_hal_tim.o"
arm-none-eabi-gcc "../Drivers/STM32F4xx_HAL_Driver/Src/stm32f4xx_hal_tim_ex.c" -mcpu=cortex-m4 -std=gnu11 -g3 -DDEBUG -DUSE_HAL_DRIVER -DSTM32F411xE -c -I../Core/Inc -I../Drivers/STM32F4xx_HAL_Driver/Inc -I../Drivers/STM32F4xx_HAL_Driver/Inc/Legacy -I../Drivers/CMSIS/Device/ST/STM32F4xx/Include -I../Drivers/CMSIS/Include -I"/home/shammman/Dokumenty/STM32_CubeIDE/Learning/Uni_Box_LSM/Drivers/LCD4x20" -I"/home/shammman/Dokumenty/STM32_CubeIDE/Learning/Uni_Box_LSM/Drivers/KeyPad" -O0 -ffunction-sections -fdata-sections -Wall -fstack-usage -MMD -MP -MF"Drivers/STM32F4xx_HAL_Driver/Src/stm32f4xx_hal_tim_ex.d" -MT"Drivers/STM32F4xx_HAL_Driver/Src/stm32f4xx_hal_tim_ex.o" --specs=nano.specs -mfpu=fpv4-sp-d16 -mfloat-abi=hard -mthumb -o "Drivers/STM32F4xx_HAL_Driver/Src/stm32f4xx_hal_tim_ex.o"
arm-none-eabi-gcc "../Drivers/LCD4x20/i2c-lcd.c" -mcpu=cortex-m4 -std=gnu11 -g3 -DDEBUG -DUSE_HAL_DRIVER -DSTM32F411xE -c -I../Core/Inc -I../Drivers/STM32F4xx_HAL_Driver/Inc -I../Drivers/STM32F4xx_HAL_Driver/Inc/Legacy -I../Drivers/CMSIS/Device/ST/STM32F4xx/Include -I../Drivers/CMSIS/Include -I"/home/shammman/Dokumenty/STM32_CubeIDE/Learning/Uni_Box_LSM/Drivers/LCD4x20" -I"/home/shammman/Dokumenty/STM32_CubeIDE/Learning/Uni_Box_LSM/Drivers/KeyPad" -O0 -ffunction-sections -fdata-sections -Wall -fstack-usage -MMD -MP -MF"Drivers/LCD4x20/i2c-lcd.d" -MT"Drivers/LCD4x20/i2c-lcd.o" --specs=nano.specs -mfpu=fpv4-sp-d16 -mfloat-abi=hard -mthumb -o "Drivers/LCD4x20/i2c-lcd.o"
arm-none-eabi-gcc "../Drivers/KeyPad/hey.c" -mcpu=cortex-m4 -std=gnu11 -g3 -DDEBUG -DUSE_HAL_DRIVER -DSTM32F411xE -c -I../Core/Inc -I../Drivers/STM32F4xx_HAL_Driver/Inc -I../Drivers/STM32F4xx_HAL_Driver/Inc/Legacy -I../Drivers/CMSIS/Device/ST/STM32F4xx/Include -I../Drivers/CMSIS/Include -I"/home/shammman/Dokumenty/STM32_CubeIDE/Learning/Uni_Box_LSM/Drivers/LCD4x20" -I"/home/shammman/Dokumenty/STM32_CubeIDE/Learning/Uni_Box_LSM/Drivers/KeyPad" -O0 -ffunction-sections -fdata-sections -Wall -fstack-usage -MMD -MP -MF"Drivers/KeyPad/hey.d" -MT"Drivers/KeyPad/hey.o" --specs=nano.specs -mfpu=fpv4-sp-d16 -mfloat-abi=hard -mthumb -o "Drivers/KeyPad/hey.o"
arm-none-eabi-gcc "../Core/Src/main.c" -mcpu=cortex-m4 -std=gnu11 -g3 -DDEBUG -DUSE_HAL_DRIVER -DSTM32F411xE -c -I../Core/Inc -I../Drivers/STM32F4xx_HAL_Driver/Inc -I../Drivers/STM32F4xx_HAL_Driver/Inc/Legacy -I../Drivers/CMSIS/Device/ST/STM32F4xx/Include -I../Drivers/CMSIS/Include -I"/home/shammman/Dokumenty/STM32_CubeIDE/Learning/Uni_Box_LSM/Drivers/LCD4x20" -I"/home/shammman/Dokumenty/STM32_CubeIDE/Learning/Uni_Box_LSM/Drivers/KeyPad" -O0 -ffunction-sections -fdata-sections -Wall -fstack-usage -MMD -MP -MF"Core/Src/main.d" -MT"Core/Src/main.o" --specs=nano.specs -mfpu=fpv4-sp-d16 -mfloat-abi=hard -mthumb -o "Core/Src/main.o"
../Drivers/KeyPad/hey.c: In function 'Key_Read':
../Drivers/KeyPad/hey.c:20:3: warning: implicit declaration of function 'sprintf' [-Wimplicit-function-declaration]
   20 |   sprintf(text, "var= %d",i);
      |   ^~~~~~~
../Drivers/KeyPad/hey.c:20:3: warning: incompatible implicit declaration of built-in function 'sprintf'
../Drivers/KeyPad/hey.c:10:1: note: include '<stdio.h>' or provide a declaration of 'sprintf'
    9 | #include "main.h"
  +++ |+#include <stdio.h>
   10 | 
../Drivers/KeyPad/hey.c:28:5: warning: implicit declaration of function 'lcd_clear' [-Wimplicit-function-declaration]
   28 |     lcd_clear();
      |     ^~~~~~~~~
../Drivers/KeyPad/hey.c:29:5: warning: implicit declaration of function 'lcd_line_1' [-Wimplicit-function-declaration]
   29 |     lcd_line_1("Lewo");
      |     ^~~~~~~~~~
../Drivers/KeyPad/hey.c:42:5: warning: implicit declaration of function 'lcd_line_2' [-Wimplicit-function-declaration]
   42 |     lcd_line_2("Wartosc i : ");
      |     ^~~~~~~~~~
../Drivers/KeyPad/hey.c:43:5: warning: implicit declaration of function 'lcd_line_3' [-Wimplicit-function-declaration]
   43 |     lcd_line_3(text);
      |     ^~~~~~~~~~
arm-none-eabi-gcc "../Core/Src/stm32f4xx_hal_msp.c" -mcpu=cortex-m4 -std=gnu11 -g3 -DDEBUG -DUSE_HAL_DRIVER -DSTM32F411xE -c -I../Core/Inc -I../Drivers/STM32F4xx_HAL_Driver/Inc -I../Drivers/STM32F4xx_HAL_Driver/Inc/Legacy -I../Drivers/CMSIS/Device/ST/STM32F4xx/Include -I../Drivers/CMSIS/Include -I"/home/shammman/Dokumenty/STM32_CubeIDE/Learning/Uni_Box_LSM/Drivers/LCD4x20" -I"/home/shammman/Dokumenty/STM32_CubeIDE/Learning/Uni_Box_LSM/Drivers/KeyPad" -O0 -ffunction-sections -fdata-sections -Wall -fstack-usage -MMD -MP -MF"Core/Src/stm32f4xx_hal_msp.d" -MT"Core/Src/stm32f4xx_hal_msp.o" --specs=nano.specs -mfpu=fpv4-sp-d16 -mfloat-abi=hard -mthumb -o "Core/Src/stm32f4xx_hal_msp.o"
arm-none-eabi-gcc "../Core/Src/stm32f4xx_it.c" -mcpu=cortex-m4 -std=gnu11 -g3 -DDEBUG -DUSE_HAL_DRIVER -DSTM32F411xE -c -I../Core/Inc -I../Drivers/STM32F4xx_HAL_Driver/Inc -I../Drivers/STM32F4xx_HAL_Driver/Inc/Legacy -I../Drivers/CMSIS/Device/ST/STM32F4xx/Include -I../Drivers/CMSIS/Include -I"/home/shammman/Dokumenty/STM32_CubeIDE/Learning/Uni_Box_LSM/Drivers/LCD4x20" -I"/home/shammman/Dokumenty/STM32_CubeIDE/Learning/Uni_Box_LSM/Drivers/KeyPad" -O0 -ffunction-sections -fdata-sections -Wall -fstack-usage -MMD -MP -MF"Core/Src/stm32f4xx_it.d" -MT"Core/Src/stm32f4xx_it.o" --specs=nano.specs -mfpu=fpv4-sp-d16 -mfloat-abi=hard -mthumb -o "Core/Src/stm32f4xx_it.o"
arm-none-eabi-gcc -o "Uni_Box_LSM.elf" @"objects.list"   -mcpu=cortex-m4 -T"/home/shammman/Dokumenty/STM32_CubeIDE/Learning/Uni_Box_LSM/STM32F411VETX_FLASH.ld" --specs=nosys.specs -Wl,-Map="Uni_Box_LSM.map" -Wl,--gc-sections -static --specs=nano.specs -mfpu=fpv4-sp-d16 -mfloat-abi=hard -mthumb -Wl,--start-group -lc -lm -Wl,--end-group
Finished building target: Uni_Box_LSM.elf
 
arm-none-eabi-size   Uni_Box_LSM.elf 
arm-none-eabi-objdump -h -S  Uni_Box_LSM.elf  > "Uni_Box_LSM.list"
   text	   data	    bss	    dec	    hex	filename
  13192	    124	   1692	  15008	   3aa0	Uni_Box_LSM.elf
Finished building: default.size.stdout
 
Finished building: Uni_Box_LSM.list
 
16:17:05 **** Incremental Build of configuration Debug for project Uni_Box_LSM ****
make -j4 all 
arm-none-eabi-gcc "../Core/Src/main.c" -mcpu=cortex-m4 -std=gnu11 -g3 -DDEBUG -DUSE_HAL_DRIVER -DSTM32F411xE -c -I../Core/Inc -I../Drivers/STM32F4xx_HAL_Driver/Inc -I../Drivers/STM32F4xx_HAL_Driver/Inc/Legacy -I../Drivers/CMSIS/Device/ST/STM32F4xx/Include -I../Drivers/CMSIS/Include -I"/home/shammman/Dokumenty/STM32_CubeIDE/Learning/Uni_Box_LSM/Drivers/LCD4x20" -I"/home/shammman/Dokumenty/STM32_CubeIDE/Learning/Uni_Box_LSM/Drivers/KeyPad" -O0 -ffunction-sections -fdata-sections -Wall -fstack-usage -MMD -MP -MF"Core/Src/main.d" -MT"Core/Src/main.o" --specs=nano.specs -mfpu=fpv4-sp-d16 -mfloat-abi=hard -mthumb -o "Core/Src/main.o"
arm-none-eabi-gcc -o "Uni_Box_LSM.elf" @"objects.list"   -mcpu=cortex-m4 -T"/home/shammman/Dokumenty/STM32_CubeIDE/Learning/Uni_Box_LSM/STM32F411VETX_FLASH.ld" --specs=nosys.specs -Wl,-Map="Uni_Box_LSM.map" -Wl,--gc-sections -static --specs=nano.specs -mfpu=fpv4-sp-d16 -mfloat-abi=hard -mthumb -Wl,--start-group -lc -lm -Wl,--end-group
Finished building target: Uni_Box_LSM.elf
 
arm-none-eabi-size   Uni_Box_LSM.elf 
arm-none-eabi-objdump -h -S  Uni_Box_LSM.elf  > "Uni_Box_LSM.list"
   text	   data	    bss	    dec	    hex	filename
  13192	    124	   1692	  15008	   3aa0	Uni_Box_LSM.elf
Finished building: default.size.stdout
 
Finished building: Uni_Box_LSM.list
 
16:20:35 **** Incremental Build of configuration Debug for project Uni_Box_LSM ****
make -j4 all 
arm-none-eabi-gcc "../Core/Src/main.c" -mcpu=cortex-m4 -std=gnu11 -g3 -DDEBUG -DUSE_HAL_DRIVER -DSTM32F411xE -c -I../Core/Inc -I../Drivers/STM32F4xx_HAL_Driver/Inc -I../Drivers/STM32F4xx_HAL_Driver/Inc/Legacy -I../Drivers/CMSIS/Device/ST/STM32F4xx/Include -I../Drivers/CMSIS/Include -I"/home/shammman/Dokumenty/STM32_CubeIDE/Learning/Uni_Box_LSM/Drivers/LCD4x20" -I"/home/shammman/Dokumenty/STM32_CubeIDE/Learning/Uni_Box_LSM/Drivers/KeyPad" -O0 -ffunction-sections -fdata-sections -Wall -fstack-usage -MMD -MP -MF"Core/Src/main.d" -MT"Core/Src/main.o" --specs=nano.specs -mfpu=fpv4-sp-d16 -mfloat-abi=hard -mthumb -o "Core/Src/main.o"
arm-none-eabi-gcc -o "Uni_Box_LSM.elf" @"objects.list"   -mcpu=cortex-m4 -T"/home/shammman/Dokumenty/STM32_CubeIDE/Learning/Uni_Box_LSM/STM32F411VETX_FLASH.ld" --specs=nosys.specs -Wl,-Map="Uni_Box_LSM.map" -Wl,--gc-sections -static --specs=nano.specs -mfpu=fpv4-sp-d16 -mfloat-abi=hard -mthumb -Wl,--start-group -lc -lm -Wl,--end-group
Finished building target: Uni_Box_LSM.elf
 
arm-none-eabi-size   Uni_Box_LSM.elf 
arm-none-eabi-objdump -h -S  Uni_Box_LSM.elf  > "Uni_Box_LSM.list"
   text	   data	    bss	    dec	    hex	filename
  13020	    124	   1692	  14836	   39f4	Uni_Box_LSM.elf
Finished building: default.size.stdout
 
Finished building: Uni_Box_LSM.list
 
16:21:57 **** Incremental Build of configuration Debug for project Uni_Box_LSM ****
make -j4 all 
arm-none-eabi-gcc "../Core/Src/main.c" -mcpu=cortex-m4 -std=gnu11 -g3 -DDEBUG -DUSE_HAL_DRIVER -DSTM32F411xE -c -I../Core/Inc -I../Drivers/STM32F4xx_HAL_Driver/Inc -I../Drivers/STM32F4xx_HAL_Driver/Inc/Legacy -I../Drivers/CMSIS/Device/ST/STM32F4xx/Include -I../Drivers/CMSIS/Include -I"/home/shammman/Dokumenty/STM32_CubeIDE/Learning/Uni_Box_LSM/Drivers/LCD4x20" -I"/home/shammman/Dokumenty/STM32_CubeIDE/Learning/Uni_Box_LSM/Drivers/KeyPad" -O0 -ffunction-sections -fdata-sections -Wall -fstack-usage -MMD -MP -MF"Core/Src/main.d" -MT"Core/Src/main.o" --specs=nano.specs -mfpu=fpv4-sp-d16 -mfloat-abi=hard -mthumb -o "Core/Src/main.o"
arm-none-eabi-gcc -o "Uni_Box_LSM.elf" @"objects.list"   -mcpu=cortex-m4 -T"/home/shammman/Dokumenty/STM32_CubeIDE/Learning/Uni_Box_LSM/STM32F411VETX_FLASH.ld" --specs=nosys.specs -Wl,-Map="Uni_Box_LSM.map" -Wl,--gc-sections -static --specs=nano.specs -mfpu=fpv4-sp-d16 -mfloat-abi=hard -mthumb -Wl,--start-group -lc -lm -Wl,--end-group
Finished building target: Uni_Box_LSM.elf
 
arm-none-eabi-size   Uni_Box_LSM.elf 
arm-none-eabi-objdump -h -S  Uni_Box_LSM.elf  > "Uni_Box_LSM.list"
   text	   data	    bss	    dec	    hex	filename
  12540	    124	   1692	  14356	   3814	Uni_Box_LSM.elf
Finished building: default.size.stdout
 
Finished building: Uni_Box_LSM.list
 
16:22:23 **** Incremental Build of configuration Debug for project Uni_Box_LSM ****
make -j4 all 
arm-none-eabi-gcc "../Core/Src/main.c" -mcpu=cortex-m4 -std=gnu11 -g3 -DDEBUG -DUSE_HAL_DRIVER -DSTM32F411xE -c -I../Core/Inc -I../Drivers/STM32F4xx_HAL_Driver/Inc -I../Drivers/STM32F4xx_HAL_Driver/Inc/Legacy -I../Drivers/CMSIS/Device/ST/STM32F4xx/Include -I../Drivers/CMSIS/Include -I"/home/shammman/Dokumenty/STM32_CubeIDE/Learning/Uni_Box_LSM/Drivers/LCD4x20" -I"/home/shammman/Dokumenty/STM32_CubeIDE/Learning/Uni_Box_LSM/Drivers/KeyPad" -O0 -ffunction-sections -fdata-sections -Wall -fstack-usage -MMD -MP -MF"Core/Src/main.d" -MT"Core/Src/main.o" --specs=nano.specs -mfpu=fpv4-sp-d16 -mfloat-abi=hard -mthumb -o "Core/Src/main.o"
arm-none-eabi-gcc -o "Uni_Box_LSM.elf" @"objects.list"   -mcpu=cortex-m4 -T"/home/shammman/Dokumenty/STM32_CubeIDE/Learning/Uni_Box_LSM/STM32F411VETX_FLASH.ld" --specs=nosys.specs -Wl,-Map="Uni_Box_LSM.map" -Wl,--gc-sections -static --specs=nano.specs -mfpu=fpv4-sp-d16 -mfloat-abi=hard -mthumb -Wl,--start-group -lc -lm -Wl,--end-group
Finished building target: Uni_Box_LSM.elf
 
arm-none-eabi-size   Uni_Box_LSM.elf 
arm-none-eabi-objdump -h -S  Uni_Box_LSM.elf  > "Uni_Box_LSM.list"
   text	   data	    bss	    dec	    hex	filename
  12540	    124	   1692	  14356	   3814	Uni_Box_LSM.elf
Finished building: default.size.stdout
 
Finished building: Uni_Box_LSM.list
 
16:22:32 **** Incremental Build of configuration Debug for project Uni_Box_LSM ****
make -j4 all 
arm-none-eabi-gcc "../Core/Src/main.c" -mcpu=cortex-m4 -std=gnu11 -g3 -DDEBUG -DUSE_HAL_DRIVER -DSTM32F411xE -c -I../Core/Inc -I../Drivers/STM32F4xx_HAL_Driver/Inc -I../Drivers/STM32F4xx_HAL_Driver/Inc/Legacy -I../Drivers/CMSIS/Device/ST/STM32F4xx/Include -I../Drivers/CMSIS/Include -I"/home/shammman/Dokumenty/STM32_CubeIDE/Learning/Uni_Box_LSM/Drivers/LCD4x20" -I"/home/shammman/Dokumenty/STM32_CubeIDE/Learning/Uni_Box_LSM/Drivers/KeyPad" -O0 -ffunction-sections -fdata-sections -Wall -fstack-usage -MMD -MP -MF"Core/Src/main.d" -MT"Core/Src/main.o" --specs=nano.specs -mfpu=fpv4-sp-d16 -mfloat-abi=hard -mthumb -o "Core/Src/main.o"
arm-none-eabi-gcc -o "Uni_Box_LSM.elf" @"objects.list"   -mcpu=cortex-m4 -T"/home/shammman/Dokumenty/STM32_CubeIDE/Learning/Uni_Box_LSM/STM32F411VETX_FLASH.ld" --specs=nosys.specs -Wl,-Map="Uni_Box_LSM.map" -Wl,--gc-sections -static --specs=nano.specs -mfpu=fpv4-sp-d16 -mfloat-abi=hard -mthumb -Wl,--start-group -lc -lm -Wl,--end-group
Finished building target: Uni_Box_LSM.elf
 
arm-none-eabi-size   Uni_Box_LSM.elf 
arm-none-eabi-objdump -h -S  Uni_Box_LSM.elf  > "Uni_Box_LSM.list"
   text	   data	    bss	    dec	    hex	filename
  12540	    124	   1692	  14356	   3814	Uni_Box_LSM.elf
Finished building: default.size.stdout
 
Finished building: Uni_Box_LSM.list
 
16:22:51 **** Incremental Build of configuration Debug for project Uni_Box_LSM ****
make -j4 all 
arm-none-eabi-gcc "../Core/Src/main.c" -mcpu=cortex-m4 -std=gnu11 -g3 -DDEBUG -DUSE_HAL_DRIVER -DSTM32F411xE -c -I../Core/Inc -I../Drivers/STM32F4xx_HAL_Driver/Inc -I../Drivers/STM32F4xx_HAL_Driver/Inc/Legacy -I../Drivers/CMSIS/Device/ST/STM32F4xx/Include -I../Drivers/CMSIS/Include -I"/home/shammman/Dokumenty/STM32_CubeIDE/Learning/Uni_Box_LSM/Drivers/LCD4x20" -I"/home/shammman/Dokumenty/STM32_CubeIDE/Learning/Uni_Box_LSM/Drivers/KeyPad" -O0 -ffunction-sections -fdata-sections -Wall -fstack-usage -MMD -MP -MF"Core/Src/main.d" -MT"Core/Src/main.o" --specs=nano.specs -mfpu=fpv4-sp-d16 -mfloat-abi=hard -mthumb -o "Core/Src/main.o"
arm-none-eabi-gcc -o "Uni_Box_LSM.elf" @"objects.list"   -mcpu=cortex-m4 -T"/home/shammman/Dokumenty/STM32_CubeIDE/Learning/Uni_Box_LSM/STM32F411VETX_FLASH.ld" --specs=nosys.specs -Wl,-Map="Uni_Box_LSM.map" -Wl,--gc-sections -static --specs=nano.specs -mfpu=fpv4-sp-d16 -mfloat-abi=hard -mthumb -Wl,--start-group -lc -lm -Wl,--end-group
Finished building target: Uni_Box_LSM.elf
 
arm-none-eabi-size   Uni_Box_LSM.elf 
arm-none-eabi-objdump -h -S  Uni_Box_LSM.elf  > "Uni_Box_LSM.list"
   text	   data	    bss	    dec	    hex	filename
  12540	    124	   1692	  14356	   3814	Uni_Box_LSM.elf
Finished building: default.size.stdout
 
Finished building: Uni_Box_LSM.list
 
16:23:24 **** Incremental Build of configuration Debug for project Uni_Box_LSM ****
make -j4 all 
arm-none-eabi-gcc "../Core/Src/main.c" -mcpu=cortex-m4 -std=gnu11 -g3 -DDEBUG -DUSE_HAL_DRIVER -DSTM32F411xE -c -I../Core/Inc -I../Drivers/STM32F4xx_HAL_Driver/Inc -I../Drivers/STM32F4xx_HAL_Driver/Inc/Legacy -I../Drivers/CMSIS/Device/ST/STM32F4xx/Include -I../Drivers/CMSIS/Include -I"/home/shammman/Dokumenty/STM32_CubeIDE/Learning/Uni_Box_LSM/Drivers/LCD4x20" -I"/home/shammman/Dokumenty/STM32_CubeIDE/Learning/Uni_Box_LSM/Drivers/KeyPad" -O0 -ffunction-sections -fdata-sections -Wall -fstack-usage -MMD -MP -MF"Core/Src/main.d" -MT"Core/Src/main.o" --specs=nano.specs -mfpu=fpv4-sp-d16 -mfloat-abi=hard -mthumb -o "Core/Src/main.o"
arm-none-eabi-gcc -o "Uni_Box_LSM.elf" @"objects.list"   -mcpu=cortex-m4 -T"/home/shammman/Dokumenty/STM32_CubeIDE/Learning/Uni_Box_LSM/STM32F411VETX_FLASH.ld" --specs=nosys.specs -Wl,-Map="Uni_Box_LSM.map" -Wl,--gc-sections -static --specs=nano.specs -mfpu=fpv4-sp-d16 -mfloat-abi=hard -mthumb -Wl,--start-group -lc -lm -Wl,--end-group
Finished building target: Uni_Box_LSM.elf
 
arm-none-eabi-size   Uni_Box_LSM.elf 
arm-none-eabi-objdump -h -S  Uni_Box_LSM.elf  > "Uni_Box_LSM.list"
   text	   data	    bss	    dec	    hex	filename
  12540	    124	   1692	  14356	   3814	Uni_Box_LSM.elf
Finished building: default.size.stdout
 
Finished building: Uni_Box_LSM.list
 
16:23:59 **** Incremental Build of configuration Debug for project Uni_Box_LSM ****
make -j4 all 
arm-none-eabi-gcc "../Core/Src/main.c" -mcpu=cortex-m4 -std=gnu11 -g3 -DDEBUG -DUSE_HAL_DRIVER -DSTM32F411xE -c -I../Core/Inc -I../Drivers/STM32F4xx_HAL_Driver/Inc -I../Drivers/STM32F4xx_HAL_Driver/Inc/Legacy -I../Drivers/CMSIS/Device/ST/STM32F4xx/Include -I../Drivers/CMSIS/Include -I"/home/shammman/Dokumenty/STM32_CubeIDE/Learning/Uni_Box_LSM/Drivers/LCD4x20" -I"/home/shammman/Dokumenty/STM32_CubeIDE/Learning/Uni_Box_LSM/Drivers/KeyPad" -O0 -ffunction-sections -fdata-sections -Wall -fstack-usage -MMD -MP -MF"Core/Src/main.d" -MT"Core/Src/main.o" --specs=nano.specs -mfpu=fpv4-sp-d16 -mfloat-abi=hard -mthumb -o "Core/Src/main.o"
arm-none-eabi-gcc -o "Uni_Box_LSM.elf" @"objects.list"   -mcpu=cortex-m4 -T"/home/shammman/Dokumenty/STM32_CubeIDE/Learning/Uni_Box_LSM/STM32F411VETX_FLASH.ld" --specs=nosys.specs -Wl,-Map="Uni_Box_LSM.map" -Wl,--gc-sections -static --specs=nano.specs -mfpu=fpv4-sp-d16 -mfloat-abi=hard -mthumb -Wl,--start-group -lc -lm -Wl,--end-group
Finished building target: Uni_Box_LSM.elf
 
arm-none-eabi-size   Uni_Box_LSM.elf 
arm-none-eabi-objdump -h -S  Uni_Box_LSM.elf  > "Uni_Box_LSM.list"
   text	   data	    bss	    dec	    hex	filename
  12540	    124	   1692	  14356	   3814	Uni_Box_LSM.elf
Finished building: default.size.stdout
 
Finished building: Uni_Box_LSM.list
 
16:24:20 **** Incremental Build of configuration Debug for project Uni_Box_LSM ****
make -j4 all 
arm-none-eabi-gcc "../Core/Src/main.c" -mcpu=cortex-m4 -std=gnu11 -g3 -DDEBUG -DUSE_HAL_DRIVER -DSTM32F411xE -c -I../Core/Inc -I../Drivers/STM32F4xx_HAL_Driver/Inc -I../Drivers/STM32F4xx_HAL_Driver/Inc/Legacy -I../Drivers/CMSIS/Device/ST/STM32F4xx/Include -I../Drivers/CMSIS/Include -I"/home/shammman/Dokumenty/STM32_CubeIDE/Learning/Uni_Box_LSM/Drivers/LCD4x20" -I"/home/shammman/Dokumenty/STM32_CubeIDE/Learning/Uni_Box_LSM/Drivers/KeyPad" -O0 -ffunction-sections -fdata-sections -Wall -fstack-usage -MMD -MP -MF"Core/Src/main.d" -MT"Core/Src/main.o" --specs=nano.specs -mfpu=fpv4-sp-d16 -mfloat-abi=hard -mthumb -o "Core/Src/main.o"
arm-none-eabi-gcc -o "Uni_Box_LSM.elf" @"objects.list"   -mcpu=cortex-m4 -T"/home/shammman/Dokumenty/STM32_CubeIDE/Learning/Uni_Box_LSM/STM32F411VETX_FLASH.ld" --specs=nosys.specs -Wl,-Map="Uni_Box_LSM.map" -Wl,--gc-sections -static --specs=nano.specs -mfpu=fpv4-sp-d16 -mfloat-abi=hard -mthumb -Wl,--start-group -lc -lm -Wl,--end-group
Finished building target: Uni_Box_LSM.elf
 
arm-none-eabi-size   Uni_Box_LSM.elf 
arm-none-eabi-objdump -h -S  Uni_Box_LSM.elf  > "Uni_Box_LSM.list"
   text	   data	    bss	    dec	    hex	filename
  12540	    124	   1692	  14356	   3814	Uni_Box_LSM.elf
Finished building: default.size.stdout
 
Finished building: Uni_Box_LSM.list
 
16:47:20 **** Incremental Build of configuration Debug for project Uni_Box_LSM ****
make -j4 all 
arm-none-eabi-gcc "../Drivers/Menu/menu.c" -mcpu=cortex-m4 -std=gnu11 -g3 -DDEBUG -DUSE_HAL_DRIVER -DSTM32F411xE -c -I../Core/Inc -I../Drivers/STM32F4xx_HAL_Driver/Inc -I../Drivers/STM32F4xx_HAL_Driver/Inc/Legacy -I../Drivers/CMSIS/Device/ST/STM32F4xx/Include -I../Drivers/CMSIS/Include -I"/home/shammman/Dokumenty/STM32_CubeIDE/Learning/Uni_Box_LSM/Drivers/LCD4x20" -I"/home/shammman/Dokumenty/STM32_CubeIDE/Learning/Uni_Box_LSM/Drivers/KeyPad" -O0 -ffunction-sections -fdata-sections -Wall -fstack-usage -MMD -MP -MF"Drivers/Menu/menu.d" -MT"Drivers/Menu/menu.o" --specs=nano.specs -mfpu=fpv4-sp-d16 -mfloat-abi=hard -mthumb -o "Drivers/Menu/menu.o"
../Drivers/Menu/menu.c:9:6: error: two or more data types in declaration specifiers
    9 | void void menu(uint16_t Position)
      |      ^~~~
../Drivers/Menu/menu.c:9:16: error: unknown type name 'uint16_t'
    9 | void void menu(uint16_t Position)
      |                ^~~~~~~~
make: *** [Drivers/Menu/subdir.mk:19: Drivers/Menu/menu.o] Error 1
"make -j4 all" terminated with exit code 2. Build might be incomplete.
16:47:40 **** Incremental Build of configuration Debug for project Uni_Box_LSM ****
make -j4 all 
arm-none-eabi-gcc "../Drivers/Menu/menu.c" -mcpu=cortex-m4 -std=gnu11 -g3 -DDEBUG -DUSE_HAL_DRIVER -DSTM32F411xE -c -I../Core/Inc -I../Drivers/STM32F4xx_HAL_Driver/Inc -I../Drivers/STM32F4xx_HAL_Driver/Inc/Legacy -I../Drivers/CMSIS/Device/ST/STM32F4xx/Include -I../Drivers/CMSIS/Include -I"/home/shammman/Dokumenty/STM32_CubeIDE/Learning/Uni_Box_LSM/Drivers/LCD4x20" -I"/home/shammman/Dokumenty/STM32_CubeIDE/Learning/Uni_Box_LSM/Drivers/KeyPad" -O0 -ffunction-sections -fdata-sections -Wall -fstack-usage -MMD -MP -MF"Drivers/Menu/menu.d" -MT"Drivers/Menu/menu.o" --specs=nano.specs -mfpu=fpv4-sp-d16 -mfloat-abi=hard -mthumb -o "Drivers/Menu/menu.o"
../Drivers/Menu/menu.c:9:11: error: unknown type name 'uint16_t'
    9 | void menu(uint16_t Position)
      |           ^~~~~~~~
make: *** [Drivers/Menu/subdir.mk:19: Drivers/Menu/menu.o] Error 1
"make -j4 all" terminated with exit code 2. Build might be incomplete.
16:47:52 **** Incremental Build of configuration Debug for project Uni_Box_LSM ****
make -j4 all 
arm-none-eabi-gcc "../Drivers/Menu/menu.c" -mcpu=cortex-m4 -std=gnu11 -g3 -DDEBUG -DUSE_HAL_DRIVER -DSTM32F411xE -c -I../Core/Inc -I../Drivers/STM32F4xx_HAL_Driver/Inc -I../Drivers/STM32F4xx_HAL_Driver/Inc/Legacy -I../Drivers/CMSIS/Device/ST/STM32F4xx/Include -I../Drivers/CMSIS/Include -I"/home/shammman/Dokumenty/STM32_CubeIDE/Learning/Uni_Box_LSM/Drivers/LCD4x20" -I"/home/shammman/Dokumenty/STM32_CubeIDE/Learning/Uni_Box_LSM/Drivers/KeyPad" -O0 -ffunction-sections -fdata-sections -Wall -fstack-usage -MMD -MP -MF"Drivers/Menu/menu.d" -MT"Drivers/Menu/menu.o" --specs=nano.specs -mfpu=fpv4-sp-d16 -mfloat-abi=hard -mthumb -o "Drivers/Menu/menu.o"
../Drivers/Menu/menu.c:9:11: error: unknown type name 'uint16_t'
    9 | void menu(uint16_t Position)
      |           ^~~~~~~~
make: *** [Drivers/Menu/subdir.mk:19: Drivers/Menu/menu.o] Error 1
"make -j4 all" terminated with exit code 2. Build might be incomplete.
16:48:11 **** Incremental Build of configuration Debug for project Uni_Box_LSM ****
make -j4 all 
arm-none-eabi-gcc "../Drivers/Menu/menu.c" -mcpu=cortex-m4 -std=gnu11 -g3 -DDEBUG -DUSE_HAL_DRIVER -DSTM32F411xE -c -I../Core/Inc -I../Drivers/STM32F4xx_HAL_Driver/Inc -I../Drivers/STM32F4xx_HAL_Driver/Inc/Legacy -I../Drivers/CMSIS/Device/ST/STM32F4xx/Include -I../Drivers/CMSIS/Include -I"/home/shammman/Dokumenty/STM32_CubeIDE/Learning/Uni_Box_LSM/Drivers/LCD4x20" -I"/home/shammman/Dokumenty/STM32_CubeIDE/Learning/Uni_Box_LSM/Drivers/KeyPad" -O0 -ffunction-sections -fdata-sections -Wall -fstack-usage -MMD -MP -MF"Drivers/Menu/menu.d" -MT"Drivers/Menu/menu.o" --specs=nano.specs -mfpu=fpv4-sp-d16 -mfloat-abi=hard -mthumb -o "Drivers/Menu/menu.o"
In file included from ../Drivers/Menu/menu.c:7:
../Drivers/Menu/menu.h:9:6: error: two or more data types in declaration specifiers
    9 | void void menu(uint16_t Position);
      |      ^~~~
../Drivers/Menu/menu.h:9:16: error: unknown type name 'uint16_t'
    9 | void void menu(uint16_t Position);
      |                ^~~~~~~~
../Drivers/Menu/menu.c:10:11: error: unknown type name 'uint16_t'
   10 | void menu(uint16_t Position)
      |           ^~~~~~~~
make: *** [Drivers/Menu/subdir.mk:19: Drivers/Menu/menu.o] Error 1
"make -j4 all" terminated with exit code 2. Build might be incomplete.
16:48:23 **** Incremental Build of configuration Debug for project Uni_Box_LSM ****
make -j4 all 
arm-none-eabi-gcc "../Drivers/Menu/menu.c" -mcpu=cortex-m4 -std=gnu11 -g3 -DDEBUG -DUSE_HAL_DRIVER -DSTM32F411xE -c -I../Core/Inc -I../Drivers/STM32F4xx_HAL_Driver/Inc -I../Drivers/STM32F4xx_HAL_Driver/Inc/Legacy -I../Drivers/CMSIS/Device/ST/STM32F4xx/Include -I../Drivers/CMSIS/Include -I"/home/shammman/Dokumenty/STM32_CubeIDE/Learning/Uni_Box_LSM/Drivers/LCD4x20" -I"/home/shammman/Dokumenty/STM32_CubeIDE/Learning/Uni_Box_LSM/Drivers/KeyPad" -O0 -ffunction-sections -fdata-sections -Wall -fstack-usage -MMD -MP -MF"Drivers/Menu/menu.d" -MT"Drivers/Menu/menu.o" --specs=nano.specs -mfpu=fpv4-sp-d16 -mfloat-abi=hard -mthumb -o "Drivers/Menu/menu.o"
In file included from ../Drivers/Menu/menu.c:7:
../Drivers/Menu/menu.h:9:6: error: two or more data types in declaration specifiers
    9 | void void menu(uint16_t Position);
      |      ^~~~
../Drivers/Menu/menu.c: In function 'menu':
../Drivers/Menu/menu.c:15:10: warning: implicit declaration of function 'menu0'; did you mean 'menu'? [-Wimplicit-function-declaration]
   15 |  case 1: menu0(); break;
      |          ^~~~~
      |          menu
../Drivers/Menu/menu.c:17:11: warning: implicit declaration of function 'menu10'; did you mean 'Menu10'? [-Wimplicit-function-declaration]
   17 |  case 10: menu10(); break;
      |           ^~~~~~
      |           Menu10
../Drivers/Menu/menu.c:18:11: warning: implicit declaration of function 'menu11'; did you mean 'Menu11'? [-Wimplicit-function-declaration]
   18 |  case 11: menu11(); break;
      |           ^~~~~~
      |           Menu11
../Drivers/Menu/menu.c:19:11: warning: implicit declaration of function 'menu12'; did you mean 'Menu12'? [-Wimplicit-function-declaration]
   19 |  case 12: menu12(); break;
      |           ^~~~~~
      |           Menu12
../Drivers/Menu/menu.c:20:9: error: expected ':' or '...' before ';' token
   20 |  case 13; menu13(); break;
      |         ^
../Drivers/Menu/menu.c:20:11: warning: implicit declaration of function 'menu13'; did you mean 'Menu13'? [-Wimplicit-function-declaration]
   20 |  case 13; menu13(); break;
      |           ^~~~~~
      |           Menu13
../Drivers/Menu/menu.c:21:11: warning: implicit declaration of function 'menu14'; did you mean 'Menu14'? [-Wimplicit-function-declaration]
   21 |  case 14: menu14(); break;
      |           ^~~~~~
      |           Menu14
../Drivers/Menu/menu.c:22:9: error: expected ':' or '...' before ';' token
   22 |  case 15; menu15(); break;
      |         ^
../Drivers/Menu/menu.c:22:11: warning: implicit declaration of function 'menu15'; did you mean 'Menu15'? [-Wimplicit-function-declaration]
   22 |  case 15; menu15(); break;
      |           ^~~~~~
      |           Menu15
../Drivers/Menu/menu.c:27:11: warning: implicit declaration of function 'menu20'; did you mean 'Menu20'? [-Wimplicit-function-declaration]
   27 |  case 20: menu20(); break;
      |           ^~~~~~
      |           Menu20
../Drivers/Menu/menu.c:28:11: warning: implicit declaration of function 'menu21'; did you mean 'Menu21'? [-Wimplicit-function-declaration]
   28 |  case 21: menu21(); break;
      |           ^~~~~~
      |           Menu21
../Drivers/Menu/menu.c:29:11: warning: implicit declaration of function 'menu22'; did you mean 'Menu22'? [-Wimplicit-function-declaration]
   29 |  case 22: menu22(); break;
      |           ^~~~~~
      |           Menu22
../Drivers/Menu/menu.c:30:9: error: expected ':' or '...' before ';' token
   30 |  case 23; menu23(); break;
      |         ^
../Drivers/Menu/menu.c:30:11: warning: implicit declaration of function 'menu23'; did you mean 'Menu23'? [-Wimplicit-function-declaration]
   30 |  case 23; menu23(); break;
      |           ^~~~~~
      |           Menu23
../Drivers/Menu/menu.c:31:11: warning: implicit declaration of function 'menu24'; did you mean 'Menu24'? [-Wimplicit-function-declaration]
   31 |  case 24: menu24(); break;
      |           ^~~~~~
      |           Menu24
../Drivers/Menu/menu.c:32:9: error: expected ':' or '...' before ';' token
   32 |  case 25; menu25(); break;
      |         ^
../Drivers/Menu/menu.c:32:11: warning: implicit declaration of function 'menu25'; did you mean 'Menu25'? [-Wimplicit-function-declaration]
   32 |  case 25; menu25(); break;
      |           ^~~~~~
      |           Menu25
../Drivers/Menu/menu.c:34:10: warning: implicit declaration of function 'men30'; did you mean 'Menu30'? [-Wimplicit-function-declaration]
   34 |  case 3: men30(); break;
      |          ^~~~~
      |          Menu30
../Drivers/Menu/menu.c:36:11: warning: implicit declaration of function 'menu30'; did you mean 'Menu30'? [-Wimplicit-function-declaration]
   36 |  case 30: menu30(); break;
      |           ^~~~~~
      |           Menu30
../Drivers/Menu/menu.c:37:11: warning: implicit declaration of function 'menu31'; did you mean 'Menu31'? [-Wimplicit-function-declaration]
   37 |  case 31: menu31(); break;
      |           ^~~~~~
      |           Menu31
../Drivers/Menu/menu.c:38:11: warning: implicit declaration of function 'menu32'; did you mean 'Menu32'? [-Wimplicit-function-declaration]
   38 |  case 32: menu32(); break;
      |           ^~~~~~
      |           Menu32
../Drivers/Menu/menu.c:39:9: error: expected ':' or '...' before ';' token
   39 |  case 33; menu33(); break;
      |         ^
../Drivers/Menu/menu.c:39:11: warning: implicit declaration of function 'menu33'; did you mean 'Menu33'? [-Wimplicit-function-declaration]
   39 |  case 33; menu33(); break;
      |           ^~~~~~
      |           Menu33
../Drivers/Menu/menu.c:40:11: warning: implicit declaration of function 'menu34'; did you mean 'Menu34'? [-Wimplicit-function-declaration]
   40 |  case 34: menu34(); break;
      |           ^~~~~~
      |           Menu34
../Drivers/Menu/menu.c:41:9: error: expected ':' or '...' before ';' token
   41 |  case 35; menu35(); break;
      |         ^
../Drivers/Menu/menu.c:41:11: warning: implicit declaration of function 'menu35'; did you mean 'Menu35'? [-Wimplicit-function-declaration]
   41 |  case 35; menu35(); break;
      |           ^~~~~~
      |           Menu35
../Drivers/Menu/menu.c:43:10: warning: implicit declaration of function 'menu4'; did you mean 'Menu4'? [-Wimplicit-function-declaration]
   43 |  case 4: menu4(); break;
      |          ^~~~~
      |          Menu4
../Drivers/Menu/menu.c:45:11: warning: implicit declaration of function 'menu40'; did you mean 'Menu40'? [-Wimplicit-function-declaration]
   45 |  case 40: menu40(); break;
      |           ^~~~~~
      |           Menu40
../Drivers/Menu/menu.c:46:11: warning: implicit declaration of function 'menu41'; did you mean 'Menu41'? [-Wimplicit-function-declaration]
   46 |  case 41: menu41(); break;
      |           ^~~~~~
      |           Menu41
../Drivers/Menu/menu.c:47:11: warning: implicit declaration of function 'menu42'; did you mean 'Menu42'? [-Wimplicit-function-declaration]
   47 |  case 42: menu42(); break;
      |           ^~~~~~
      |           Menu42
../Drivers/Menu/menu.c:48:9: error: expected ':' or '...' before ';' token
   48 |  case 43; menu43(); break;
      |         ^
../Drivers/Menu/menu.c:48:11: warning: implicit declaration of function 'menu43'; did you mean 'Menu43'? [-Wimplicit-function-declaration]
   48 |  case 43; menu43(); break;
      |           ^~~~~~
      |           Menu43
../Drivers/Menu/menu.c:49:11: warning: implicit declaration of function 'menu44'; did you mean 'Menu44'? [-Wimplicit-function-declaration]
   49 |  case 44: menu44(); break;
      |           ^~~~~~
      |           Menu44
../Drivers/Menu/menu.c:50:9: error: expected ':' or '...' before ';' token
   50 |  case 45; menu45(); break;
      |         ^
../Drivers/Menu/menu.c:50:11: warning: implicit declaration of function 'menu45'; did you mean 'Menu45'? [-Wimplicit-function-declaration]
   50 |  case 45; menu45(); break;
      |           ^~~~~~
      |           Menu45
../Drivers/Menu/menu.c:52:10: warning: implicit declaration of function 'menu5'; did you mean 'Menu5'? [-Wimplicit-function-declaration]
[...]
<command-line>: error: macro names must be identifiers
<command-line>: warning: extra tokens at end of #undef directive
../Src/main.c:22:2: warning: #warning "FPU is not initialized, but the project is compiling for an FPU. Please initialize the FPU before use." [-Wcpp]
   22 | #warning "FPU is not initialized, but the project is compiling for an FPU. Please initialize the FPU before use."
      |  ^~~~~~~
<command-line>: error: macro names must be identifiers
<command-line>: error: macro names must be identifiers
<command-line>: warning: extra tokens at end of #undef directive
<command-line>: warning: extra tokens at end of #undef directive
make: *** [Src/subdir.mk:25: Src/syscalls.o] Error 1
make: *** Waiting for unfinished jobs....
make: *** [Src/subdir.mk:25: Src/sysmem.o] Error 1
make: *** [Src/subdir.mk:25: Src/main.o] Error 1
"make -j4 all" terminated with exit code 2. Build might be incomplete.
19:29:26 **** Incremental Build of configuration Debug for project Uni_Box_Temp_std ****
make -j4 all 
arm-none-eabi-gcc "../Src/main.c" -mcpu=cortex-m4 -std=gnu11 -g3 -DDEBUG -DSTM32F411VETx -DSTM32 -DSTM32F4 -DSTM32F411E_DISCO -U/home/shammman/Dokumenty/STM32_CubeIDE/Learning/Uni_Box_Temp_std/Libraries/STM32F4xx_StdPeriph_Driver/inc -c -I../Inc -I"/home/shammman/Dokumenty/STM32_CubeIDE/Learning/Uni_Box_Temp_std/Libraries/CMSIS/Include" -I"/home/shammman/Dokumenty/STM32_CubeIDE/Learning/Uni_Box_Temp_std/Libraries/STM32F4xx_StdPeriph_Driver/inc" -I"/home/shammman/Dokumenty/STM32_CubeIDE/Learning/Uni_Box_Temp_std/Libraries/CMSIS/Device/ST/STM32F4xx/Include" -O0 -ffunction-sections -fdata-sections -Wall -fstack-usage -MMD -MP -MF"Src/main.d" -MT"Src/main.o" --specs=nano.specs -mfpu=fpv4-sp-d16 -mfloat-abi=hard -mthumb -o "Src/main.o"
arm-none-eabi-gcc "../Src/syscalls.c" -mcpu=cortex-m4 -std=gnu11 -g3 -DDEBUG -DSTM32F411VETx -DSTM32 -DSTM32F4 -DSTM32F411E_DISCO -U/home/shammman/Dokumenty/STM32_CubeIDE/Learning/Uni_Box_Temp_std/Libraries/STM32F4xx_StdPeriph_Driver/inc -c -I../Inc -I"/home/shammman/Dokumenty/STM32_CubeIDE/Learning/Uni_Box_Temp_std/Libraries/CMSIS/Include" -I"/home/shammman/Dokumenty/STM32_CubeIDE/Learning/Uni_Box_Temp_std/Libraries/STM32F4xx_StdPeriph_Driver/inc" -I"/home/shammman/Dokumenty/STM32_CubeIDE/Learning/Uni_Box_Temp_std/Libraries/CMSIS/Device/ST/STM32F4xx/Include" -O0 -ffunction-sections -fdata-sections -Wall -fstack-usage -MMD -MP -MF"Src/syscalls.d" -MT"Src/syscalls.o" --specs=nano.specs -mfpu=fpv4-sp-d16 -mfloat-abi=hard -mthumb -o "Src/syscalls.o"
arm-none-eabi-gcc "../Src/sysmem.c" -mcpu=cortex-m4 -std=gnu11 -g3 -DDEBUG -DSTM32F411VETx -DSTM32 -DSTM32F4 -DSTM32F411E_DISCO -U/home/shammman/Dokumenty/STM32_CubeIDE/Learning/Uni_Box_Temp_std/Libraries/STM32F4xx_StdPeriph_Driver/inc -c -I../Inc -I"/home/shammman/Dokumenty/STM32_CubeIDE/Learning/Uni_Box_Temp_std/Libraries/CMSIS/Include" -I"/home/shammman/Dokumenty/STM32_CubeIDE/Learning/Uni_Box_Temp_std/Libraries/STM32F4xx_StdPeriph_Driver/inc" -I"/home/shammman/Dokumenty/STM32_CubeIDE/Learning/Uni_Box_Temp_std/Libraries/CMSIS/Device/ST/STM32F4xx/Include" -O0 -ffunction-sections -fdata-sections -Wall -fstack-usage -MMD -MP -MF"Src/sysmem.d" -MT"Src/sysmem.o" --specs=nano.specs -mfpu=fpv4-sp-d16 -mfloat-abi=hard -mthumb -o "Src/sysmem.o"
<command-line>: error: macro names must be identifiers
<command-line>: warning: extra tokens at end of #undef directive
<command-line>: error: macro names must be identifiers
<command-line>: warning: extra tokens at end of #undef directive
make: *** [Src/subdir.mk:25: Src/syscalls.o] Error 1
make: *** Waiting for unfinished jobs....
<command-line>: error: macro names must be identifiers
<command-line>: warning: extra tokens at end of #undef directive
make: *** [Src/subdir.mk:25: Src/main.o] Error 1
make: *** [Src/subdir.mk:25: Src/sysmem.o] Error 1
"make -j4 all" terminated with exit code 2. Build might be incomplete.
19:31:07 **** Incremental Build of configuration Debug for project Uni_Box_Temp_std ****
make -j4 all 
arm-none-eabi-gcc "../Src/main.c" -mcpu=cortex-m4 -std=gnu11 -g3 -DDEBUG -DSTM32F411VETx -DSTM32 -DSTM32F4 -DSTM32F411E_DISCO -c -I../Inc -I"/home/shammman/Dokumenty/STM32_CubeIDE/Learning/Uni_Box_Temp_std/Libraries/STM32F4xx_StdPeriph_Driver/inc" -I"/home/shammman/Dokumenty/STM32_CubeIDE/Learning/Uni_Box_Temp_std/Libraries/CMSIS/Include" -I"/home/shammman/Dokumenty/STM32_CubeIDE/Learning/Uni_Box_Temp_std/Libraries/CMSIS/Device/ST/STM32F4xx/Include" -O0 -ffunction-sections -fdata-sections -Wall -fstack-usage -MMD -MP -MF"Src/main.d" -MT"Src/main.o" --specs=nano.specs -mfpu=fpv4-sp-d16 -mfloat-abi=hard -mthumb -o "Src/main.o"
arm-none-eabi-gcc "../Src/syscalls.c" -mcpu=cortex-m4 -std=gnu11 -g3 -DDEBUG -DSTM32F411VETx -DSTM32 -DSTM32F4 -DSTM32F411E_DISCO -c -I../Inc -I"/home/shammman/Dokumenty/STM32_CubeIDE/Learning/Uni_Box_Temp_std/Libraries/STM32F4xx_StdPeriph_Driver/inc" -I"/home/shammman/Dokumenty/STM32_CubeIDE/Learning/Uni_Box_Temp_std/Libraries/CMSIS/Include" -I"/home/shammman/Dokumenty/STM32_CubeIDE/Learning/Uni_Box_Temp_std/Libraries/CMSIS/Device/ST/STM32F4xx/Include" -O0 -ffunction-sections -fdata-sections -Wall -fstack-usage -MMD -MP -MF"Src/syscalls.d" -MT"Src/syscalls.o" --specs=nano.specs -mfpu=fpv4-sp-d16 -mfloat-abi=hard -mthumb -o "Src/syscalls.o"
arm-none-eabi-gcc "../Src/sysmem.c" -mcpu=cortex-m4 -std=gnu11 -g3 -DDEBUG -DSTM32F411VETx -DSTM32 -DSTM32F4 -DSTM32F411E_DISCO -c -I../Inc -I"/home/shammman/Dokumenty/STM32_CubeIDE/Learning/Uni_Box_Temp_std/Libraries/STM32F4xx_StdPeriph_Driver/inc" -I"/home/shammman/Dokumenty/STM32_CubeIDE/Learning/Uni_Box_Temp_std/Libraries/CMSIS/Include" -I"/home/shammman/Dokumenty/STM32_CubeIDE/Learning/Uni_Box_Temp_std/Libraries/CMSIS/Device/ST/STM32F4xx/Include" -O0 -ffunction-sections -fdata-sections -Wall -fstack-usage -MMD -MP -MF"Src/sysmem.d" -MT"Src/sysmem.o" --specs=nano.specs -mfpu=fpv4-sp-d16 -mfloat-abi=hard -mthumb -o "Src/sysmem.o"
arm-none-eabi-gcc -o "Uni_Box_Temp_std.elf" @"objects.list"   -mcpu=cortex-m4 -T"/home/shammman/Dokumenty/STM32_CubeIDE/Learning/Uni_Box_Temp_std/STM32F411VETX_FLASH.ld" --specs=nosys.specs -Wl,-Map="Uni_Box_Temp_std.map" -Wl,--gc-sections -static --specs=nano.specs -mfpu=fpv4-sp-d16 -mfloat-abi=hard -mthumb -u _printf_float -u _scanf_float -Wl,--start-group -lc -lm -Wl,--end-group
/opt/st/stm32cubeide_1.9.0/plugins/com.st.stm32cube.ide.mcu.externaltools.gnu-tools-for-stm32.10.3-2021.10.linux64_1.0.0.202111181127/tools/bin/../lib/gcc/arm-none-eabi/10.3.1/../../../../arm-none-eabi/bin/ld: ./Src/main.o: in function `main':
/home/shammman/Dokumenty/STM32_CubeIDE/Learning/Uni_Box_Temp_std/Debug/../Src/main.c:46: undefined reference to `GPIO_Init'
collect2: error: ld returned 1 exit status
make: *** [makefile:63: Uni_Box_Temp_std.elf] Error 1
"make -j4 all" terminated with exit code 2. Build might be incomplete.
09:51:48 **** Incremental Build of configuration Debug for project Uni_Box_LSM ****
make -j4 all 
arm-none-eabi-gcc "../Drivers/KeyPad/hey.c" -mcpu=cortex-m4 -std=gnu11 -g3 -DDEBUG -DUSE_HAL_DRIVER -DSTM32F411xE -c -I../Core/Inc -I../Drivers/STM32F4xx_HAL_Driver/Inc -I../Drivers/STM32F4xx_HAL_Driver/Inc/Legacy -I../Drivers/CMSIS/Device/ST/STM32F4xx/Include -I../Drivers/CMSIS/Include -I"/home/shammman/Dokumenty/STM32_CubeIDE/Learning/Uni_Box_LSM/Drivers/LCD4x20" -I"/home/shammman/Dokumenty/STM32_CubeIDE/Learning/Uni_Box_LSM/Drivers/KeyPad" -O0 -ffunction-sections -fdata-sections -Wall -fstack-usage -MMD -MP -MF"Drivers/KeyPad/hey.d" -MT"Drivers/KeyPad/hey.o" --specs=nano.specs -mfpu=fpv4-sp-d16 -mfloat-abi=hard -mthumb -o "Drivers/KeyPad/hey.o"
arm-none-eabi-gcc "../Core/Src/main.c" -mcpu=cortex-m4 -std=gnu11 -g3 -DDEBUG -DUSE_HAL_DRIVER -DSTM32F411xE -c -I../Core/Inc -I../Drivers/STM32F4xx_HAL_Driver/Inc -I../Drivers/STM32F4xx_HAL_Driver/Inc/Legacy -I../Drivers/CMSIS/Device/ST/STM32F4xx/Include -I../Drivers/CMSIS/Include -I"/home/shammman/Dokumenty/STM32_CubeIDE/Learning/Uni_Box_LSM/Drivers/LCD4x20" -I"/home/shammman/Dokumenty/STM32_CubeIDE/Learning/Uni_Box_LSM/Drivers/KeyPad" -O0 -ffunction-sections -fdata-sections -Wall -fstack-usage -MMD -MP -MF"Core/Src/main.d" -MT"Core/Src/main.o" --specs=nano.specs -mfpu=fpv4-sp-d16 -mfloat-abi=hard -mthumb -o "Core/Src/main.o"
../Drivers/KeyPad/hey.c: In function 'Key_Read':
../Drivers/KeyPad/hey.c:32:3: warning: implicit declaration of function 'sprintf' [-Wimplicit-function-declaration]
   32 |   sprintf(text, "Pozycja = %d",Position);
      |   ^~~~~~~
../Drivers/KeyPad/hey.c:32:3: warning: incompatible implicit declaration of built-in function 'sprintf'
../Drivers/KeyPad/hey.c:10:1: note: include '<stdio.h>' or provide a declaration of 'sprintf'
    9 | #include "main.h"
  +++ |+#include <stdio.h>
   10 | 
../Drivers/KeyPad/hey.c:40:5: warning: implicit declaration of function 'lcd_clear' [-Wimplicit-function-declaration]
   40 |     lcd_clear();
      |     ^~~~~~~~~
../Drivers/KeyPad/hey.c:41:5: warning: implicit declaration of function 'lcd_line_1' [-Wimplicit-function-declaration]
   41 |     lcd_line_1("Lewo");
      |     ^~~~~~~~~~
../Drivers/KeyPad/hey.c:43:5: warning: implicit declaration of function 'lcd_line_4' [-Wimplicit-function-declaration]
   43 |     lcd_line_4(text);
      |     ^~~~~~~~~~
../Drivers/KeyPad/hey.c:62:5: warning: implicit declaration of function 'lcd_line_2' [-Wimplicit-function-declaration]
   62 |     lcd_line_2("Wartosc i : ");
      |     ^~~~~~~~~~
arm-none-eabi-gcc -o "Uni_Box_LSM.elf" @"objects.list"   -mcpu=cortex-m4 -T"/home/shammman/Dokumenty/STM32_CubeIDE/Learning/Uni_Box_LSM/STM32F411VETX_FLASH.ld" --specs=nosys.specs -Wl,-Map="Uni_Box_LSM.map" -Wl,--gc-sections -static --specs=nano.specs -mfpu=fpv4-sp-d16 -mfloat-abi=hard -mthumb -Wl,--start-group -lc -lm -Wl,--end-group
Finished building target: Uni_Box_LSM.elf
 
arm-none-eabi-size   Uni_Box_LSM.elf 
arm-none-eabi-objdump -h -S  Uni_Box_LSM.elf  > "Uni_Box_LSM.list"
   text	   data	    bss	    dec	    hex	filename
  12748	    124	   1708	  14580	   38f4	Uni_Box_LSM.elf
Finished building: default.size.stdout
 
Finished building: Uni_Box_LSM.list
 
09:52:19 **** Incremental Build of configuration Debug for project Uni_Box_LSM ****
make -j4 all 
arm-none-eabi-size   Uni_Box_LSM.elf 
   text	   data	    bss	    dec	    hex	filename
  12748	    124	   1708	  14580	   38f4	Uni_Box_LSM.elf
Finished building: default.size.stdout
 
09:53:06 **** Incremental Build of configuration Debug for project Uni_Box_LSM ****
make -j4 all 
arm-none-eabi-gcc "../Core/Src/main.c" -mcpu=cortex-m4 -std=gnu11 -g3 -DDEBUG -DUSE_HAL_DRIVER -DSTM32F411xE -c -I../Core/Inc -I../Drivers/STM32F4xx_HAL_Driver/Inc -I../Drivers/STM32F4xx_HAL_Driver/Inc/Legacy -I../Drivers/CMSIS/Device/ST/STM32F4xx/Include -I../Drivers/CMSIS/Include -I"/home/shammman/Dokumenty/STM32_CubeIDE/Learning/Uni_Box_LSM/Drivers/LCD4x20" -I"/home/shammman/Dokumenty/STM32_CubeIDE/Learning/Uni_Box_LSM/Drivers/KeyPad" -O0 -ffunction-sections -fdata-sections -Wall -fstack-usage -MMD -MP -MF"Core/Src/main.d" -MT"Core/Src/main.o" --specs=nano.specs -mfpu=fpv4-sp-d16 -mfloat-abi=hard -mthumb -o "Core/Src/main.o"
arm-none-eabi-gcc -o "Uni_Box_LSM.elf" @"objects.list"   -mcpu=cortex-m4 -T"/home/shammman/Dokumenty/STM32_CubeIDE/Learning/Uni_Box_LSM/STM32F411VETX_FLASH.ld" --specs=nosys.specs -Wl,-Map="Uni_Box_LSM.map" -Wl,--gc-sections -static --specs=nano.specs -mfpu=fpv4-sp-d16 -mfloat-abi=hard -mthumb -Wl,--start-group -lc -lm -Wl,--end-group
Finished building target: Uni_Box_LSM.elf
 
arm-none-eabi-size   Uni_Box_LSM.elf 
arm-none-eabi-objdump -h -S  Uni_Box_LSM.elf  > "Uni_Box_LSM.list"
   text	   data	    bss	    dec	    hex	filename
  12748	    124	   1708	  14580	   38f4	Uni_Box_LSM.elf
Finished building: default.size.stdout
 
Finished building: Uni_Box_LSM.list
 
09:54:10 **** Incremental Build of configuration Debug for project Uni_Box_LSM ****
make -j4 all 
arm-none-eabi-gcc "../Core/Src/main.c" -mcpu=cortex-m4 -std=gnu11 -g3 -DDEBUG -DUSE_HAL_DRIVER -DSTM32F411xE -c -I../Core/Inc -I../Drivers/STM32F4xx_HAL_Driver/Inc -I../Drivers/STM32F4xx_HAL_Driver/Inc/Legacy -I../Drivers/CMSIS/Device/ST/STM32F4xx/Include -I../Drivers/CMSIS/Include -I"/home/shammman/Dokumenty/STM32_CubeIDE/Learning/Uni_Box_LSM/Drivers/LCD4x20" -I"/home/shammman/Dokumenty/STM32_CubeIDE/Learning/Uni_Box_LSM/Drivers/KeyPad" -O0 -ffunction-sections -fdata-sections -Wall -fstack-usage -MMD -MP -MF"Core/Src/main.d" -MT"Core/Src/main.o" --specs=nano.specs -mfpu=fpv4-sp-d16 -mfloat-abi=hard -mthumb -o "Core/Src/main.o"
arm-none-eabi-gcc -o "Uni_Box_LSM.elf" @"objects.list"   -mcpu=cortex-m4 -T"/home/shammman/Dokumenty/STM32_CubeIDE/Learning/Uni_Box_LSM/STM32F411VETX_FLASH.ld" --specs=nosys.specs -Wl,-Map="Uni_Box_LSM.map" -Wl,--gc-sections -static --specs=nano.specs -mfpu=fpv4-sp-d16 -mfloat-abi=hard -mthumb -Wl,--start-group -lc -lm -Wl,--end-group
Finished building target: Uni_Box_LSM.elf
 
arm-none-eabi-size   Uni_Box_LSM.elf 
arm-none-eabi-objdump -h -S  Uni_Box_LSM.elf  > "Uni_Box_LSM.list"
   text	   data	    bss	    dec	    hex	filename
  12748	    124	   1708	  14580	   38f4	Uni_Box_LSM.elf
Finished building: default.size.stdout
 
Finished building: Uni_Box_LSM.list
 
09:56:47 **** Incremental Build of configuration Debug for project Uni_Box_LSM ****
make -j4 all 
arm-none-eabi-gcc "../Drivers/KeyPad/hey.c" -mcpu=cortex-m4 -std=gnu11 -g3 -DDEBUG -DUSE_HAL_DRIVER -DSTM32F411xE -c -I../Core/Inc -I../Drivers/STM32F4xx_HAL_Driver/Inc -I../Drivers/STM32F4xx_HAL_Driver/Inc/Legacy -I../Drivers/CMSIS/Device/ST/STM32F4xx/Include -I../Drivers/CMSIS/Include -I"/home/shammman/Dokumenty/STM32_CubeIDE/Learning/Uni_Box_LSM/Drivers/LCD4x20" -I"/home/shammman/Dokumenty/STM32_CubeIDE/Learning/Uni_Box_LSM/Drivers/KeyPad" -O0 -ffunction-sections -fdata-sections -Wall -fstack-usage -MMD -MP -MF"Drivers/KeyPad/hey.d" -MT"Drivers/KeyPad/hey.o" --specs=nano.specs -mfpu=fpv4-sp-d16 -mfloat-abi=hard -mthumb -o "Drivers/KeyPad/hey.o"
arm-none-eabi-gcc "../Core/Src/main.c" -mcpu=cortex-m4 -std=gnu11 -g3 -DDEBUG -DUSE_HAL_DRIVER -DSTM32F411xE -c -I../Core/Inc -I../Drivers/STM32F4xx_HAL_Driver/Inc -I../Drivers/STM32F4xx_HAL_Driver/Inc/Legacy -I../Drivers/CMSIS/Device/ST/STM32F4xx/Include -I../Drivers/CMSIS/Include -I"/home/shammman/Dokumenty/STM32_CubeIDE/Learning/Uni_Box_LSM/Drivers/LCD4x20" -I"/home/shammman/Dokumenty/STM32_CubeIDE/Learning/Uni_Box_LSM/Drivers/KeyPad" -O0 -ffunction-sections -fdata-sections -Wall -fstack-usage -MMD -MP -MF"Core/Src/main.d" -MT"Core/Src/main.o" --specs=nano.specs -mfpu=fpv4-sp-d16 -mfloat-abi=hard -mthumb -o "Core/Src/main.o"
../Drivers/KeyPad/hey.c: In function 'Key_Read':
../Drivers/KeyPad/hey.c:40:5: warning: implicit declaration of function 'lcd_clear' [-Wimplicit-function-declaration]
   40 |     lcd_clear();
      |     ^~~~~~~~~
../Drivers/KeyPad/hey.c:41:5: warning: implicit declaration of function 'lcd_line_1' [-Wimplicit-function-declaration]
   41 |     lcd_line_1("Lewo");
      |     ^~~~~~~~~~
../Drivers/KeyPad/hey.c:43:5: warning: implicit declaration of function 'sprintf' [-Wimplicit-function-declaration]
   43 |     sprintf(text, "Pozycja = %d",Position);
      |     ^~~~~~~
../Drivers/KeyPad/hey.c:43:5: warning: incompatible implicit declaration of built-in function 'sprintf'
../Drivers/KeyPad/hey.c:10:1: note: include '<stdio.h>' or provide a declaration of 'sprintf'
    9 | #include "main.h"
  +++ |+#include <stdio.h>
   10 | 
../Drivers/KeyPad/hey.c:44:5: warning: implicit declaration of function 'lcd_line_4' [-Wimplicit-function-declaration]
   44 |     lcd_line_4(text);
      |     ^~~~~~~~~~
../Drivers/KeyPad/hey.c:64:5: warning: implicit declaration of function 'lcd_line_2' [-Wimplicit-function-declaration]
   64 |     lcd_line_2("Wartosc i : ");
      |     ^~~~~~~~~~
arm-none-eabi-gcc -o "Uni_Box_LSM.elf" @"objects.list"   -mcpu=cortex-m4 -T"/home/shammman/Dokumenty/STM32_CubeIDE/Learning/Uni_Box_LSM/STM32F411VETX_FLASH.ld" --specs=nosys.specs -Wl,-Map="Uni_Box_LSM.map" -Wl,--gc-sections -static --specs=nano.specs -mfpu=fpv4-sp-d16 -mfloat-abi=hard -mthumb -Wl,--start-group -lc -lm -Wl,--end-group
Finished building target: Uni_Box_LSM.elf
 
arm-none-eabi-size   Uni_Box_LSM.elf 
arm-none-eabi-objdump -h -S  Uni_Box_LSM.elf  > "Uni_Box_LSM.list"
   text	   data	    bss	    dec	    hex	filename
  12796	    124	   1708	  14628	   3924	Uni_Box_LSM.elf
Finished building: default.size.stdout
 
Finished building: Uni_Box_LSM.list
 
09:56:54 **** Incremental Build of configuration Debug for project Uni_Box_LSM ****
make -j4 all 
arm-none-eabi-size   Uni_Box_LSM.elf 
   text	   data	    bss	    dec	    hex	filename
  12796	    124	   1708	  14628	   3924	Uni_Box_LSM.elf
Finished building: default.size.stdout
 
09:57:51 **** Incremental Build of configuration Debug for project Uni_Box_LSM ****
make -j4 all 
arm-none-eabi-gcc "../Drivers/KeyPad/hey.c" -mcpu=cortex-m4 -std=gnu11 -g3 -DDEBUG -DUSE_HAL_DRIVER -DSTM32F411xE -c -I../Core/Inc -I../Drivers/STM32F4xx_HAL_Driver/Inc -I../Drivers/STM32F4xx_HAL_Driver/Inc/Legacy -I../Drivers/CMSIS/Device/ST/STM32F4xx/Include -I../Drivers/CMSIS/Include -I"/home/shammman/Dokumenty/STM32_CubeIDE/Learning/Uni_Box_LSM/Drivers/LCD4x20" -I"/home/shammman/Dokumenty/STM32_CubeIDE/Learning/Uni_Box_LSM/Drivers/KeyPad" -O0 -ffunction-sections -fdata-sections -Wall -fstack-usage -MMD -MP -MF"Drivers/KeyPad/hey.d" -MT"Drivers/KeyPad/hey.o" --specs=nano.specs -mfpu=fpv4-sp-d16 -mfloat-abi=hard -mthumb -o "Drivers/KeyPad/hey.o"
../Drivers/KeyPad/hey.c: In function 'Key_Read':
../Drivers/KeyPad/hey.c:40:5: warning: implicit declaration of function 'lcd_clear' [-Wimplicit-function-declaration]
   40 |     lcd_clear();
      |     ^~~~~~~~~
../Drivers/KeyPad/hey.c:41:5: warning: implicit declaration of function 'lcd_line_1' [-Wimplicit-function-declaration]
   41 |     lcd_line_1("Lewo");
      |     ^~~~~~~~~~
../Drivers/KeyPad/hey.c:43:5: warning: implicit declaration of function 'sprintf' [-Wimplicit-function-declaration]
   43 |     sprintf(text, "Pozycja = %d",Position);
      |     ^~~~~~~
../Drivers/KeyPad/hey.c:43:5: warning: incompatible implicit declaration of built-in function 'sprintf'
../Drivers/KeyPad/hey.c:10:1: note: include '<stdio.h>' or provide a declaration of 'sprintf'
    9 | #include "main.h"
  +++ |+#include <stdio.h>
   10 | 
../Drivers/KeyPad/hey.c:44:5: warning: implicit declaration of function 'lcd_line_4' [-Wimplicit-function-declaration]
   44 |     lcd_line_4(text);
      |     ^~~~~~~~~~
../Drivers/KeyPad/hey.c:64:5: warning: implicit declaration of function 'lcd_line_2' [-Wimplicit-function-declaration]
   64 |     lcd_line_2("Wartosc i : ");
      |     ^~~~~~~~~~
arm-none-eabi-gcc -o "Uni_Box_LSM.elf" @"objects.list"   -mcpu=cortex-m4 -T"/home/shammman/Dokumenty/STM32_CubeIDE/Learning/Uni_Box_LSM/STM32F411VETX_FLASH.ld" --specs=nosys.specs -Wl,-Map="Uni_Box_LSM.map" -Wl,--gc-sections -static --specs=nano.specs -mfpu=fpv4-sp-d16 -mfloat-abi=hard -mthumb -Wl,--start-group -lc -lm -Wl,--end-group
Finished building target: Uni_Box_LSM.elf
 
arm-none-eabi-size   Uni_Box_LSM.elf 
arm-none-eabi-objdump -h -S  Uni_Box_LSM.elf  > "Uni_Box_LSM.list"
   text	   data	    bss	    dec	    hex	filename
  12788	    124	   1708	  14620	   391c	Uni_Box_LSM.elf
Finished building: default.size.stdout
 
Finished building: Uni_Box_LSM.list
 
