11:22:11 **** Incremental Build of configuration Debug for project UniBoxTemplate ****
make -j4 all 
arm-none-eabi-size   UniBoxTemplate.elf 
   text	   data	    bss	    dec	    hex	filename
   7344	     20	   1740	   9104	   2390	UniBoxTemplate.elf
Finished building: default.size.stdout
 
11:31:36 **** Incremental Build of configuration Debug for project UniBoxTemplate ****
make -j4 all 
arm-none-eabi-size   UniBoxTemplate.elf 
   text	   data	    bss	    dec	    hex	filename
   7344	     20	   1740	   9104	   2390	UniBoxTemplate.elf
Finished building: default.size.stdout
 
13:59:49 **** Incremental Build of configuration Debug for project UniBoxTemplate ****
make -j4 all 
arm-none-eabi-gcc "../Drivers/STM32F4xx_HAL_Driver/Src/stm32f4xx_hal.c" -mcpu=cortex-m4 -std=gnu11 -g3 -DDEBUG -DUSE_HAL_DRIVER -DSTM32F411xE -c -I../Core/Inc -I../Drivers/STM32F4xx_HAL_Driver/Inc -I"/home/shammman/Dokumenty/STM32_CubeIDE/Learning/UniBoxTemplate/Menu20x4" -I../Drivers/STM32F4xx_HAL_Driver/Inc/Legacy -I../Drivers/CMSIS/Device/ST/STM32F4xx/Include -I../Drivers/CMSIS/Include -O0 -ffunction-sections -fdata-sections -Wall -fstack-usage -MMD -MP -MF"Drivers/STM32F4xx_HAL_Driver/Src/stm32f4xx_hal.d" -MT"Drivers/STM32F4xx_HAL_Driver/Src/stm32f4xx_hal.o" --specs=nano.specs -mfpu=fpv4-sp-d16 -mfloat-abi=hard -mthumb -o "Drivers/STM32F4xx_HAL_Driver/Src/stm32f4xx_hal.o"
arm-none-eabi-gcc "../Drivers/STM32F4xx_HAL_Driver/Src/stm32f4xx_hal_cortex.c" -mcpu=cortex-m4 -std=gnu11 -g3 -DDEBUG -DUSE_HAL_DRIVER -DSTM32F411xE -c -I../Core/Inc -I../Drivers/STM32F4xx_HAL_Driver/Inc -I"/home/shammman/Dokumenty/STM32_CubeIDE/Learning/UniBoxTemplate/Menu20x4" -I../Drivers/STM32F4xx_HAL_Driver/Inc/Legacy -I../Drivers/CMSIS/Device/ST/STM32F4xx/Include -I../Drivers/CMSIS/Include -O0 -ffunction-sections -fdata-sections -Wall -fstack-usage -MMD -MP -MF"Drivers/STM32F4xx_HAL_Driver/Src/stm32f4xx_hal_cortex.d" -MT"Drivers/STM32F4xx_HAL_Driver/Src/stm32f4xx_hal_cortex.o" --specs=nano.specs -mfpu=fpv4-sp-d16 -mfloat-abi=hard -mthumb -o "Drivers/STM32F4xx_HAL_Driver/Src/stm32f4xx_hal_cortex.o"
arm-none-eabi-gcc "../Drivers/STM32F4xx_HAL_Driver/Src/stm32f4xx_hal_dma.c" -mcpu=cortex-m4 -std=gnu11 -g3 -DDEBUG -DUSE_HAL_DRIVER -DSTM32F411xE -c -I../Core/Inc -I../Drivers/STM32F4xx_HAL_Driver/Inc -I"/home/shammman/Dokumenty/STM32_CubeIDE/Learning/UniBoxTemplate/Menu20x4" -I../Drivers/STM32F4xx_HAL_Driver/Inc/Legacy -I../Drivers/CMSIS/Device/ST/STM32F4xx/Include -I../Drivers/CMSIS/Include -O0 -ffunction-sections -fdata-sections -Wall -fstack-usage -MMD -MP -MF"Drivers/STM32F4xx_HAL_Driver/Src/stm32f4xx_hal_dma.d" -MT"Drivers/STM32F4xx_HAL_Driver/Src/stm32f4xx_hal_dma.o" --specs=nano.specs -mfpu=fpv4-sp-d16 -mfloat-abi=hard -mthumb -o "Drivers/STM32F4xx_HAL_Driver/Src/stm32f4xx_hal_dma.o"
arm-none-eabi-gcc "../Drivers/STM32F4xx_HAL_Driver/Src/stm32f4xx_hal_dma_ex.c" -mcpu=cortex-m4 -std=gnu11 -g3 -DDEBUG -DUSE_HAL_DRIVER -DSTM32F411xE -c -I../Core/Inc -I../Drivers/STM32F4xx_HAL_Driver/Inc -I"/home/shammman/Dokumenty/STM32_CubeIDE/Learning/UniBoxTemplate/Menu20x4" -I../Drivers/STM32F4xx_HAL_Driver/Inc/Legacy -I../Drivers/CMSIS/Device/ST/STM32F4xx/Include -I../Drivers/CMSIS/Include -O0 -ffunction-sections -fdata-sections -Wall -fstack-usage -MMD -MP -MF"Drivers/STM32F4xx_HAL_Driver/Src/stm32f4xx_hal_dma_ex.d" -MT"Drivers/STM32F4xx_HAL_Driver/Src/stm32f4xx_hal_dma_ex.o" --specs=nano.specs -mfpu=fpv4-sp-d16 -mfloat-abi=hard -mthumb -o "Drivers/STM32F4xx_HAL_Driver/Src/stm32f4xx_hal_dma_ex.o"
arm-none-eabi-gcc "../Drivers/STM32F4xx_HAL_Driver/Src/stm32f4xx_hal_exti.c" -mcpu=cortex-m4 -std=gnu11 -g3 -DDEBUG -DUSE_HAL_DRIVER -DSTM32F411xE -c -I../Core/Inc -I../Drivers/STM32F4xx_HAL_Driver/Inc -I"/home/shammman/Dokumenty/STM32_CubeIDE/Learning/UniBoxTemplate/Menu20x4" -I../Drivers/STM32F4xx_HAL_Driver/Inc/Legacy -I../Drivers/CMSIS/Device/ST/STM32F4xx/Include -I../Drivers/CMSIS/Include -O0 -ffunction-sections -fdata-sections -Wall -fstack-usage -MMD -MP -MF"Drivers/STM32F4xx_HAL_Driver/Src/stm32f4xx_hal_exti.d" -MT"Drivers/STM32F4xx_HAL_Driver/Src/stm32f4xx_hal_exti.o" --specs=nano.specs -mfpu=fpv4-sp-d16 -mfloat-abi=hard -mthumb -o "Drivers/STM32F4xx_HAL_Driver/Src/stm32f4xx_hal_exti.o"
arm-none-eabi-gcc "../Drivers/STM32F4xx_HAL_Driver/Src/stm32f4xx_hal_flash.c" -mcpu=cortex-m4 -std=gnu11 -g3 -DDEBUG -DUSE_HAL_DRIVER -DSTM32F411xE -c -I../Core/Inc -I../Drivers/STM32F4xx_HAL_Driver/Inc -I"/home/shammman/Dokumenty/STM32_CubeIDE/Learning/UniBoxTemplate/Menu20x4" -I../Drivers/STM32F4xx_HAL_Driver/Inc/Legacy -I../Drivers/CMSIS/Device/ST/STM32F4xx/Include -I../Drivers/CMSIS/Include -O0 -ffunction-sections -fdata-sections -Wall -fstack-usage -MMD -MP -MF"Drivers/STM32F4xx_HAL_Driver/Src/stm32f4xx_hal_flash.d" -MT"Drivers/STM32F4xx_HAL_Driver/Src/stm32f4xx_hal_flash.o" --specs=nano.specs -mfpu=fpv4-sp-d16 -mfloat-abi=hard -mthumb -o "Drivers/STM32F4xx_HAL_Driver/Src/stm32f4xx_hal_flash.o"
arm-none-eabi-gcc "../Drivers/STM32F4xx_HAL_Driver/Src/stm32f4xx_hal_flash_ex.c" -mcpu=cortex-m4 -std=gnu11 -g3 -DDEBUG -DUSE_HAL_DRIVER -DSTM32F411xE -c -I../Core/Inc -I../Drivers/STM32F4xx_HAL_Driver/Inc -I"/home/shammman/Dokumenty/STM32_CubeIDE/Learning/UniBoxTemplate/Menu20x4" -I../Drivers/STM32F4xx_HAL_Driver/Inc/Legacy -I../Drivers/CMSIS/Device/ST/STM32F4xx/Include -I../Drivers/CMSIS/Include -O0 -ffunction-sections -fdata-sections -Wall -fstack-usage -MMD -MP -MF"Drivers/STM32F4xx_HAL_Driver/Src/stm32f4xx_hal_flash_ex.d" -MT"Drivers/STM32F4xx_HAL_Driver/Src/stm32f4xx_hal_flash_ex.o" --specs=nano.specs -mfpu=fpv4-sp-d16 -mfloat-abi=hard -mthumb -o "Drivers/STM32F4xx_HAL_Driver/Src/stm32f4xx_hal_flash_ex.o"
arm-none-eabi-gcc "../Drivers/STM32F4xx_HAL_Driver/Src/stm32f4xx_hal_flash_ramfunc.c" -mcpu=cortex-m4 -std=gnu11 -g3 -DDEBUG -DUSE_HAL_DRIVER -DSTM32F411xE -c -I../Core/Inc -I../Drivers/STM32F4xx_HAL_Driver/Inc -I"/home/shammman/Dokumenty/STM32_CubeIDE/Learning/UniBoxTemplate/Menu20x4" -I../Drivers/STM32F4xx_HAL_Driver/Inc/Legacy -I../Drivers/CMSIS/Device/ST/STM32F4xx/Include -I../Drivers/CMSIS/Include -O0 -ffunction-sections -fdata-sections -Wall -fstack-usage -MMD -MP -MF"Drivers/STM32F4xx_HAL_Driver/Src/stm32f4xx_hal_flash_ramfunc.d" -MT"Drivers/STM32F4xx_HAL_Driver/Src/stm32f4xx_hal_flash_ramfunc.o" --specs=nano.specs -mfpu=fpv4-sp-d16 -mfloat-abi=hard -mthumb -o "Drivers/STM32F4xx_HAL_Driver/Src/stm32f4xx_hal_flash_ramfunc.o"
arm-none-eabi-gcc "../Drivers/STM32F4xx_HAL_Driver/Src/stm32f4xx_hal_gpio.c" -mcpu=cortex-m4 -std=gnu11 -g3 -DDEBUG -DUSE_HAL_DRIVER -DSTM32F411xE -c -I../Core/Inc -I../Drivers/STM32F4xx_HAL_Driver/Inc -I"/home/shammman/Dokumenty/STM32_CubeIDE/Learning/UniBoxTemplate/Menu20x4" -I../Drivers/STM32F4xx_HAL_Driver/Inc/Legacy -I../Drivers/CMSIS/Device/ST/STM32F4xx/Include -I../Drivers/CMSIS/Include -O0 -ffunction-sections -fdata-sections -Wall -fstack-usage -MMD -MP -MF"Drivers/STM32F4xx_HAL_Driver/Src/stm32f4xx_hal_gpio.d" -MT"Drivers/STM32F4xx_HAL_Driver/Src/stm32f4xx_hal_gpio.o" --specs=nano.specs -mfpu=fpv4-sp-d16 -mfloat-abi=hard -mthumb -o "Drivers/STM32F4xx_HAL_Driver/Src/stm32f4xx_hal_gpio.o"
arm-none-eabi-gcc "../Drivers/STM32F4xx_HAL_Driver/Src/stm32f4xx_hal_i2c.c" -mcpu=cortex-m4 -std=gnu11 -g3 -DDEBUG -DUSE_HAL_DRIVER -DSTM32F411xE -c -I../Core/Inc -I../Drivers/STM32F4xx_HAL_Driver/Inc -I"/home/shammman/Dokumenty/STM32_CubeIDE/Learning/UniBoxTemplate/Menu20x4" -I../Drivers/STM32F4xx_HAL_Driver/Inc/Legacy -I../Drivers/CMSIS/Device/ST/STM32F4xx/Include -I../Drivers/CMSIS/Include -O0 -ffunction-sections -fdata-sections -Wall -fstack-usage -MMD -MP -MF"Drivers/STM32F4xx_HAL_Driver/Src/stm32f4xx_hal_i2c.d" -MT"Drivers/STM32F4xx_HAL_Driver/Src/stm32f4xx_hal_i2c.o" --specs=nano.specs -mfpu=fpv4-sp-d16 -mfloat-abi=hard -mthumb -o "Drivers/STM32F4xx_HAL_Driver/Src/stm32f4xx_hal_i2c.o"
arm-none-eabi-gcc "../Drivers/STM32F4xx_HAL_Driver/Src/stm32f4xx_hal_i2c_ex.c" -mcpu=cortex-m4 -std=gnu11 -g3 -DDEBUG -DUSE_HAL_DRIVER -DSTM32F411xE -c -I../Core/Inc -I../Drivers/STM32F4xx_HAL_Driver/Inc -I"/home/shammman/Dokumenty/STM32_CubeIDE/Learning/UniBoxTemplate/Menu20x4" -I../Drivers/STM32F4xx_HAL_Driver/Inc/Legacy -I../Drivers/CMSIS/Device/ST/STM32F4xx/Include -I../Drivers/CMSIS/Include -O0 -ffunction-sections -fdata-sections -Wall -fstack-usage -MMD -MP -MF"Drivers/STM32F4xx_HAL_Driver/Src/stm32f4xx_hal_i2c_ex.d" -MT"Drivers/STM32F4xx_HAL_Driver/Src/stm32f4xx_hal_i2c_ex.o" --specs=nano.specs -mfpu=fpv4-sp-d16 -mfloat-abi=hard -mthumb -o "Drivers/STM32F4xx_HAL_Driver/Src/stm32f4xx_hal_i2c_ex.o"
arm-none-eabi-gcc "../Drivers/STM32F4xx_HAL_Driver/Src/stm32f4xx_hal_pwr.c" -mcpu=cortex-m4 -std=gnu11 -g3 -DDEBUG -DUSE_HAL_DRIVER -DSTM32F411xE -c -I../Core/Inc -I../Drivers/STM32F4xx_HAL_Driver/Inc -I"/home/shammman/Dokumenty/STM32_CubeIDE/Learning/UniBoxTemplate/Menu20x4" -I../Drivers/STM32F4xx_HAL_Driver/Inc/Legacy -I../Drivers/CMSIS/Device/ST/STM32F4xx/Include -I../Drivers/CMSIS/Include -O0 -ffunction-sections -fdata-sections -Wall -fstack-usage -MMD -MP -MF"Drivers/STM32F4xx_HAL_Driver/Src/stm32f4xx_hal_pwr.d" -MT"Drivers/STM32F4xx_HAL_Driver/Src/stm32f4xx_hal_pwr.o" --specs=nano.specs -mfpu=fpv4-sp-d16 -mfloat-abi=hard -mthumb -o "Drivers/STM32F4xx_HAL_Driver/Src/stm32f4xx_hal_pwr.o"
arm-none-eabi-gcc "../Drivers/STM32F4xx_HAL_Driver/Src/stm32f4xx_hal_pwr_ex.c" -mcpu=cortex-m4 -std=gnu11 -g3 -DDEBUG -DUSE_HAL_DRIVER -DSTM32F411xE -c -I../Core/Inc -I../Drivers/STM32F4xx_HAL_Driver/Inc -I"/home/shammman/Dokumenty/STM32_CubeIDE/Learning/UniBoxTemplate/Menu20x4" -I../Drivers/STM32F4xx_HAL_Driver/Inc/Legacy -I../Drivers/CMSIS/Device/ST/STM32F4xx/Include -I../Drivers/CMSIS/Include -O0 -ffunction-sections -fdata-sections -Wall -fstack-usage -MMD -MP -MF"Drivers/STM32F4xx_HAL_Driver/Src/stm32f4xx_hal_pwr_ex.d" -MT"Drivers/STM32F4xx_HAL_Driver/Src/stm32f4xx_hal_pwr_ex.o" --specs=nano.specs -mfpu=fpv4-sp-d16 -mfloat-abi=hard -mthumb -o "Drivers/STM32F4xx_HAL_Driver/Src/stm32f4xx_hal_pwr_ex.o"
arm-none-eabi-gcc "../Drivers/STM32F4xx_HAL_Driver/Src/stm32f4xx_hal_rcc.c" -mcpu=cortex-m4 -std=gnu11 -g3 -DDEBUG -DUSE_HAL_DRIVER -DSTM32F411xE -c -I../Core/Inc -I../Drivers/STM32F4xx_HAL_Driver/Inc -I"/home/shammman/Dokumenty/STM32_CubeIDE/Learning/UniBoxTemplate/Menu20x4" -I../Drivers/STM32F4xx_HAL_Driver/Inc/Legacy -I../Drivers/CMSIS/Device/ST/STM32F4xx/Include -I../Drivers/CMSIS/Include -O0 -ffunction-sections -fdata-sections -Wall -fstack-usage -MMD -MP -MF"Drivers/STM32F4xx_HAL_Driver/Src/stm32f4xx_hal_rcc.d" -MT"Drivers/STM32F4xx_HAL_Driver/Src/stm32f4xx_hal_rcc.o" --specs=nano.specs -mfpu=fpv4-sp-d16 -mfloat-abi=hard -mthumb -o "Drivers/STM32F4xx_HAL_Driver/Src/stm32f4xx_hal_rcc.o"
arm-none-eabi-gcc "../Drivers/STM32F4xx_HAL_Driver/Src/stm32f4xx_hal_rcc_ex.c" -mcpu=cortex-m4 -std=gnu11 -g3 -DDEBUG -DUSE_HAL_DRIVER -DSTM32F411xE -c -I../Core/Inc -I../Drivers/STM32F4xx_HAL_Driver/Inc -I"/home/shammman/Dokumenty/STM32_CubeIDE/Learning/UniBoxTemplate/Menu20x4" -I../Drivers/STM32F4xx_HAL_Driver/Inc/Legacy -I../Drivers/CMSIS/Device/ST/STM32F4xx/Include -I../Drivers/CMSIS/Include -O0 -ffunction-sections -fdata-sections -Wall -fstack-usage -MMD -MP -MF"Drivers/STM32F4xx_HAL_Driver/Src/stm32f4xx_hal_rcc_ex.d" -MT"Drivers/STM32F4xx_HAL_Driver/Src/stm32f4xx_hal_rcc_ex.o" --specs=nano.specs -mfpu=fpv4-sp-d16 -mfloat-abi=hard -mthumb -o "Drivers/STM32F4xx_HAL_Driver/Src/stm32f4xx_hal_rcc_ex.o"
arm-none-eabi-gcc "../Drivers/STM32F4xx_HAL_Driver/Src/stm32f4xx_hal_tim.c" -mcpu=cortex-m4 -std=gnu11 -g3 -DDEBUG -DUSE_HAL_DRIVER -DSTM32F411xE -c -I../Core/Inc -I../Drivers/STM32F4xx_HAL_Driver/Inc -I"/home/shammman/Dokumenty/STM32_CubeIDE/Learning/UniBoxTemplate/Menu20x4" -I../Drivers/STM32F4xx_HAL_Driver/Inc/Legacy -I../Drivers/CMSIS/Device/ST/STM32F4xx/Include -I../Drivers/CMSIS/Include -O0 -ffunction-sections -fdata-sections -Wall -fstack-usage -MMD -MP -MF"Drivers/STM32F4xx_HAL_Driver/Src/stm32f4xx_hal_tim.d" -MT"Drivers/STM32F4xx_HAL_Driver/Src/stm32f4xx_hal_tim.o" --specs=nano.specs -mfpu=fpv4-sp-d16 -mfloat-abi=hard -mthumb -o "Drivers/STM32F4xx_HAL_Driver/Src/stm32f4xx_hal_tim.o"
arm-none-eabi-gcc "../Drivers/STM32F4xx_HAL_Driver/Src/stm32f4xx_hal_tim_ex.c" -mcpu=cortex-m4 -std=gnu11 -g3 -DDEBUG -DUSE_HAL_DRIVER -DSTM32F411xE -c -I../Core/Inc -I../Drivers/STM32F4xx_HAL_Driver/Inc -I"/home/shammman/Dokumenty/STM32_CubeIDE/Learning/UniBoxTemplate/Menu20x4" -I../Drivers/STM32F4xx_HAL_Driver/Inc/Legacy -I../Drivers/CMSIS/Device/ST/STM32F4xx/Include -I../Drivers/CMSIS/Include -O0 -ffunction-sections -fdata-sections -Wall -fstack-usage -MMD -MP -MF"Drivers/STM32F4xx_HAL_Driver/Src/stm32f4xx_hal_tim_ex.d" -MT"Drivers/STM32F4xx_HAL_Driver/Src/stm32f4xx_hal_tim_ex.o" --specs=nano.specs -mfpu=fpv4-sp-d16 -mfloat-abi=hard -mthumb -o "Drivers/STM32F4xx_HAL_Driver/Src/stm32f4xx_hal_tim_ex.o"
arm-none-eabi-gcc "../Core/Src/main.c" -mcpu=cortex-m4 -std=gnu11 -g3 -DDEBUG -DUSE_HAL_DRIVER -DSTM32F411xE -c -I../Core/Inc -I../Drivers/STM32F4xx_HAL_Driver/Inc -I"/home/shammman/Dokumenty/STM32_CubeIDE/Learning/UniBoxTemplate/Menu20x4" -I../Drivers/STM32F4xx_HAL_Driver/Inc/Legacy -I../Drivers/CMSIS/Device/ST/STM32F4xx/Include -I../Drivers/CMSIS/Include -O0 -ffunction-sections -fdata-sections -Wall -fstack-usage -MMD -MP -MF"Core/Src/main.d" -MT"Core/Src/main.o" --specs=nano.specs -mfpu=fpv4-sp-d16 -mfloat-abi=hard -mthumb -o "Core/Src/main.o"
arm-none-eabi-gcc "../Core/Src/stm32f4xx_hal_msp.c" -mcpu=cortex-m4 -std=gnu11 -g3 -DDEBUG -DUSE_HAL_DRIVER -DSTM32F411xE -c -I../Core/Inc -I../Drivers/STM32F4xx_HAL_Driver/Inc -I"/home/shammman/Dokumenty/STM32_CubeIDE/Learning/UniBoxTemplate/Menu20x4" -I../Drivers/STM32F4xx_HAL_Driver/Inc/Legacy -I../Drivers/CMSIS/Device/ST/STM32F4xx/Include -I../Drivers/CMSIS/Include -O0 -ffunction-sections -fdata-sections -Wall -fstack-usage -MMD -MP -MF"Core/Src/stm32f4xx_hal_msp.d" -MT"Core/Src/stm32f4xx_hal_msp.o" --specs=nano.specs -mfpu=fpv4-sp-d16 -mfloat-abi=hard -mthumb -o "Core/Src/stm32f4xx_hal_msp.o"
arm-none-eabi-gcc "../Core/Src/stm32f4xx_it.c" -mcpu=cortex-m4 -std=gnu11 -g3 -DDEBUG -DUSE_HAL_DRIVER -DSTM32F411xE -c -I../Core/Inc -I../Drivers/STM32F4xx_HAL_Driver/Inc -I"/home/shammman/Dokumenty/STM32_CubeIDE/Learning/UniBoxTemplate/Menu20x4" -I../Drivers/STM32F4xx_HAL_Driver/Inc/Legacy -I../Drivers/CMSIS/Device/ST/STM32F4xx/Include -I../Drivers/CMSIS/Include -O0 -ffunction-sections -fdata-sections -Wall -fstack-usage -MMD -MP -MF"Core/Src/stm32f4xx_it.d" -MT"Core/Src/stm32f4xx_it.o" --specs=nano.specs -mfpu=fpv4-sp-d16 -mfloat-abi=hard -mthumb -o "Core/Src/stm32f4xx_it.o"
arm-none-eabi-gcc "../Core/Src/syscalls.c" -mcpu=cortex-m4 -std=gnu11 -g3 -DDEBUG -DUSE_HAL_DRIVER -DSTM32F411xE -c -I../Core/Inc -I../Drivers/STM32F4xx_HAL_Driver/Inc -I"/home/shammman/Dokumenty/STM32_CubeIDE/Learning/UniBoxTemplate/Menu20x4" -I../Drivers/STM32F4xx_HAL_Driver/Inc/Legacy -I../Drivers/CMSIS/Device/ST/STM32F4xx/Include -I../Drivers/CMSIS/Include -O0 -ffunction-sections -fdata-sections -Wall -fstack-usage -MMD -MP -MF"Core/Src/syscalls.d" -MT"Core/Src/syscalls.o" --specs=nano.specs -mfpu=fpv4-sp-d16 -mfloat-abi=hard -mthumb -o "Core/Src/syscalls.o"
arm-none-eabi-gcc "../Core/Src/sysmem.c" -mcpu=cortex-m4 -std=gnu11 -g3 -DDEBUG -DUSE_HAL_DRIVER -DSTM32F411xE -c -I../Core/Inc -I../Drivers/STM32F4xx_HAL_Driver/Inc -I"/home/shammman/Dokumenty/STM32_CubeIDE/Learning/UniBoxTemplate/Menu20x4" -I../Drivers/STM32F4xx_HAL_Driver/Inc/Legacy -I../Drivers/CMSIS/Device/ST/STM32F4xx/Include -I../Drivers/CMSIS/Include -O0 -ffunction-sections -fdata-sections -Wall -fstack-usage -MMD -MP -MF"Core/Src/sysmem.d" -MT"Core/Src/sysmem.o" --specs=nano.specs -mfpu=fpv4-sp-d16 -mfloat-abi=hard -mthumb -o "Core/Src/sysmem.o"
arm-none-eabi-gcc "../Core/Src/system_stm32f4xx.c" -mcpu=cortex-m4 -std=gnu11 -g3 -DDEBUG -DUSE_HAL_DRIVER -DSTM32F411xE -c -I../Core/Inc -I../Drivers/STM32F4xx_HAL_Driver/Inc -I"/home/shammman/Dokumenty/STM32_CubeIDE/Learning/UniBoxTemplate/Menu20x4" -I../Drivers/STM32F4xx_HAL_Driver/Inc/Legacy -I../Drivers/CMSIS/Device/ST/STM32F4xx/Include -I../Drivers/CMSIS/Include -O0 -ffunction-sections -fdata-sections -Wall -fstack-usage -MMD -MP -MF"Core/Src/system_stm32f4xx.d" -MT"Core/Src/system_stm32f4xx.o" --specs=nano.specs -mfpu=fpv4-sp-d16 -mfloat-abi=hard -mthumb -o "Core/Src/system_stm32f4xx.o"
arm-none-eabi-g++ -o "UniBoxTemplate.elf" @"objects.list"   -mcpu=cortex-m4 -T"/home/shammman/Dokumenty/STM32_CubeIDE/Learning/UniBoxTemplate/STM32F411VETX_FLASH.ld" --specs=nosys.specs -Wl,-Map="UniBoxTemplate.map" -Wl,--gc-sections -static --specs=nano.specs -mfpu=fpv4-sp-d16 -mfloat-abi=hard -mthumb -Wl,--start-group -lc -lm -lstdc++ -lsupc++ -Wl,--end-group
Finished building target: UniBoxTemplate.elf
 
arm-none-eabi-size   UniBoxTemplate.elf 
arm-none-eabi-objdump -h -S  UniBoxTemplate.elf  > "UniBoxTemplate.list"
   text	   data	    bss	    dec	    hex	filename
   7344	     20	   1740	   9104	   2390	UniBoxTemplate.elf
Finished building: default.size.stdout
 
Finished building: UniBoxTemplate.list
 
14:00:46 **** Incremental Build of configuration Debug for project UniBoxTemplate ****
make -j4 all 
arm-none-eabi-gcc "../Core/Src/main.c" -mcpu=cortex-m4 -std=gnu11 -g3 -DDEBUG -DUSE_HAL_DRIVER -DSTM32F411xE -c -I../Core/Inc -I../Drivers/STM32F4xx_HAL_Driver/Inc -I"/home/shammman/Dokumenty/STM32_CubeIDE/Learning/UniBoxTemplate/Menu20x4" -I../Drivers/STM32F4xx_HAL_Driver/Inc/Legacy -I../Drivers/CMSIS/Device/ST/STM32F4xx/Include -I../Drivers/CMSIS/Include -O0 -ffunction-sections -fdata-sections -Wall -fstack-usage -MMD -MP -MF"Core/Src/main.d" -MT"Core/Src/main.o" --specs=nano.specs -mfpu=fpv4-sp-d16 -mfloat-abi=hard -mthumb -o "Core/Src/main.o"
arm-none-eabi-g++ -o "UniBoxTemplate.elf" @"objects.list"   -mcpu=cortex-m4 -T"/home/shammman/Dokumenty/STM32_CubeIDE/Learning/UniBoxTemplate/STM32F411VETX_FLASH.ld" --specs=nosys.specs -Wl,-Map="UniBoxTemplate.map" -Wl,--gc-sections -static --specs=nano.specs -mfpu=fpv4-sp-d16 -mfloat-abi=hard -mthumb -Wl,--start-group -lc -lm -lstdc++ -lsupc++ -Wl,--end-group
Finished building target: UniBoxTemplate.elf
 
arm-none-eabi-size   UniBoxTemplate.elf 
arm-none-eabi-objdump -h -S  UniBoxTemplate.elf  > "UniBoxTemplate.list"
   text	   data	    bss	    dec	    hex	filename
   7344	     20	   1740	   9104	   2390	UniBoxTemplate.elf
Finished building: default.size.stdout
 
Finished building: UniBoxTemplate.list
 
14:02:54 **** Incremental Build of configuration Debug for project UniBoxTemplate ****
make -j4 all 
arm-none-eabi-size   UniBoxTemplate.elf 
   text	   data	    bss	    dec	    hex	filename
   7344	     20	   1740	   9104	   2390	UniBoxTemplate.elf
Finished building: default.size.stdout
 
14:05:13 **** Incremental Build of configuration Debug for project UniBoxTemplate ****
make -j4 all 
arm-none-eabi-size   UniBoxTemplate.elf 
   text	   data	    bss	    dec	    hex	filename
   7344	     20	   1740	   9104	   2390	UniBoxTemplate.elf
Finished building: default.size.stdout
 
14:20:34 **** Incremental Build of configuration Debug for project UniBoxTemplate ****
make -j4 all 
arm-none-eabi-size   UniBoxTemplate.elf 
   text	   data	    bss	    dec	    hex	filename
   7344	     20	   1740	   9104	   2390	UniBoxTemplate.elf
Finished building: default.size.stdout
 
14:23:06 **** Incremental Build of configuration Debug for project UniBoxTemplate ****
make -j4 all 
arm-none-eabi-gcc "../Core/Src/main.c" -mcpu=cortex-m4 -std=gnu11 -g3 -DDEBUG -DUSE_HAL_DRIVER -DSTM32F411xE -c -I../Core/Inc -I../Drivers/STM32F4xx_HAL_Driver/Inc -I"/home/shammman/Dokumenty/STM32_CubeIDE/Learning/UniBoxTemplate/Menu20x4" -I../Drivers/STM32F4xx_HAL_Driver/Inc/Legacy -I../Drivers/CMSIS/Device/ST/STM32F4xx/Include -I../Drivers/CMSIS/Include -O0 -ffunction-sections -fdata-sections -Wall -fstack-usage -MMD -MP -MF"Core/Src/main.d" -MT"Core/Src/main.o" --specs=nano.specs -mfpu=fpv4-sp-d16 -mfloat-abi=hard -mthumb -o "Core/Src/main.o"
arm-none-eabi-g++ -o "UniBoxTemplate.elf" @"objects.list"   -mcpu=cortex-m4 -T"/home/shammman/Dokumenty/STM32_CubeIDE/Learning/UniBoxTemplate/STM32F411VETX_FLASH.ld" --specs=nosys.specs -Wl,-Map="UniBoxTemplate.map" -Wl,--gc-sections -static --specs=nano.specs -mfpu=fpv4-sp-d16 -mfloat-abi=hard -mthumb -Wl,--start-group -lc -lm -lstdc++ -lsupc++ -Wl,--end-group
/opt/st/stm32cubeide_1.9.0/plugins/com.st.stm32cube.ide.mcu.externaltools.gnu-tools-for-stm32.10.3-2021.10.linux64_1.0.0.202111181127/tools/bin/../lib/gcc/arm-none-eabi/10.3.1/../../../../arm-none-eabi/bin/ld: ./Core/Src/main.o: in function `main':
/home/shammman/Dokumenty/STM32_CubeIDE/Learning/UniBoxTemplate/Debug/../Core/Src/main.c:95: undefined reference to `lcd_init'
collect2: error: ld returned 1 exit status
make: *** [makefile:79: UniBoxTemplate.elf] Error 1
"make -j4 all" terminated with exit code 2. Build might be incomplete.
14:23:57 **** Incremental Build of configuration Debug for project UniBoxTemplate ****
make -j4 all 
arm-none-eabi-gcc "../Core/Src/main.c" -mcpu=cortex-m4 -std=gnu11 -g3 -DDEBUG -DUSE_HAL_DRIVER -DSTM32F411xE -c -I../Core/Inc -I../Drivers/STM32F4xx_HAL_Driver/Inc -I"/home/shammman/Dokumenty/STM32_CubeIDE/Learning/UniBoxTemplate/Menu20x4" -I../Drivers/STM32F4xx_HAL_Driver/Inc/Legacy -I../Drivers/CMSIS/Device/ST/STM32F4xx/Include -I../Drivers/CMSIS/Include -O0 -ffunction-sections -fdata-sections -Wall -fstack-usage -MMD -MP -MF"Core/Src/main.d" -MT"Core/Src/main.o" --specs=nano.specs -mfpu=fpv4-sp-d16 -mfloat-abi=hard -mthumb -o "Core/Src/main.o"
arm-none-eabi-g++ -o "UniBoxTemplate.elf" @"objects.list"   -mcpu=cortex-m4 -T"/home/shammman/Dokumenty/STM32_CubeIDE/Learning/UniBoxTemplate/STM32F411VETX_FLASH.ld" --specs=nosys.specs -Wl,-Map="UniBoxTemplate.map" -Wl,--gc-sections -static --specs=nano.specs -mfpu=fpv4-sp-d16 -mfloat-abi=hard -mthumb -Wl,--start-group -lc -lm -lstdc++ -lsupc++ -Wl,--end-group
/opt/st/stm32cubeide_1.9.0/plugins/com.st.stm32cube.ide.mcu.externaltools.gnu-tools-for-stm32.10.3-2021.10.linux64_1.0.0.202111181127/tools/bin/../lib/gcc/arm-none-eabi/10.3.1/../../../../arm-none-eabi/bin/ld: ./Core/Src/main.o: in function `main':
/home/shammman/Dokumenty/STM32_CubeIDE/Learning/UniBoxTemplate/Debug/../Core/Src/main.c:96: undefined reference to `lcd_init'
collect2: error: ld returned 1 exit status
make: *** [makefile:79: UniBoxTemplate.elf] Error 1
"make -j4 all" terminated with exit code 2. Build might be incomplete.
14:24:14 **** Incremental Build of configuration Debug for project UniBoxTemplate ****
make -j4 all 
arm-none-eabi-gcc "../Core/Src/main.c" -mcpu=cortex-m4 -std=gnu11 -g3 -DDEBUG -DUSE_HAL_DRIVER -DSTM32F411xE -c -I../Core/Inc -I../Drivers/STM32F4xx_HAL_Driver/Inc -I"/home/shammman/Dokumenty/STM32_CubeIDE/Learning/UniBoxTemplate/Menu20x4" -I../Drivers/STM32F4xx_HAL_Driver/Inc/Legacy -I../Drivers/CMSIS/Device/ST/STM32F4xx/Include -I../Drivers/CMSIS/Include -O0 -ffunction-sections -fdata-sections -Wall -fstack-usage -MMD -MP -MF"Core/Src/main.d" -MT"Core/Src/main.o" --specs=nano.specs -mfpu=fpv4-sp-d16 -mfloat-abi=hard -mthumb -o "Core/Src/main.o"
arm-none-eabi-g++ -o "UniBoxTemplate.elf" @"objects.list"   -mcpu=cortex-m4 -T"/home/shammman/Dokumenty/STM32_CubeIDE/Learning/UniBoxTemplate/STM32F411VETX_FLASH.ld" --specs=nosys.specs -Wl,-Map="UniBoxTemplate.map" -Wl,--gc-sections -static --specs=nano.specs -mfpu=fpv4-sp-d16 -mfloat-abi=hard -mthumb -Wl,--start-group -lc -lm -lstdc++ -lsupc++ -Wl,--end-group
/opt/st/stm32cubeide_1.9.0/plugins/com.st.stm32cube.ide.mcu.externaltools.gnu-tools-for-stm32.10.3-2021.10.linux64_1.0.0.202111181127/tools/bin/../lib/gcc/arm-none-eabi/10.3.1/../../../../arm-none-eabi/bin/ld: ./Core/Src/main.o: in function `main':
/home/shammman/Dokumenty/STM32_CubeIDE/Learning/UniBoxTemplate/Debug/../Core/Src/main.c:96: undefined reference to `lcd_init'
collect2: error: ld returned 1 exit status
make: *** [makefile:79: UniBoxTemplate.elf] Error 1
"make -j4 all" terminated with exit code 2. Build might be incomplete.
14:24:26 **** Incremental Build of configuration Debug for project UniBoxTemplate ****
make -j4 all 
arm-none-eabi-gcc "../Core/Src/main.c" -mcpu=cortex-m4 -std=gnu11 -g3 -DDEBUG -DUSE_HAL_DRIVER -DSTM32F411xE -c -I../Core/Inc -I../Drivers/STM32F4xx_HAL_Driver/Inc -I"/home/shammman/Dokumenty/STM32_CubeIDE/Learning/UniBoxTemplate/Menu20x4" -I../Drivers/STM32F4xx_HAL_Driver/Inc/Legacy -I../Drivers/CMSIS/Device/ST/STM32F4xx/Include -I../Drivers/CMSIS/Include -O0 -ffunction-sections -fdata-sections -Wall -fstack-usage -MMD -MP -MF"Core/Src/main.d" -MT"Core/Src/main.o" --specs=nano.specs -mfpu=fpv4-sp-d16 -mfloat-abi=hard -mthumb -o "Core/Src/main.o"
arm-none-eabi-g++ -o "UniBoxTemplate.elf" @"objects.list"   -mcpu=cortex-m4 -T"/home/shammman/Dokumenty/STM32_CubeIDE/Learning/UniBoxTemplate/STM32F411VETX_FLASH.ld" --specs=nosys.specs -Wl,-Map="UniBoxTemplate.map" -Wl,--gc-sections -static --specs=nano.specs -mfpu=fpv4-sp-d16 -mfloat-abi=hard -mthumb -Wl,--start-group -lc -lm -lstdc++ -lsupc++ -Wl,--end-group
/opt/st/stm32cubeide_1.9.0/plugins/com.st.stm32cube.ide.mcu.externaltools.gnu-tools-for-stm32.10.3-2021.10.linux64_1.0.0.202111181127/tools/bin/../lib/gcc/arm-none-eabi/10.3.1/../../../../arm-none-eabi/bin/ld: ./Core/Src/main.o: in function `main':
/home/shammman/Dokumenty/STM32_CubeIDE/Learning/UniBoxTemplate/Debug/../Core/Src/main.c:96: undefined reference to `lcd_init'
collect2: error: ld returned 1 exit status
make: *** [makefile:79: UniBoxTemplate.elf] Error 1
"make -j4 all" terminated with exit code 2. Build might be incomplete.
14:24:58 **** Incremental Build of configuration Debug for project UniBoxTemplate ****
make -j4 all 
arm-none-eabi-gcc "../Core/Src/main.c" -mcpu=cortex-m4 -std=gnu11 -g3 -DDEBUG -DUSE_HAL_DRIVER -DSTM32F411xE -c -I../Core/Inc -I../Drivers/STM32F4xx_HAL_Driver/Inc -I"/home/shammman/Dokumenty/STM32_CubeIDE/Learning/UniBoxTemplate/Menu20x4" -I../Drivers/STM32F4xx_HAL_Driver/Inc/Legacy -I../Drivers/CMSIS/Device/ST/STM32F4xx/Include -I../Drivers/CMSIS/Include -O0 -ffunction-sections -fdata-sections -Wall -fstack-usage -MMD -MP -MF"Core/Src/main.d" -MT"Core/Src/main.o" --specs=nano.specs -mfpu=fpv4-sp-d16 -mfloat-abi=hard -mthumb -o "Core/Src/main.o"
arm-none-eabi-g++ -o "UniBoxTemplate.elf" @"objects.list"   -mcpu=cortex-m4 -T"/home/shammman/Dokumenty/STM32_CubeIDE/Learning/UniBoxTemplate/STM32F411VETX_FLASH.ld" --specs=nosys.specs -Wl,-Map="UniBoxTemplate.map" -Wl,--gc-sections -static --specs=nano.specs -mfpu=fpv4-sp-d16 -mfloat-abi=hard -mthumb -Wl,--start-group -lc -lm -lstdc++ -lsupc++ -Wl,--end-group
/opt/st/stm32cubeide_1.9.0/plugins/com.st.stm32cube.ide.mcu.externaltools.gnu-tools-for-stm32.10.3-2021.10.linux64_1.0.0.202111181127/tools/bin/../lib/gcc/arm-none-eabi/10.3.1/../../../../arm-none-eabi/bin/ld: ./Core/Src/main.o: in function `main':
/home/shammman/Dokumenty/STM32_CubeIDE/Learning/UniBoxTemplate/Debug/../Core/Src/main.c:96: undefined reference to `lcd_init'
/opt/st/stm32cubeide_1.9.0/plugins/com.st.stm32cube.ide.mcu.externaltools.gnu-tools-for-stm32.10.3-2021.10.linux64_1.0.0.202111181127/tools/bin/../lib/gcc/arm-none-eabi/10.3.1/../../../../arm-none-eabi/bin/ld: /home/shammman/Dokumenty/STM32_CubeIDE/Learning/UniBoxTemplate/Debug/../Core/Src/main.c:97: undefined reference to `lcd_line_1'
collect2: error: ld returned 1 exit status
make: *** [makefile:79: UniBoxTemplate.elf] Error 1
"make -j4 all" terminated with exit code 2. Build might be incomplete.
14:25:29 **** Incremental Build of configuration Debug for project UniBoxTemplate ****
make -j4 all 
arm-none-eabi-gcc "../Core/Src/main.c" -mcpu=cortex-m4 -std=gnu11 -g3 -DDEBUG -DUSE_HAL_DRIVER -DSTM32F411xE -c -I../Core/Inc -I../Drivers/STM32F4xx_HAL_Driver/Inc -I"/home/shammman/Dokumenty/STM32_CubeIDE/Learning/UniBoxTemplate/Menu20x4" -I../Drivers/STM32F4xx_HAL_Driver/Inc/Legacy -I../Drivers/CMSIS/Device/ST/STM32F4xx/Include -I../Drivers/CMSIS/Include -O0 -ffunction-sections -fdata-sections -Wall -fstack-usage -MMD -MP -MF"Core/Src/main.d" -MT"Core/Src/main.o" --specs=nano.specs -mfpu=fpv4-sp-d16 -mfloat-abi=hard -mthumb -o "Core/Src/main.o"
arm-none-eabi-g++ -o "UniBoxTemplate.elf" @"objects.list"   -mcpu=cortex-m4 -T"/home/shammman/Dokumenty/STM32_CubeIDE/Learning/UniBoxTemplate/STM32F411VETX_FLASH.ld" --specs=nosys.specs -Wl,-Map="UniBoxTemplate.map" -Wl,--gc-sections -static --specs=nano.specs -mfpu=fpv4-sp-d16 -mfloat-abi=hard -mthumb -Wl,--start-group -lc -lm -lstdc++ -lsupc++ -Wl,--end-group
/opt/st/stm32cubeide_1.9.0/plugins/com.st.stm32cube.ide.mcu.externaltools.gnu-tools-for-stm32.10.3-2021.10.linux64_1.0.0.202111181127/tools/bin/../lib/gcc/arm-none-eabi/10.3.1/../../../../arm-none-eabi/bin/ld: ./Core/Src/main.o: in function `main':
/home/shammman/Dokumenty/STM32_CubeIDE/Learning/UniBoxTemplate/Debug/../Core/Src/main.c:96: undefined reference to `lcd_line_1'
/opt/st/stm32cubeide_1.9.0/plugins/com.st.stm32cube.ide.mcu.externaltools.gnu-tools-for-stm32.10.3-2021.10.linux64_1.0.0.202111181127/tools/bin/../lib/gcc/arm-none-eabi/10.3.1/../../../../arm-none-eabi/bin/ld: /home/shammman/Dokumenty/STM32_CubeIDE/Learning/UniBoxTemplate/Debug/../Core/Src/main.c:97: undefined reference to `lcd_init'
collect2: error: ld returned 1 exit status
make: *** [makefile:79: UniBoxTemplate.elf] Error 1
"make -j4 all" terminated with exit code 2. Build might be incomplete.
14:25:37 **** Incremental Build of configuration Debug for project UniBoxTemplate ****
make -j4 all 
arm-none-eabi-gcc "../Core/Src/main.c" -mcpu=cortex-m4 -std=gnu11 -g3 -DDEBUG -DUSE_HAL_DRIVER -DSTM32F411xE -c -I../Core/Inc -I../Drivers/STM32F4xx_HAL_Driver/Inc -I"/home/shammman/Dokumenty/STM32_CubeIDE/Learning/UniBoxTemplate/Menu20x4" -I../Drivers/STM32F4xx_HAL_Driver/Inc/Legacy -I../Drivers/CMSIS/Device/ST/STM32F4xx/Include -I../Drivers/CMSIS/Include -O0 -ffunction-sections -fdata-sections -Wall -fstack-usage -MMD -MP -MF"Core/Src/main.d" -MT"Core/Src/main.o" --specs=nano.specs -mfpu=fpv4-sp-d16 -mfloat-abi=hard -mthumb -o "Core/Src/main.o"
arm-none-eabi-g++ -o "UniBoxTemplate.elf" @"objects.list"   -mcpu=cortex-m4 -T"/home/shammman/Dokumenty/STM32_CubeIDE/Learning/UniBoxTemplate/STM32F411VETX_FLASH.ld" --specs=nosys.specs -Wl,-Map="UniBoxTemplate.map" -Wl,--gc-sections -static --specs=nano.specs -mfpu=fpv4-sp-d16 -mfloat-abi=hard -mthumb -Wl,--start-group -lc -lm -lstdc++ -lsupc++ -Wl,--end-group
Finished building target: UniBoxTemplate.elf
 
arm-none-eabi-size   UniBoxTemplate.elf 
arm-none-eabi-objdump -h -S  UniBoxTemplate.elf  > "UniBoxTemplate.list"
   text	   data	    bss	    dec	    hex	filename
   7344	     20	   1740	   9104	   2390	UniBoxTemplate.elf
Finished building: default.size.stdout
 
Finished building: UniBoxTemplate.list
 
14:26:31 **** Incremental Build of configuration Debug for project UniBoxTemplate ****
make -j4 all 
arm-none-eabi-gcc "../Core/Src/main.c" -mcpu=cortex-m4 -std=gnu11 -g3 -DDEBUG -DUSE_HAL_DRIVER -DSTM32F411xE -c -I../Core/Inc -I../Drivers/STM32F4xx_HAL_Driver/Inc -I"/home/shammman/Dokumenty/STM32_CubeIDE/Learning/UniBoxTemplate/Menu20x4" -I../Drivers/STM32F4xx_HAL_Driver/Inc/Legacy -I../Drivers/CMSIS/Device/ST/STM32F4xx/Include -I../Drivers/CMSIS/Include -O0 -ffunction-sections -fdata-sections -Wall -fstack-usage -MMD -MP -MF"Core/Src/main.d" -MT"Core/Src/main.o" --specs=nano.specs -mfpu=fpv4-sp-d16 -mfloat-abi=hard -mthumb -o "Core/Src/main.o"
../Core/Src/main.c: In function 'main':
../Core/Src/main.c:105:13: error: 'GPIO_Pin' undeclared (first use in this function); did you mean 'GPIO_PinState'?
  105 |    Key_Read(GPIO_Pin);
      |             ^~~~~~~~
      |             GPIO_PinState
../Core/Src/main.c:105:13: note: each undeclared identifier is reported only once for each function it appears in
make: *** [Core/Src/subdir.mk:34: Core/Src/main.o] Error 1
"make -j4 all" terminated with exit code 2. Build might be incomplete.
14:26:43 **** Incremental Build of configuration Debug for project UniBoxTemplate ****
make -j4 all 
arm-none-eabi-gcc "../Core/Src/main.c" -mcpu=cortex-m4 -std=gnu11 -g3 -DDEBUG -DUSE_HAL_DRIVER -DSTM32F411xE -c -I../Core/Inc -I../Drivers/STM32F4xx_HAL_Driver/Inc -I"/home/shammman/Dokumenty/STM32_CubeIDE/Learning/UniBoxTemplate/Menu20x4" -I../Drivers/STM32F4xx_HAL_Driver/Inc/Legacy -I../Drivers/CMSIS/Device/ST/STM32F4xx/Include -I../Drivers/CMSIS/Include -O0 -ffunction-sections -fdata-sections -Wall -fstack-usage -MMD -MP -MF"Core/Src/main.d" -MT"Core/Src/main.o" --specs=nano.specs -mfpu=fpv4-sp-d16 -mfloat-abi=hard -mthumb -o "Core/Src/main.o"
arm-none-eabi-g++ -o "UniBoxTemplate.elf" @"objects.list"   -mcpu=cortex-m4 -T"/home/shammman/Dokumenty/STM32_CubeIDE/Learning/UniBoxTemplate/STM32F411VETX_FLASH.ld" --specs=nosys.specs -Wl,-Map="UniBoxTemplate.map" -Wl,--gc-sections -static --specs=nano.specs -mfpu=fpv4-sp-d16 -mfloat-abi=hard -mthumb -Wl,--start-group -lc -lm -lstdc++ -lsupc++ -Wl,--end-group
/opt/st/stm32cubeide_1.9.0/plugins/com.st.stm32cube.ide.mcu.externaltools.gnu-tools-for-stm32.10.3-2021.10.linux64_1.0.0.202111181127/tools/bin/../lib/gcc/arm-none-eabi/10.3.1/../../../../arm-none-eabi/bin/ld: ./Core/Src/main.o: in function `main':
/home/shammman/Dokumenty/STM32_CubeIDE/Learning/UniBoxTemplate/Debug/../Core/Src/main.c:105: undefined reference to `Key_Read'
collect2: error: ld returned 1 exit status
make: *** [makefile:79: UniBoxTemplate.elf] Error 1
"make -j4 all" terminated with exit code 2. Build might be incomplete.
14:28:19 **** Incremental Build of configuration Debug for project UniBoxTemplate ****
make -j4 all 
arm-none-eabi-gcc "../Core/Src/main.c" -mcpu=cortex-m4 -std=gnu11 -g3 -DDEBUG -DUSE_HAL_DRIVER -DSTM32F411xE -c -I../Core/Inc -I../Drivers/STM32F4xx_HAL_Driver/Inc -I"/home/shammman/Dokumenty/STM32_CubeIDE/Learning/UniBoxTemplate/Menu20x4" -I../Drivers/STM32F4xx_HAL_Driver/Inc/Legacy -I../Drivers/CMSIS/Device/ST/STM32F4xx/Include -I../Drivers/CMSIS/Include -O0 -ffunction-sections -fdata-sections -Wall -fstack-usage -MMD -MP -MF"Core/Src/main.d" -MT"Core/Src/main.o" --specs=nano.specs -mfpu=fpv4-sp-d16 -mfloat-abi=hard -mthumb -o "Core/Src/main.o"
arm-none-eabi-g++ -o "UniBoxTemplate.elf" @"objects.list"   -mcpu=cortex-m4 -T"/home/shammman/Dokumenty/STM32_CubeIDE/Learning/UniBoxTemplate/STM32F411VETX_FLASH.ld" --specs=nosys.specs -Wl,-Map="UniBoxTemplate.map" -Wl,--gc-sections -static --specs=nano.specs -mfpu=fpv4-sp-d16 -mfloat-abi=hard -mthumb -Wl,--start-group -lc -lm -lstdc++ -lsupc++ -Wl,--end-group
/opt/st/stm32cubeide_1.9.0/plugins/com.st.stm32cube.ide.mcu.externaltools.gnu-tools-for-stm32.10.3-2021.10.linux64_1.0.0.202111181127/tools/bin/../lib/gcc/arm-none-eabi/10.3.1/../../../../arm-none-eabi/bin/ld: ./Core/Src/main.o: in function `main':
/home/shammman/Dokumenty/STM32_CubeIDE/Learning/UniBoxTemplate/Debug/../Core/Src/main.c:105: undefined reference to `Key_Read'
collect2: error: ld returned 1 exit status
make: *** [makefile:79: UniBoxTemplate.elf] Error 1
"make -j4 all" terminated with exit code 2. Build might be incomplete.
14:29:21 **** Incremental Build of configuration Debug for project UniBoxTemplate ****
make -j4 all 
arm-none-eabi-g++ -o "UniBoxTemplate.elf" @"objects.list"  -l/home/shammman/Dokumenty/STM32_CubeIDE/Learning/UniBoxTemplate/Menu20x4 -mcpu=cortex-m4 -T"/home/shammman/Dokumenty/STM32_CubeIDE/Learning/UniBoxTemplate/STM32F411VETX_FLASH.ld" --specs=nosys.specs -Wl,-Map="UniBoxTemplate.map" -Wl,--gc-sections -static --specs=nano.specs -mfpu=fpv4-sp-d16 -mfloat-abi=hard -mthumb -Wl,--start-group -lc -lm -lstdc++ -lsupc++ -Wl,--end-group
/opt/st/stm32cubeide_1.9.0/plugins/com.st.stm32cube.ide.mcu.externaltools.gnu-tools-for-stm32.10.3-2021.10.linux64_1.0.0.202111181127/tools/bin/../lib/gcc/arm-none-eabi/10.3.1/../../../../arm-none-eabi/bin/ld: cannot find -l/home/shammman/Dokumenty/STM32_CubeIDE/Learning/UniBoxTemplate/Menu20x4
collect2: error: ld returned 1 exit status
make: *** [makefile:79: UniBoxTemplate.elf] Error 1
"make -j4 all" terminated with exit code 2. Build might be incomplete.
14:29:59 **** Incremental Build of configuration Debug for project UniBoxTemplate ****
make -j4 all 
arm-none-eabi-g++ -o "UniBoxTemplate.elf" @"objects.list"  -l/home/shammman/Dokumenty/STM32_CubeIDE/Learning/UniBoxTemplate/Menu20x4 -mcpu=cortex-m4 -T"/home/shammman/Dokumenty/STM32_CubeIDE/Learning/UniBoxTemplate/STM32F411VETX_FLASH.ld" --specs=nosys.specs -Wl,-Map="UniBoxTemplate.map" -Wl,--gc-sections -static --specs=nano.specs -mfpu=fpv4-sp-d16 -mfloat-abi=hard -mthumb -Wl,--start-group -lc -lm -lstdc++ -lsupc++ -Wl,--end-group
/opt/st/stm32cubeide_1.9.0/plugins/com.st.stm32cube.ide.mcu.externaltools.gnu-tools-for-stm32.10.3-2021.10.linux64_1.0.0.202111181127/tools/bin/../lib/gcc/arm-none-eabi/10.3.1/../../../../arm-none-eabi/bin/ld: cannot find -l/home/shammman/Dokumenty/STM32_CubeIDE/Learning/UniBoxTemplate/Menu20x4
collect2: error: ld returned 1 exit status
make: *** [makefile:79: UniBoxTemplate.elf] Error 1
"make -j4 all" terminated with exit code 2. Build might be incomplete.
14:30:34 **** Incremental Build of configuration Debug for project UniBoxTemplate ****
make -j4 all 
arm-none-eabi-g++ -o "UniBoxTemplate.elf" @"objects.list"   -mcpu=cortex-m4 -T"/home/shammman/Dokumenty/STM32_CubeIDE/Learning/UniBoxTemplate/STM32F411VETX_FLASH.ld" --specs=nosys.specs -Wl,-Map="UniBoxTemplate.map" -Wl,--gc-sections -static -L"/home/shammman/Dokumenty/STM32_CubeIDE/Learning/UniBoxTemplate/Menu20x4" --specs=nano.specs -mfpu=fpv4-sp-d16 -mfloat-abi=hard -mthumb -Wl,--start-group -lc -lm -lstdc++ -lsupc++ -Wl,--end-group
/opt/st/stm32cubeide_1.9.0/plugins/com.st.stm32cube.ide.mcu.externaltools.gnu-tools-for-stm32.10.3-2021.10.linux64_1.0.0.202111181127/tools/bin/../lib/gcc/arm-none-eabi/10.3.1/../../../../arm-none-eabi/bin/ld: ./Core/Src/main.o: in function `main':
/home/shammman/Dokumenty/STM32_CubeIDE/Learning/UniBoxTemplate/Debug/../Core/Src/main.c:105: undefined reference to `Key_Read'
collect2: error: ld returned 1 exit status
make: *** [makefile:79: UniBoxTemplate.elf] Error 1
"make -j4 all" terminated with exit code 2. Build might be incomplete.
14:33:02 **** Incremental Build of configuration Debug for project UniBoxTemplate ****
make -j4 all 
arm-none-eabi-gcc "../Drivers/STM32F4xx_HAL_Driver/Src/stm32f4xx_hal.c" -mcpu=cortex-m4 -std=gnu11 -g3 -DDEBUG -DUSE_HAL_DRIVER -DSTM32F411xE -c -I../Core/Inc -I"/home/shammman/Dokumenty/STM32_CubeIDE/Learning/UniBoxTemplate/Menu20x4" -I../Drivers/STM32F4xx_HAL_Driver/Inc -I../Drivers/STM32F4xx_HAL_Driver/Inc/Legacy -I../Drivers/CMSIS/Device/ST/STM32F4xx/Include -I../Drivers/CMSIS/Include -O0 -ffunction-sections -fdata-sections -Wall -fstack-usage -MMD -MP -MF"Drivers/STM32F4xx_HAL_Driver/Src/stm32f4xx_hal.d" -MT"Drivers/STM32F4xx_HAL_Driver/Src/stm32f4xx_hal.o" --specs=nano.specs -mfpu=fpv4-sp-d16 -mfloat-abi=hard -mthumb -o "Drivers/STM32F4xx_HAL_Driver/Src/stm32f4xx_hal.o"
arm-none-eabi-gcc "../Drivers/STM32F4xx_HAL_Driver/Src/stm32f4xx_hal_cortex.c" -mcpu=cortex-m4 -std=gnu11 -g3 -DDEBUG -DUSE_HAL_DRIVER -DSTM32F411xE -c -I../Core/Inc -I"/home/shammman/Dokumenty/STM32_CubeIDE/Learning/UniBoxTemplate/Menu20x4" -I../Drivers/STM32F4xx_HAL_Driver/Inc -I../Drivers/STM32F4xx_HAL_Driver/Inc/Legacy -I../Drivers/CMSIS/Device/ST/STM32F4xx/Include -I../Drivers/CMSIS/Include -O0 -ffunction-sections -fdata-sections -Wall -fstack-usage -MMD -MP -MF"Drivers/STM32F4xx_HAL_Driver/Src/stm32f4xx_hal_cortex.d" -MT"Drivers/STM32F4xx_HAL_Driver/Src/stm32f4xx_hal_cortex.o" --specs=nano.specs -mfpu=fpv4-sp-d16 -mfloat-abi=hard -mthumb -o "Drivers/STM32F4xx_HAL_Driver/Src/stm32f4xx_hal_cortex.o"
arm-none-eabi-gcc "../Drivers/STM32F4xx_HAL_Driver/Src/stm32f4xx_hal_dma.c" -mcpu=cortex-m4 -std=gnu11 -g3 -DDEBUG -DUSE_HAL_DRIVER -DSTM32F411xE -c -I../Core/Inc -I"/home/shammman/Dokumenty/STM32_CubeIDE/Learning/UniBoxTemplate/Menu20x4" -I../Drivers/STM32F4xx_HAL_Driver/Inc -I../Drivers/STM32F4xx_HAL_Driver/Inc/Legacy -I../Drivers/CMSIS/Device/ST/STM32F4xx/Include -I../Drivers/CMSIS/Include -O0 -ffunction-sections -fdata-sections -Wall -fstack-usage -MMD -MP -MF"Drivers/STM32F4xx_HAL_Driver/Src/stm32f4xx_hal_dma.d" -MT"Drivers/STM32F4xx_HAL_Driver/Src/stm32f4xx_hal_dma.o" --specs=nano.specs -mfpu=fpv4-sp-d16 -mfloat-abi=hard -mthumb -o "Drivers/STM32F4xx_HAL_Driver/Src/stm32f4xx_hal_dma.o"
arm-none-eabi-gcc "../Drivers/STM32F4xx_HAL_Driver/Src/stm32f4xx_hal_dma_ex.c" -mcpu=cortex-m4 -std=gnu11 -g3 -DDEBUG -DUSE_HAL_DRIVER -DSTM32F411xE -c -I../Core/Inc -I"/home/shammman/Dokumenty/STM32_CubeIDE/Learning/UniBoxTemplate/Menu20x4" -I../Drivers/STM32F4xx_HAL_Driver/Inc -I../Drivers/STM32F4xx_HAL_Driver/Inc/Legacy -I../Drivers/CMSIS/Device/ST/STM32F4xx/Include -I../Drivers/CMSIS/Include -O0 -ffunction-sections -fdata-sections -Wall -fstack-usage -MMD -MP -MF"Drivers/STM32F4xx_HAL_Driver/Src/stm32f4xx_hal_dma_ex.d" -MT"Drivers/STM32F4xx_HAL_Driver/Src/stm32f4xx_hal_dma_ex.o" --specs=nano.specs -mfpu=fpv4-sp-d16 -mfloat-abi=hard -mthumb -o "Drivers/STM32F4xx_HAL_Driver/Src/stm32f4xx_hal_dma_ex.o"
arm-none-eabi-gcc "../Drivers/STM32F4xx_HAL_Driver/Src/stm32f4xx_hal_exti.c" -mcpu=cortex-m4 -std=gnu11 -g3 -DDEBUG -DUSE_HAL_DRIVER -DSTM32F411xE -c -I../Core/Inc -I"/home/shammman/Dokumenty/STM32_CubeIDE/Learning/UniBoxTemplate/Menu20x4" -I../Drivers/STM32F4xx_HAL_Driver/Inc -I../Drivers/STM32F4xx_HAL_Driver/Inc/Legacy -I../Drivers/CMSIS/Device/ST/STM32F4xx/Include -I../Drivers/CMSIS/Include -O0 -ffunction-sections -fdata-sections -Wall -fstack-usage -MMD -MP -MF"Drivers/STM32F4xx_HAL_Driver/Src/stm32f4xx_hal_exti.d" -MT"Drivers/STM32F4xx_HAL_Driver/Src/stm32f4xx_hal_exti.o" --specs=nano.specs -mfpu=fpv4-sp-d16 -mfloat-abi=hard -mthumb -o "Drivers/STM32F4xx_HAL_Driver/Src/stm32f4xx_hal_exti.o"
arm-none-eabi-gcc "../Drivers/STM32F4xx_HAL_Driver/Src/stm32f4xx_hal_flash.c" -mcpu=cortex-m4 -std=gnu11 -g3 -DDEBUG -DUSE_HAL_DRIVER -DSTM32F411xE -c -I../Core/Inc -I"/home/shammman/Dokumenty/STM32_CubeIDE/Learning/UniBoxTemplate/Menu20x4" -I../Drivers/STM32F4xx_HAL_Driver/Inc -I../Drivers/STM32F4xx_HAL_Driver/Inc/Legacy -I../Drivers/CMSIS/Device/ST/STM32F4xx/Include -I../Drivers/CMSIS/Include -O0 -ffunction-sections -fdata-sections -Wall -fstack-usage -MMD -MP -MF"Drivers/STM32F4xx_HAL_Driver/Src/stm32f4xx_hal_flash.d" -MT"Drivers/STM32F4xx_HAL_Driver/Src/stm32f4xx_hal_flash.o" --specs=nano.specs -mfpu=fpv4-sp-d16 -mfloat-abi=hard -mthumb -o "Drivers/STM32F4xx_HAL_Driver/Src/stm32f4xx_hal_flash.o"
arm-none-eabi-gcc "../Drivers/STM32F4xx_HAL_Driver/Src/stm32f4xx_hal_flash_ex.c" -mcpu=cortex-m4 -std=gnu11 -g3 -DDEBUG -DUSE_HAL_DRIVER -DSTM32F411xE -c -I../Core/Inc -I"/home/shammman/Dokumenty/STM32_CubeIDE/Learning/UniBoxTemplate/Menu20x4" -I../Drivers/STM32F4xx_HAL_Driver/Inc -I../Drivers/STM32F4xx_HAL_Driver/Inc/Legacy -I../Drivers/CMSIS/Device/ST/STM32F4xx/Include -I../Drivers/CMSIS/Include -O0 -ffunction-sections -fdata-sections -Wall -fstack-usage -MMD -MP -MF"Drivers/STM32F4xx_HAL_Driver/Src/stm32f4xx_hal_flash_ex.d" -MT"Drivers/STM32F4xx_HAL_Driver/Src/stm32f4xx_hal_flash_ex.o" --specs=nano.specs -mfpu=fpv4-sp-d16 -mfloat-abi=hard -mthumb -o "Drivers/STM32F4xx_HAL_Driver/Src/stm32f4xx_hal_flash_ex.o"
arm-none-eabi-gcc "../Drivers/STM32F4xx_HAL_Driver/Src/stm32f4xx_hal_flash_ramfunc.c" -mcpu=cortex-m4 -std=gnu11 -g3 -DDEBUG -DUSE_HAL_DRIVER -DSTM32F411xE -c -I../Core/Inc -I"/home/shammman/Dokumenty/STM32_CubeIDE/Learning/UniBoxTemplate/Menu20x4" -I../Drivers/STM32F4xx_HAL_Driver/Inc -I../Drivers/STM32F4xx_HAL_Driver/Inc/Legacy -I../Drivers/CMSIS/Device/ST/STM32F4xx/Include -I../Drivers/CMSIS/Include -O0 -ffunction-sections -fdata-sections -Wall -fstack-usage -MMD -MP -MF"Drivers/STM32F4xx_HAL_Driver/Src/stm32f4xx_hal_flash_ramfunc.d" -MT"Drivers/STM32F4xx_HAL_Driver/Src/stm32f4xx_hal_flash_ramfunc.o" --specs=nano.specs -mfpu=fpv4-sp-d16 -mfloat-abi=hard -mthumb -o "Drivers/STM32F4xx_HAL_Driver/Src/stm32f4xx_hal_flash_ramfunc.o"
arm-none-eabi-gcc "../Drivers/STM32F4xx_HAL_Driver/Src/stm32f4xx_hal_gpio.c" -mcpu=cortex-m4 -std=gnu11 -g3 -DDEBUG -DUSE_HAL_DRIVER -DSTM32F411xE -c -I../Core/Inc -I"/home/shammman/Dokumenty/STM32_CubeIDE/Learning/UniBoxTemplate/Menu20x4" -I../Drivers/STM32F4xx_HAL_Driver/Inc -I../Drivers/STM32F4xx_HAL_Driver/Inc/Legacy -I../Drivers/CMSIS/Device/ST/STM32F4xx/Include -I../Drivers/CMSIS/Include -O0 -ffunction-sections -fdata-sections -Wall -fstack-usage -MMD -MP -MF"Drivers/STM32F4xx_HAL_Driver/Src/stm32f4xx_hal_gpio.d" -MT"Drivers/STM32F4xx_HAL_Driver/Src/stm32f4xx_hal_gpio.o" --specs=nano.specs -mfpu=fpv4-sp-d16 -mfloat-abi=hard -mthumb -o "Drivers/STM32F4xx_HAL_Driver/Src/stm32f4xx_hal_gpio.o"
arm-none-eabi-gcc "../Drivers/STM32F4xx_HAL_Driver/Src/stm32f4xx_hal_i2c.c" -mcpu=cortex-m4 -std=gnu11 -g3 -DDEBUG -DUSE_HAL_DRIVER -DSTM32F411xE -c -I../Core/Inc -I"/home/shammman/Dokumenty/STM32_CubeIDE/Learning/UniBoxTemplate/Menu20x4" -I../Drivers/STM32F4xx_HAL_Driver/Inc -I../Drivers/STM32F4xx_HAL_Driver/Inc/Legacy -I../Drivers/CMSIS/Device/ST/STM32F4xx/Include -I../Drivers/CMSIS/Include -O0 -ffunction-sections -fdata-sections -Wall -fstack-usage -MMD -MP -MF"Drivers/STM32F4xx_HAL_Driver/Src/stm32f4xx_hal_i2c.d" -MT"Drivers/STM32F4xx_HAL_Driver/Src/stm32f4xx_hal_i2c.o" --specs=nano.specs -mfpu=fpv4-sp-d16 -mfloat-abi=hard -mthumb -o "Drivers/STM32F4xx_HAL_Driver/Src/stm32f4xx_hal_i2c.o"
arm-none-eabi-gcc "../Drivers/STM32F4xx_HAL_Driver/Src/stm32f4xx_hal_i2c_ex.c" -mcpu=cortex-m4 -std=gnu11 -g3 -DDEBUG -DUSE_HAL_DRIVER -DSTM32F411xE -c -I../Core/Inc -I"/home/shammman/Dokumenty/STM32_CubeIDE/Learning/UniBoxTemplate/Menu20x4" -I../Drivers/STM32F4xx_HAL_Driver/Inc -I../Drivers/STM32F4xx_HAL_Driver/Inc/Legacy -I../Drivers/CMSIS/Device/ST/STM32F4xx/Include -I../Drivers/CMSIS/Include -O0 -ffunction-sections -fdata-sections -Wall -fstack-usage -MMD -MP -MF"Drivers/STM32F4xx_HAL_Driver/Src/stm32f4xx_hal_i2c_ex.d" -MT"Drivers/STM32F4xx_HAL_Driver/Src/stm32f4xx_hal_i2c_ex.o" --specs=nano.specs -mfpu=fpv4-sp-d16 -mfloat-abi=hard -mthumb -o "Drivers/STM32F4xx_HAL_Driver/Src/stm32f4xx_hal_i2c_ex.o"
arm-none-eabi-gcc "../Drivers/STM32F4xx_HAL_Driver/Src/stm32f4xx_hal_pwr.c" -mcpu=cortex-m4 -std=gnu11 -g3 -DDEBUG -DUSE_HAL_DRIVER -DSTM32F411xE -c -I../Core/Inc -I"/home/shammman/Dokumenty/STM32_CubeIDE/Learning/UniBoxTemplate/Menu20x4" -I../Drivers/STM32F4xx_HAL_Driver/Inc -I../Drivers/STM32F4xx_HAL_Driver/Inc/Legacy -I../Drivers/CMSIS/Device/ST/STM32F4xx/Include -I../Drivers/CMSIS/Include -O0 -ffunction-sections -fdata-sections -Wall -fstack-usage -MMD -MP -MF"Drivers/STM32F4xx_HAL_Driver/Src/stm32f4xx_hal_pwr.d" -MT"Drivers/STM32F4xx_HAL_Driver/Src/stm32f4xx_hal_pwr.o" --specs=nano.specs -mfpu=fpv4-sp-d16 -mfloat-abi=hard -mthumb -o "Drivers/STM32F4xx_HAL_Driver/Src/stm32f4xx_hal_pwr.o"
arm-none-eabi-gcc "../Drivers/STM32F4xx_HAL_Driver/Src/stm32f4xx_hal_pwr_ex.c" -mcpu=cortex-m4 -std=gnu11 -g3 -DDEBUG -DUSE_HAL_DRIVER -DSTM32F411xE -c -I../Core/Inc -I"/home/shammman/Dokumenty/STM32_CubeIDE/Learning/UniBoxTemplate/Menu20x4" -I../Drivers/STM32F4xx_HAL_Driver/Inc -I../Drivers/STM32F4xx_HAL_Driver/Inc/Legacy -I../Drivers/CMSIS/Device/ST/STM32F4xx/Include -I../Drivers/CMSIS/Include -O0 -ffunction-sections -fdata-sections -Wall -fstack-usage -MMD -MP -MF"Drivers/STM32F4xx_HAL_Driver/Src/stm32f4xx_hal_pwr_ex.d" -MT"Drivers/STM32F4xx_HAL_Driver/Src/stm32f4xx_hal_pwr_ex.o" --specs=nano.specs -mfpu=fpv4-sp-d16 -mfloat-abi=hard -mthumb -o "Drivers/STM32F4xx_HAL_Driver/Src/stm32f4xx_hal_pwr_ex.o"
arm-none-eabi-gcc "../Drivers/STM32F4xx_HAL_Driver/Src/stm32f4xx_hal_rcc.c" -mcpu=cortex-m4 -std=gnu11 -g3 -DDEBUG -DUSE_HAL_DRIVER -DSTM32F411xE -c -I../Core/Inc -I"/home/shammman/Dokumenty/STM32_CubeIDE/Learning/UniBoxTemplate/Menu20x4" -I../Drivers/STM32F4xx_HAL_Driver/Inc -I../Drivers/STM32F4xx_HAL_Driver/Inc/Legacy -I../Drivers/CMSIS/Device/ST/STM32F4xx/Include -I../Drivers/CMSIS/Include -O0 -ffunction-sections -fdata-sections -Wall -fstack-usage -MMD -MP -MF"Drivers/STM32F4xx_HAL_Driver/Src/stm32f4xx_hal_rcc.d" -MT"Drivers/STM32F4xx_HAL_Driver/Src/stm32f4xx_hal_rcc.o" --specs=nano.specs -mfpu=fpv4-sp-d16 -mfloat-abi=hard -mthumb -o "Drivers/STM32F4xx_HAL_Driver/Src/stm32f4xx_hal_rcc.o"
arm-none-eabi-gcc "../Drivers/STM32F4xx_HAL_Driver/Src/stm32f4xx_hal_rcc_ex.c" -mcpu=cortex-m4 -std=gnu11 -g3 -DDEBUG -DUSE_HAL_DRIVER -DSTM32F411xE -c -I../Core/Inc -I"/home/shammman/Dokumenty/STM32_CubeIDE/Learning/UniBoxTemplate/Menu20x4" -I../Drivers/STM32F4xx_HAL_Driver/Inc -I../Drivers/STM32F4xx_HAL_Driver/Inc/Legacy -I../Drivers/CMSIS/Device/ST/STM32F4xx/Include -I../Drivers/CMSIS/Include -O0 -ffunction-sections -fdata-sections -Wall -fstack-usage -MMD -MP -MF"Drivers/STM32F4xx_HAL_Driver/Src/stm32f4xx_hal_rcc_ex.d" -MT"Drivers/STM32F4xx_HAL_Driver/Src/stm32f4xx_hal_rcc_ex.o" --specs=nano.specs -mfpu=fpv4-sp-d16 -mfloat-abi=hard -mthumb -o "Drivers/STM32F4xx_HAL_Driver/Src/stm32f4xx_hal_rcc_ex.o"
arm-none-eabi-gcc "../Drivers/STM32F4xx_HAL_Driver/Src/stm32f4xx_hal_tim.c" -mcpu=cortex-m4 -std=gnu11 -g3 -DDEBUG -DUSE_HAL_DRIVER -DSTM32F411xE -c -I../Core/Inc -I"/home/shammman/Dokumenty/STM32_CubeIDE/Learning/UniBoxTemplate/Menu20x4" -I../Drivers/STM32F4xx_HAL_Driver/Inc -I../Drivers/STM32F4xx_HAL_Driver/Inc/Legacy -I../Drivers/CMSIS/Device/ST/STM32F4xx/Include -I../Drivers/CMSIS/Include -O0 -ffunction-sections -fdata-sections -Wall -fstack-usage -MMD -MP -MF"Drivers/STM32F4xx_HAL_Driver/Src/stm32f4xx_hal_tim.d" -MT"Drivers/STM32F4xx_HAL_Driver/Src/stm32f4xx_hal_tim.o" --specs=nano.specs -mfpu=fpv4-sp-d16 -mfloat-abi=hard -mthumb -o "Drivers/STM32F4xx_HAL_Driver/Src/stm32f4xx_hal_tim.o"
arm-none-eabi-gcc "../Drivers/STM32F4xx_HAL_Driver/Src/stm32f4xx_hal_tim_ex.c" -mcpu=cortex-m4 -std=gnu11 -g3 -DDEBUG -DUSE_HAL_DRIVER -DSTM32F411xE -c -I../Core/Inc -I"/home/shammman/Dokumenty/STM32_CubeIDE/Learning/UniBoxTemplate/Menu20x4" -I../Drivers/STM32F4xx_HAL_Driver/Inc -I../Drivers/STM32F4xx_HAL_Driver/Inc/Legacy -I../Drivers/CMSIS/Device/ST/STM32F4xx/Include -I../Drivers/CMSIS/Include -O0 -ffunction-sections -fdata-sections -Wall -fstack-usage -MMD -MP -MF"Drivers/STM32F4xx_HAL_Driver/Src/stm32f4xx_hal_tim_ex.d" -MT"Drivers/STM32F4xx_HAL_Driver/Src/stm32f4xx_hal_tim_ex.o" --specs=nano.specs -mfpu=fpv4-sp-d16 -mfloat-abi=hard -mthumb -o "Drivers/STM32F4xx_HAL_Driver/Src/stm32f4xx_hal_tim_ex.o"
arm-none-eabi-gcc "../Core/Src/main.c" -mcpu=cortex-m4 -std=gnu11 -g3 -DDEBUG -DUSE_HAL_DRIVER -DSTM32F411xE -c -I../Core/Inc -I"/home/shammman/Dokumenty/STM32_CubeIDE/Learning/UniBoxTemplate/Menu20x4" -I../Drivers/STM32F4xx_HAL_Driver/Inc -I../Drivers/STM32F4xx_HAL_Driver/Inc/Legacy -I../Drivers/CMSIS/Device/ST/STM32F4xx/Include -I../Drivers/CMSIS/Include -O0 -ffunction-sections -fdata-sections -Wall -fstack-usage -MMD -MP -MF"Core/Src/main.d" -MT"Core/Src/main.o" --specs=nano.specs -mfpu=fpv4-sp-d16 -mfloat-abi=hard -mthumb -o "Core/Src/main.o"
arm-none-eabi-gcc "../Core/Src/stm32f4xx_hal_msp.c" -mcpu=cortex-m4 -std=gnu11 -g3 -DDEBUG -DUSE_HAL_DRIVER -DSTM32F411xE -c -I../Core/Inc -I"/home/shammman/Dokumenty/STM32_CubeIDE/Learning/UniBoxTemplate/Menu20x4" -I../Drivers/STM32F4xx_HAL_Driver/Inc -I../Drivers/STM32F4xx_HAL_Driver/Inc/Legacy -I../Drivers/CMSIS/Device/ST/STM32F4xx/Include -I../Drivers/CMSIS/Include -O0 -ffunction-sections -fdata-sections -Wall -fstack-usage -MMD -MP -MF"Core/Src/stm32f4xx_hal_msp.d" -MT"Core/Src/stm32f4xx_hal_msp.o" --specs=nano.specs -mfpu=fpv4-sp-d16 -mfloat-abi=hard -mthumb -o "Core/Src/stm32f4xx_hal_msp.o"
arm-none-eabi-gcc "../Core/Src/stm32f4xx_it.c" -mcpu=cortex-m4 -std=gnu11 -g3 -DDEBUG -DUSE_HAL_DRIVER -DSTM32F411xE -c -I../Core/Inc -I"/home/shammman/Dokumenty/STM32_CubeIDE/Learning/UniBoxTemplate/Menu20x4" -I../Drivers/STM32F4xx_HAL_Driver/Inc -I../Drivers/STM32F4xx_HAL_Driver/Inc/Legacy -I../Drivers/CMSIS/Device/ST/STM32F4xx/Include -I../Drivers/CMSIS/Include -O0 -ffunction-sections -fdata-sections -Wall -fstack-usage -MMD -MP -MF"Core/Src/stm32f4xx_it.d" -MT"Core/Src/stm32f4xx_it.o" --specs=nano.specs -mfpu=fpv4-sp-d16 -mfloat-abi=hard -mthumb -o "Core/Src/stm32f4xx_it.o"
arm-none-eabi-gcc "../Core/Src/syscalls.c" -mcpu=cortex-m4 -std=gnu11 -g3 -DDEBUG -DUSE_HAL_DRIVER -DSTM32F411xE -c -I../Core/Inc -I"/home/shammman/Dokumenty/STM32_CubeIDE/Learning/UniBoxTemplate/Menu20x4" -I../Drivers/STM32F4xx_HAL_Driver/Inc -I../Drivers/STM32F4xx_HAL_Driver/Inc/Legacy -I../Drivers/CMSIS/Device/ST/STM32F4xx/Include -I../Drivers/CMSIS/Include -O0 -ffunction-sections -fdata-sections -Wall -fstack-usage -MMD -MP -MF"Core/Src/syscalls.d" -MT"Core/Src/syscalls.o" --specs=nano.specs -mfpu=fpv4-sp-d16 -mfloat-abi=hard -mthumb -o "Core/Src/syscalls.o"
arm-none-eabi-gcc "../Core/Src/sysmem.c" -mcpu=cortex-m4 -std=gnu11 -g3 -DDEBUG -DUSE_HAL_DRIVER -DSTM32F411xE -c -I../Core/Inc -I"/home/shammman/Dokumenty/STM32_CubeIDE/Learning/UniBoxTemplate/Menu20x4" -I../Drivers/STM32F4xx_HAL_Driver/Inc -I../Drivers/STM32F4xx_HAL_Driver/Inc/Legacy -I../Drivers/CMSIS/Device/ST/STM32F4xx/Include -I../Drivers/CMSIS/Include -O0 -ffunction-sections -fdata-sections -Wall -fstack-usage -MMD -MP -MF"Core/Src/sysmem.d" -MT"Core/Src/sysmem.o" --specs=nano.specs -mfpu=fpv4-sp-d16 -mfloat-abi=hard -mthumb -o "Core/Src/sysmem.o"
arm-none-eabi-gcc "../Core/Src/system_stm32f4xx.c" -mcpu=cortex-m4 -std=gnu11 -g3 -DDEBUG -DUSE_HAL_DRIVER -DSTM32F411xE -c -I../Core/Inc -I"/home/shammman/Dokumenty/STM32_CubeIDE/Learning/UniBoxTemplate/Menu20x4" -I../Drivers/STM32F4xx_HAL_Driver/Inc -I../Drivers/STM32F4xx_HAL_Driver/Inc/Legacy -I../Drivers/CMSIS/Device/ST/STM32F4xx/Include -I../Drivers/CMSIS/Include -O0 -ffunction-sections -fdata-sections -Wall -fstack-usage -MMD -MP -MF"Core/Src/system_stm32f4xx.d" -MT"Core/Src/system_stm32f4xx.o" --specs=nano.specs -mfpu=fpv4-sp-d16 -mfloat-abi=hard -mthumb -o "Core/Src/system_stm32f4xx.o"
arm-none-eabi-g++ -o "UniBoxTemplate.elf" @"objects.list"   -mcpu=cortex-m4 -T"/home/shammman/Dokumenty/STM32_CubeIDE/Learning/UniBoxTemplate/STM32F411VETX_FLASH.ld" --specs=nosys.specs -Wl,-Map="UniBoxTemplate.map" -Wl,--gc-sections -static -L"/home/shammman/Dokumenty/STM32_CubeIDE/Learning/UniBoxTemplate/Menu20x4" --specs=nano.specs -mfpu=fpv4-sp-d16 -mfloat-abi=hard -mthumb -Wl,--start-group -lc -lm -lstdc++ -lsupc++ -Wl,--end-group
/opt/st/stm32cubeide_1.9.0/plugins/com.st.stm32cube.ide.mcu.externaltools.gnu-tools-for-stm32.10.3-2021.10.linux64_1.0.0.202111181127/tools/bin/../lib/gcc/arm-none-eabi/10.3.1/../../../../arm-none-eabi/bin/ld: ./Core/Src/main.o: in function `main':
/home/shammman/Dokumenty/STM32_CubeIDE/Learning/UniBoxTemplate/Debug/../Core/Src/main.c:105: undefined reference to `Key_Read'
collect2: error: ld returned 1 exit status
make: *** [makefile:79: UniBoxTemplate.elf] Error 1
"make -j4 all" terminated with exit code 2. Build might be incomplete.
14:38:47 **** Incremental Build of configuration Debug for project UniBoxTemplate ****
make -j4 all 
arm-none-eabi-gcc "../Drivers/STM32F4xx_HAL_Driver/Src/stm32f4xx_hal.c" -mcpu=cortex-m4 -std=gnu11 -g3 -DDEBUG -DUSE_HAL_DRIVER -DSTM32F411xE -c -I../Core/Inc -I../Drivers/STM32F4xx_HAL_Driver/Inc -I../Drivers/STM32F4xx_HAL_Driver/Inc/Legacy -I../Drivers/CMSIS/Device/ST/STM32F4xx/Include -I../Drivers/CMSIS/Include -O0 -ffunction-sections -fdata-sections -Wall -fstack-usage -MMD -MP -MF"Drivers/STM32F4xx_HAL_Driver/Src/stm32f4xx_hal.d" -MT"Drivers/STM32F4xx_HAL_Driver/Src/stm32f4xx_hal.o" --specs=nano.specs -mfpu=fpv4-sp-d16 -mfloat-abi=hard -mthumb -o "Drivers/STM32F4xx_HAL_Driver/Src/stm32f4xx_hal.o"
arm-none-eabi-gcc "../Drivers/STM32F4xx_HAL_Driver/Src/stm32f4xx_hal_cortex.c" -mcpu=cortex-m4 -std=gnu11 -g3 -DDEBUG -DUSE_HAL_DRIVER -DSTM32F411xE -c -I../Core/Inc -I../Drivers/STM32F4xx_HAL_Driver/Inc -I../Drivers/STM32F4xx_HAL_Driver/Inc/Legacy -I../Drivers/CMSIS/Device/ST/STM32F4xx/Include -I../Drivers/CMSIS/Include -O0 -ffunction-sections -fdata-sections -Wall -fstack-usage -MMD -MP -MF"Drivers/STM32F4xx_HAL_Driver/Src/stm32f4xx_hal_cortex.d" -MT"Drivers/STM32F4xx_HAL_Driver/Src/stm32f4xx_hal_cortex.o" --specs=nano.specs -mfpu=fpv4-sp-d16 -mfloat-abi=hard -mthumb -o "Drivers/STM32F4xx_HAL_Driver/Src/stm32f4xx_hal_cortex.o"
arm-none-eabi-gcc "../Drivers/STM32F4xx_HAL_Driver/Src/stm32f4xx_hal_dma.c" -mcpu=cortex-m4 -std=gnu11 -g3 -DDEBUG -DUSE_HAL_DRIVER -DSTM32F411xE -c -I../Core/Inc -I../Drivers/STM32F4xx_HAL_Driver/Inc -I../Drivers/STM32F4xx_HAL_Driver/Inc/Legacy -I../Drivers/CMSIS/Device/ST/STM32F4xx/Include -I../Drivers/CMSIS/Include -O0 -ffunction-sections -fdata-sections -Wall -fstack-usage -MMD -MP -MF"Drivers/STM32F4xx_HAL_Driver/Src/stm32f4xx_hal_dma.d" -MT"Drivers/STM32F4xx_HAL_Driver/Src/stm32f4xx_hal_dma.o" --specs=nano.specs -mfpu=fpv4-sp-d16 -mfloat-abi=hard -mthumb -o "Drivers/STM32F4xx_HAL_Driver/Src/stm32f4xx_hal_dma.o"
arm-none-eabi-gcc "../Drivers/STM32F4xx_HAL_Driver/Src/stm32f4xx_hal_dma_ex.c" -mcpu=cortex-m4 -std=gnu11 -g3 -DDEBUG -DUSE_HAL_DRIVER -DSTM32F411xE -c -I../Core/Inc -I../Drivers/STM32F4xx_HAL_Driver/Inc -I../Drivers/STM32F4xx_HAL_Driver/Inc/Legacy -I../Drivers/CMSIS/Device/ST/STM32F4xx/Include -I../Drivers/CMSIS/Include -O0 -ffunction-sections -fdata-sections -Wall -fstack-usage -MMD -MP -MF"Drivers/STM32F4xx_HAL_Driver/Src/stm32f4xx_hal_dma_ex.d" -MT"Drivers/STM32F4xx_HAL_Driver/Src/stm32f4xx_hal_dma_ex.o" --specs=nano.specs -mfpu=fpv4-sp-d16 -mfloat-abi=hard -mthumb -o "Drivers/STM32F4xx_HAL_Driver/Src/stm32f4xx_hal_dma_ex.o"
arm-none-eabi-gcc "../Drivers/STM32F4xx_HAL_Driver/Src/stm32f4xx_hal_exti.c" -mcpu=cortex-m4 -std=gnu11 -g3 -DDEBUG -DUSE_HAL_DRIVER -DSTM32F411xE -c -I../Core/Inc -I../Drivers/STM32F4xx_HAL_Driver/Inc -I../Drivers/STM32F4xx_HAL_Driver/Inc/Legacy -I../Drivers/CMSIS/Device/ST/STM32F4xx/Include -I../Drivers/CMSIS/Include -O0 -ffunction-sections -fdata-sections -Wall -fstack-usage -MMD -MP -MF"Drivers/STM32F4xx_HAL_Driver/Src/stm32f4xx_hal_exti.d" -MT"Drivers/STM32F4xx_HAL_Driver/Src/stm32f4xx_hal_exti.o" --specs=nano.specs -mfpu=fpv4-sp-d16 -mfloat-abi=hard -mthumb -o "Drivers/STM32F4xx_HAL_Driver/Src/stm32f4xx_hal_exti.o"
arm-none-eabi-gcc "../Drivers/STM32F4xx_HAL_Driver/Src/stm32f4xx_hal_flash.c" -mcpu=cortex-m4 -std=gnu11 -g3 -DDEBUG -DUSE_HAL_DRIVER -DSTM32F411xE -c -I../Core/Inc -I../Drivers/STM32F4xx_HAL_Driver/Inc -I../Drivers/STM32F4xx_HAL_Driver/Inc/Legacy -I../Drivers/CMSIS/Device/ST/STM32F4xx/Include -I../Drivers/CMSIS/Include -O0 -ffunction-sections -fdata-sections -Wall -fstack-usage -MMD -MP -MF"Drivers/STM32F4xx_HAL_Driver/Src/stm32f4xx_hal_flash.d" -MT"Drivers/STM32F4xx_HAL_Driver/Src/stm32f4xx_hal_flash.o" --specs=nano.specs -mfpu=fpv4-sp-d16 -mfloat-abi=hard -mthumb -o "Drivers/STM32F4xx_HAL_Driver/Src/stm32f4xx_hal_flash.o"
arm-none-eabi-gcc "../Drivers/STM32F4xx_HAL_Driver/Src/stm32f4xx_hal_flash_ex.c" -mcpu=cortex-m4 -std=gnu11 -g3 -DDEBUG -DUSE_HAL_DRIVER -DSTM32F411xE -c -I../Core/Inc -I../Drivers/STM32F4xx_HAL_Driver/Inc -I../Drivers/STM32F4xx_HAL_Driver/Inc/Legacy -I../Drivers/CMSIS/Device/ST/STM32F4xx/Include -I../Drivers/CMSIS/Include -O0 -ffunction-sections -fdata-sections -Wall -fstack-usage -MMD -MP -MF"Drivers/STM32F4xx_HAL_Driver/Src/stm32f4xx_hal_flash_ex.d" -MT"Drivers/STM32F4xx_HAL_Driver/Src/stm32f4xx_hal_flash_ex.o" --specs=nano.specs -mfpu=fpv4-sp-d16 -mfloat-abi=hard -mthumb -o "Drivers/STM32F4xx_HAL_Driver/Src/stm32f4xx_hal_flash_ex.o"
arm-none-eabi-gcc "../Drivers/STM32F4xx_HAL_Driver/Src/stm32f4xx_hal_flash_ramfunc.c" -mcpu=cortex-m4 -std=gnu11 -g3 -DDEBUG -DUSE_HAL_DRIVER -DSTM32F411xE -c -I../Core/Inc -I../Drivers/STM32F4xx_HAL_Driver/Inc -I../Drivers/STM32F4xx_HAL_Driver/Inc/Legacy -I../Drivers/CMSIS/Device/ST/STM32F4xx/Include -I../Drivers/CMSIS/Include -O0 -ffunction-sections -fdata-sections -Wall -fstack-usage -MMD -MP -MF"Drivers/STM32F4xx_HAL_Driver/Src/stm32f4xx_hal_flash_ramfunc.d" -MT"Drivers/STM32F4xx_HAL_Driver/Src/stm32f4xx_hal_flash_ramfunc.o" --specs=nano.specs -mfpu=fpv4-sp-d16 -mfloat-abi=hard -mthumb -o "Drivers/STM32F4xx_HAL_Driver/Src/stm32f4xx_hal_flash_ramfunc.o"
arm-none-eabi-gcc "../Drivers/STM32F4xx_HAL_Driver/Src/stm32f4xx_hal_gpio.c" -mcpu=cortex-m4 -std=gnu11 -g3 -DDEBUG -DUSE_HAL_DRIVER -DSTM32F411xE -c -I../Core/Inc -I../Drivers/STM32F4xx_HAL_Driver/Inc -I../Drivers/STM32F4xx_HAL_Driver/Inc/Legacy -I../Drivers/CMSIS/Device/ST/STM32F4xx/Include -I../Drivers/CMSIS/Include -O0 -ffunction-sections -fdata-sections -Wall -fstack-usage -MMD -MP -MF"Drivers/STM32F4xx_HAL_Driver/Src/stm32f4xx_hal_gpio.d" -MT"Drivers/STM32F4xx_HAL_Driver/Src/stm32f4xx_hal_gpio.o" --specs=nano.specs -mfpu=fpv4-sp-d16 -mfloat-abi=hard -mthumb -o "Drivers/STM32F4xx_HAL_Driver/Src/stm32f4xx_hal_gpio.o"
arm-none-eabi-gcc "../Drivers/STM32F4xx_HAL_Driver/Src/stm32f4xx_hal_i2c.c" -mcpu=cortex-m4 -std=gnu11 -g3 -DDEBUG -DUSE_HAL_DRIVER -DSTM32F411xE -c -I../Core/Inc -I../Drivers/STM32F4xx_HAL_Driver/Inc -I../Drivers/STM32F4xx_HAL_Driver/Inc/Legacy -I../Drivers/CMSIS/Device/ST/STM32F4xx/Include -I../Drivers/CMSIS/Include -O0 -ffunction-sections -fdata-sections -Wall -fstack-usage -MMD -MP -MF"Drivers/STM32F4xx_HAL_Driver/Src/stm32f4xx_hal_i2c.d" -MT"Drivers/STM32F4xx_HAL_Driver/Src/stm32f4xx_hal_i2c.o" --specs=nano.specs -mfpu=fpv4-sp-d16 -mfloat-abi=hard -mthumb -o "Drivers/STM32F4xx_HAL_Driver/Src/stm32f4xx_hal_i2c.o"
arm-none-eabi-gcc "../Drivers/STM32F4xx_HAL_Driver/Src/stm32f4xx_hal_i2c_ex.c" -mcpu=cortex-m4 -std=gnu11 -g3 -DDEBUG -DUSE_HAL_DRIVER -DSTM32F411xE -c -I../Core/Inc -I../Drivers/STM32F4xx_HAL_Driver/Inc -I../Drivers/STM32F4xx_HAL_Driver/Inc/Legacy -I../Drivers/CMSIS/Device/ST/STM32F4xx/Include -I../Drivers/CMSIS/Include -O0 -ffunction-sections -fdata-sections -Wall -fstack-usage -MMD -MP -MF"Drivers/STM32F4xx_HAL_Driver/Src/stm32f4xx_hal_i2c_ex.d" -MT"Drivers/STM32F4xx_HAL_Driver/Src/stm32f4xx_hal_i2c_ex.o" --specs=nano.specs -mfpu=fpv4-sp-d16 -mfloat-abi=hard -mthumb -o "Drivers/STM32F4xx_HAL_Driver/Src/stm32f4xx_hal_i2c_ex.o"
arm-none-eabi-gcc "../Drivers/STM32F4xx_HAL_Driver/Src/stm32f4xx_hal_pwr.c" -mcpu=cortex-m4 -std=gnu11 -g3 -DDEBUG -DUSE_HAL_DRIVER -DSTM32F411xE -c -I../Core/Inc -I../Drivers/STM32F4xx_HAL_Driver/Inc -I../Drivers/STM32F4xx_HAL_Driver/Inc/Legacy -I../Drivers/CMSIS/Device/ST/STM32F4xx/Include -I../Drivers/CMSIS/Include -O0 -ffunction-sections -fdata-sections -Wall -fstack-usage -MMD -MP -MF"Drivers/STM32F4xx_HAL_Driver/Src/stm32f4xx_hal_pwr.d" -MT"Drivers/STM32F4xx_HAL_Driver/Src/stm32f4xx_hal_pwr.o" --specs=nano.specs -mfpu=fpv4-sp-d16 -mfloat-abi=hard -mthumb -o "Drivers/STM32F4xx_HAL_Driver/Src/stm32f4xx_hal_pwr.o"
arm-none-eabi-gcc "../Drivers/STM32F4xx_HAL_Driver/Src/stm32f4xx_hal_pwr_ex.c" -mcpu=cortex-m4 -std=gnu11 -g3 -DDEBUG -DUSE_HAL_DRIVER -DSTM32F411xE -c -I../Core/Inc -I../Drivers/STM32F4xx_HAL_Driver/Inc -I../Drivers/STM32F4xx_HAL_Driver/Inc/Legacy -I../Drivers/CMSIS/Device/ST/STM32F4xx/Include -I../Drivers/CMSIS/Include -O0 -ffunction-sections -fdata-sections -Wall -fstack-usage -MMD -MP -MF"Drivers/STM32F4xx_HAL_Driver/Src/stm32f4xx_hal_pwr_ex.d" -MT"Drivers/STM32F4xx_HAL_Driver/Src/stm32f4xx_hal_pwr_ex.o" --specs=nano.specs -mfpu=fpv4-sp-d16 -mfloat-abi=hard -mthumb -o "Drivers/STM32F4xx_HAL_Driver/Src/stm32f4xx_hal_pwr_ex.o"
arm-none-eabi-gcc "../Drivers/STM32F4xx_HAL_Driver/Src/stm32f4xx_hal_rcc.c" -mcpu=cortex-m4 -std=gnu11 -g3 -DDEBUG -DUSE_HAL_DRIVER -DSTM32F411xE -c -I../Core/Inc -I../Drivers/STM32F4xx_HAL_Driver/Inc -I../Drivers/STM32F4xx_HAL_Driver/Inc/Legacy -I../Drivers/CMSIS/Device/ST/STM32F4xx/Include -I../Drivers/CMSIS/Include -O0 -ffunction-sections -fdata-sections -Wall -fstack-usage -MMD -MP -MF"Drivers/STM32F4xx_HAL_Driver/Src/stm32f4xx_hal_rcc.d" -MT"Drivers/STM32F4xx_HAL_Driver/Src/stm32f4xx_hal_rcc.o" --specs=nano.specs -mfpu=fpv4-sp-d16 -mfloat-abi=hard -mthumb -o "Drivers/STM32F4xx_HAL_Driver/Src/stm32f4xx_hal_rcc.o"
arm-none-eabi-gcc "../Drivers/STM32F4xx_HAL_Driver/Src/stm32f4xx_hal_rcc_ex.c" -mcpu=cortex-m4 -std=gnu11 -g3 -DDEBUG -DUSE_HAL_DRIVER -DSTM32F411xE -c -I../Core/Inc -I../Drivers/STM32F4xx_HAL_Driver/Inc -I../Drivers/STM32F4xx_HAL_Driver/Inc/Legacy -I../Drivers/CMSIS/Device/ST/STM32F4xx/Include -I../Drivers/CMSIS/Include -O0 -ffunction-sections -fdata-sections -Wall -fstack-usage -MMD -MP -MF"Drivers/STM32F4xx_HAL_Driver/Src/stm32f4xx_hal_rcc_ex.d" -MT"Drivers/STM32F4xx_HAL_Driver/Src/stm32f4xx_hal_rcc_ex.o" --specs=nano.specs -mfpu=fpv4-sp-d16 -mfloat-abi=hard -mthumb -o "Drivers/STM32F4xx_HAL_Driver/Src/stm32f4xx_hal_rcc_ex.o"
arm-none-eabi-gcc "../Drivers/STM32F4xx_HAL_Driver/Src/stm32f4xx_hal_tim.c" -mcpu=cortex-m4 -std=gnu11 -g3 -DDEBUG -DUSE_HAL_DRIVER -DSTM32F411xE -c -I../Core/Inc -I../Drivers/STM32F4xx_HAL_Driver/Inc -I../Drivers/STM32F4xx_HAL_Driver/Inc/Legacy -I../Drivers/CMSIS/Device/ST/STM32F4xx/Include -I../Drivers/CMSIS/Include -O0 -ffunction-sections -fdata-sections -Wall -fstack-usage -MMD -MP -MF"Drivers/STM32F4xx_HAL_Driver/Src/stm32f4xx_hal_tim.d" -MT"Drivers/STM32F4xx_HAL_Driver/Src/stm32f4xx_hal_tim.o" --specs=nano.specs -mfpu=fpv4-sp-d16 -mfloat-abi=hard -mthumb -o "Drivers/STM32F4xx_HAL_Driver/Src/stm32f4xx_hal_tim.o"
arm-none-eabi-gcc "../Drivers/STM32F4xx_HAL_Driver/Src/stm32f4xx_hal_tim_ex.c" -mcpu=cortex-m4 -std=gnu11 -g3 -DDEBUG -DUSE_HAL_DRIVER -DSTM32F411xE -c -I../Core/Inc -I../Drivers/STM32F4xx_HAL_Driver/Inc -I../Drivers/STM32F4xx_HAL_Driver/Inc/Legacy -I../Drivers/CMSIS/Device/ST/STM32F4xx/Include -I../Drivers/CMSIS/Include -O0 -ffunction-sections -fdata-sections -Wall -fstack-usage -MMD -MP -MF"Drivers/STM32F4xx_HAL_Driver/Src/stm32f4xx_hal_tim_ex.d" -MT"Drivers/STM32F4xx_HAL_Driver/Src/stm32f4xx_hal_tim_ex.o" --specs=nano.specs -mfpu=fpv4-sp-d16 -mfloat-abi=hard -mthumb -o "Drivers/STM32F4xx_HAL_Driver/Src/stm32f4xx_hal_tim_ex.o"
arm-none-eabi-gcc "../Drivers/Menu20x4/key.c" -mcpu=cortex-m4 -std=gnu11 -g3 -DDEBUG -DUSE_HAL_DRIVER -DSTM32F411xE -c -I../Core/Inc -I../Drivers/STM32F4xx_HAL_Driver/Inc -I../Drivers/STM32F4xx_HAL_Driver/Inc/Legacy -I../Drivers/CMSIS/Device/ST/STM32F4xx/Include -I../Drivers/CMSIS/Include -O0 -ffunction-sections -fdata-sections -Wall -fstack-usage -MMD -MP -MF"Drivers/Menu20x4/key.d" -MT"Drivers/Menu20x4/key.o" --specs=nano.specs -mfpu=fpv4-sp-d16 -mfloat-abi=hard -mthumb -o "Drivers/Menu20x4/key.o"
arm-none-eabi-gcc "../Drivers/Menu20x4/lcd_i2c.c" -mcpu=cortex-m4 -std=gnu11 -g3 -DDEBUG -DUSE_HAL_DRIVER -DSTM32F411xE -c -I../Core/Inc -I../Drivers/STM32F4xx_HAL_Driver/Inc -I../Drivers/STM32F4xx_HAL_Driver/Inc/Legacy -I../Drivers/CMSIS/Device/ST/STM32F4xx/Include -I../Drivers/CMSIS/Include -O0 -ffunction-sections -fdata-sections -Wall -fstack-usage -MMD -MP -MF"Drivers/Menu20x4/lcd_i2c.d" -MT"Drivers/Menu20x4/lcd_i2c.o" --specs=nano.specs -mfpu=fpv4-sp-d16 -mfloat-abi=hard -mthumb -o "Drivers/Menu20x4/lcd_i2c.o"
../Drivers/Menu20x4/lcd_i2c.c:12:10: fatal error: i2c-lcd.h: No such file or directory
   12 | #include "i2c-lcd.h"
      |          ^~~~~~~~~~~
compilation terminated.
make: *** [Drivers/Menu20x4/subdir.mk:25: Drivers/Menu20x4/lcd_i2c.o] Error 1
make: *** Waiting for unfinished jobs....
In file included from ../Drivers/Menu20x4/key.c:17:
../Drivers/Menu20x4/menu.h:28:10: fatal error: i2c-lcd.h: No such file or directory
   28 | #include "i2c-lcd.h"
      |          ^~~~~~~~~~~
compilation terminated.
make: *** [Drivers/Menu20x4/subdir.mk:25: Drivers/Menu20x4/key.o] Error 1
"make -j4 all" terminated with exit code 2. Build might be incomplete.
14:39:07 **** Incremental Build of configuration Debug for project UniBoxTemplate ****
make -j4 all 
arm-none-eabi-gcc "../Drivers/Menu20x4/key.c" -mcpu=cortex-m4 -std=gnu11 -g3 -DDEBUG -DUSE_HAL_DRIVER -DSTM32F411xE -c -I../Core/Inc -I../Drivers/STM32F4xx_HAL_Driver/Inc -I../Drivers/STM32F4xx_HAL_Driver/Inc/Legacy -I../Drivers/CMSIS/Device/ST/STM32F4xx/Include -I../Drivers/CMSIS/Include -O0 -ffunction-sections -fdata-sections -Wall -fstack-usage -MMD -MP -MF"Drivers/Menu20x4/key.d" -MT"Drivers/Menu20x4/key.o" --specs=nano.specs -mfpu=fpv4-sp-d16 -mfloat-abi=hard -mthumb -o "Drivers/Menu20x4/key.o"
arm-none-eabi-gcc "../Drivers/Menu20x4/lcd_i2c.c" -mcpu=cortex-m4 -std=gnu11 -g3 -DDEBUG -DUSE_HAL_DRIVER -DSTM32F411xE -c -I../Core/Inc -I../Drivers/STM32F4xx_HAL_Driver/Inc -I../Drivers/STM32F4xx_HAL_Driver/Inc/Legacy -I../Drivers/CMSIS/Device/ST/STM32F4xx/Include -I../Drivers/CMSIS/Include -O0 -ffunction-sections -fdata-sections -Wall -fstack-usage -MMD -MP -MF"Drivers/Menu20x4/lcd_i2c.d" -MT"Drivers/Menu20x4/lcd_i2c.o" --specs=nano.specs -mfpu=fpv4-sp-d16 -mfloat-abi=hard -mthumb -o "Drivers/Menu20x4/lcd_i2c.o"
arm-none-eabi-gcc "../Drivers/Menu20x4/menu.c" -mcpu=cortex-m4 -std=gnu11 -g3 -DDEBUG -DUSE_HAL_DRIVER -DSTM32F411xE -c -I../Core/Inc -I../Drivers/STM32F4xx_HAL_Driver/Inc -I../Drivers/STM32F4xx_HAL_Driver/Inc/Legacy -I../Drivers/CMSIS/Device/ST/STM32F4xx/Include -I../Drivers/CMSIS/Include -O0 -ffunction-sections -fdata-sections -Wall -fstack-usage -MMD -MP -MF"Drivers/Menu20x4/menu.d" -MT"Drivers/Menu20x4/menu.o" --specs=nano.specs -mfpu=fpv4-sp-d16 -mfloat-abi=hard -mthumb -o "Drivers/Menu20x4/menu.o"
arm-none-eabi-gcc "../Core/Src/main.c" -mcpu=cortex-m4 -std=gnu11 -g3 -DDEBUG -DUSE_HAL_DRIVER -DSTM32F411xE -c -I../Core/Inc -I../Drivers/STM32F4xx_HAL_Driver/Inc -I../Drivers/STM32F4xx_HAL_Driver/Inc/Legacy -I../Drivers/CMSIS/Device/ST/STM32F4xx/Include -I../Drivers/CMSIS/Include -O0 -ffunction-sections -fdata-sections -Wall -fstack-usage -MMD -MP -MF"Core/Src/main.d" -MT"Core/Src/main.o" --specs=nano.specs -mfpu=fpv4-sp-d16 -mfloat-abi=hard -mthumb -o "Core/Src/main.o"
../Drivers/Menu20x4/lcd_i2c.c:12:21: warning: missing terminating " character
   12 | #include "lcd_i2c.h""
      |                     ^
../Drivers/Menu20x4/lcd_i2c.c:12:21: warning: extra tokens at end of #include directive
../Core/Src/main.c:24:10: fatal error: i2c-lcd.h: No such file or directory
   24 | #include "i2c-lcd.h"
      |          ^~~~~~~~~~~
compilation terminated.
make: *** [Core/Src/subdir.mk:34: Core/Src/main.o] Error 1
make: *** Waiting for unfinished jobs....
In file included from ../Drivers/Menu20x4/key.c:17:
../Drivers/Menu20x4/menu.h:28:10: fatal error: i2c-lcd.h: No such file or directory
   28 | #include "i2c-lcd.h"
      |          ^~~~~~~~~~~
compilation terminated.
make: *** [Drivers/Menu20x4/subdir.mk:25: Drivers/Menu20x4/key.o] Error 1
In file included from ../Drivers/Menu20x4/menu.c:21:
../Drivers/Menu20x4/menu.h:28:10: fatal error: i2c-lcd.h: No such file or directory
   28 | #include "i2c-lcd.h"
      |          ^~~~~~~~~~~
compilation terminated.
make: *** [Drivers/Menu20x4/subdir.mk:25: Drivers/Menu20x4/menu.o] Error 1
"make -j4 all" terminated with exit code 2. Build might be incomplete.
14:39:18 **** Incremental Build of configuration Debug for project UniBoxTemplate ****
make -j4 all 
arm-none-eabi-gcc "../Drivers/Menu20x4/key.c" -mcpu=cortex-m4 -std=gnu11 -g3 -DDEBUG -DUSE_HAL_DRIVER -DSTM32F411xE -c -I../Core/Inc -I../Drivers/STM32F4xx_HAL_Driver/Inc -I../Drivers/STM32F4xx_HAL_Driver/Inc/Legacy -I../Drivers/CMSIS/Device/ST/STM32F4xx/Include -I../Drivers/CMSIS/Include -O0 -ffunction-sections -fdata-sections -Wall -fstack-usage -MMD -MP -MF"Drivers/Menu20x4/key.d" -MT"Drivers/Menu20x4/key.o" --specs=nano.specs -mfpu=fpv4-sp-d16 -mfloat-abi=hard -mthumb -o "Drivers/Menu20x4/key.o"
arm-none-eabi-gcc "../Drivers/Menu20x4/menu.c" -mcpu=cortex-m4 -std=gnu11 -g3 -DDEBUG -DUSE_HAL_DRIVER -DSTM32F411xE -c -I../Core/Inc -I../Drivers/STM32F4xx_HAL_Driver/Inc -I../Drivers/STM32F4xx_HAL_Driver/Inc/Legacy -I../Drivers/CMSIS/Device/ST/STM32F4xx/Include -I../Drivers/CMSIS/Include -O0 -ffunction-sections -fdata-sections -Wall -fstack-usage -MMD -MP -MF"Drivers/Menu20x4/menu.d" -MT"Drivers/Menu20x4/menu.o" --specs=nano.specs -mfpu=fpv4-sp-d16 -mfloat-abi=hard -mthumb -o "Drivers/Menu20x4/menu.o"
arm-none-eabi-gcc "../Core/Src/main.c" -mcpu=cortex-m4 -std=gnu11 -g3 -DDEBUG -DUSE_HAL_DRIVER -DSTM32F411xE -c -I../Core/Inc -I../Drivers/STM32F4xx_HAL_Driver/Inc -I../Drivers/STM32F4xx_HAL_Driver/Inc/Legacy -I../Drivers/CMSIS/Device/ST/STM32F4xx/Include -I../Drivers/CMSIS/Include -O0 -ffunction-sections -fdata-sections -Wall -fstack-usage -MMD -MP -MF"Core/Src/main.d" -MT"Core/Src/main.o" --specs=nano.specs -mfpu=fpv4-sp-d16 -mfloat-abi=hard -mthumb -o "Core/Src/main.o"
arm-none-eabi-gcc "../Core/Src/stm32f4xx_hal_msp.c" -mcpu=cortex-m4 -std=gnu11 -g3 -DDEBUG -DUSE_HAL_DRIVER -DSTM32F411xE -c -I../Core/Inc -I../Drivers/STM32F4xx_HAL_Driver/Inc -I../Drivers/STM32F4xx_HAL_Driver/Inc/Legacy -I../Drivers/CMSIS/Device/ST/STM32F4xx/Include -I../Drivers/CMSIS/Include -O0 -ffunction-sections -fdata-sections -Wall -fstack-usage -MMD -MP -MF"Core/Src/stm32f4xx_hal_msp.d" -MT"Core/Src/stm32f4xx_hal_msp.o" --specs=nano.specs -mfpu=fpv4-sp-d16 -mfloat-abi=hard -mthumb -o "Core/Src/stm32f4xx_hal_msp.o"
../Core/Src/main.c:24:10: fatal error: i2c-lcd.h: No such file or directory
   24 | #include "i2c-lcd.h"
      |          ^~~~~~~~~~~
compilation terminated.
make: *** [Core/Src/subdir.mk:34: Core/Src/main.o] Error 1
make: *** Waiting for unfinished jobs....
../Drivers/Menu20x4/menu.c:26:3: error: unknown type name 'menu_t'
   26 |   menu_t * next;
      |   ^~~~~~
../Drivers/Menu20x4/menu.c:27:3: error: unknown type name 'menu_t'
   27 |   menu_t * prev;
      |   ^~~~~~
../Drivers/Menu20x4/menu.c:28:3: error: unknown type name 'menu_t'
   28 |   menu_t * child;
      |   ^~~~~~
../Drivers/Menu20x4/menu.c:29:3: error: unknown type name 'menu_t'
   29 |   menu_t * parent;
      |   ^~~~~~
../Drivers/Menu20x4/menu.c:31:1: warning: useless storage class specifier in empty declaration
   31 | };
      | ^
../Drivers/Menu20x4/menu.c:34:1: warning: data definition has no type or storage class
   34 | menu1={ "CONFIGRATION", &menu2, &menu5, &sub_menu1_1, NULL, NULL };     // utworzenie struktury
      | ^~~~~
../Drivers/Menu20x4/menu.c:34:1: warning: type defaults to 'int' in declaration of 'menu1' [-Wimplicit-int]
../Drivers/Menu20x4/menu.c:34:9: warning: initialization of 'int' from 'char *' makes integer from pointer without a cast [-Wint-conversion]
   34 | menu1={ "CONFIGRATION", &menu2, &menu5, &sub_menu1_1, NULL, NULL };     // utworzenie struktury
      |         ^~~~~~~~~~~~~~
../Drivers/Menu20x4/menu.c:34:9: note: (near initialization for 'menu1')
../Drivers/Menu20x4/menu.c:34:26: error: 'menu2' undeclared here (not in a function); did you mean 'menu1'?
   34 | menu1={ "CONFIGRATION", &menu2, &menu5, &sub_menu1_1, NULL, NULL };     // utworzenie struktury
      |                          ^~~~~
      |                          menu1
../Drivers/Menu20x4/menu.c:34:25: warning: excess elements in scalar initializer
   34 | menu1={ "CONFIGRATION", &menu2, &menu5, &sub_menu1_1, NULL, NULL };     // utworzenie struktury
      |                         ^
../Drivers/Menu20x4/menu.c:34:25: note: (near initialization for 'menu1')
../Drivers/Menu20x4/menu.c:34:34: error: 'menu5' undeclared here (not in a function); did you mean 'menu1'?
   34 | menu1={ "CONFIGRATION", &menu2, &menu5, &sub_menu1_1, NULL, NULL };     // utworzenie struktury
      |                                  ^~~~~
      |                                  menu1
../Drivers/Menu20x4/menu.c:34:33: warning: excess elements in scalar initializer
   34 | menu1={ "CONFIGRATION", &menu2, &menu5, &sub_menu1_1, NULL, NULL };     // utworzenie struktury
      |                                 ^
../Drivers/Menu20x4/menu.c:34:33: note: (near initialization for 'menu1')
../Drivers/Menu20x4/menu.c:34:42: error: 'sub_menu1_1' undeclared here (not in a function)
   34 | menu1={ "CONFIGRATION", &menu2, &menu5, &sub_menu1_1, NULL, NULL };     // utworzenie struktury
      |                                          ^~~~~~~~~~~
../Drivers/Menu20x4/menu.c:34:41: warning: excess elements in scalar initializer
   34 | menu1={ "CONFIGRATION", &menu2, &menu5, &sub_menu1_1, NULL, NULL };     // utworzenie struktury
      |                                         ^
../Drivers/Menu20x4/menu.c:34:41: note: (near initialization for 'menu1')
../Drivers/Menu20x4/menu.c:34:55: warning: excess elements in scalar initializer
   34 | menu1={ "CONFIGRATION", &menu2, &menu5, &sub_menu1_1, NULL, NULL };     // utworzenie struktury
      |                                                       ^~~~
../Drivers/Menu20x4/menu.c:34:55: note: (near initialization for 'menu1')
../Drivers/Menu20x4/menu.c:34:61: warning: excess elements in scalar initializer
   34 | menu1={ "CONFIGRATION", &menu2, &menu5, &sub_menu1_1, NULL, NULL };     // utworzenie struktury
      |                                                             ^~~~
../Drivers/Menu20x4/menu.c:34:61: note: (near initialization for 'menu1')
../Drivers/Menu20x4/menu.c:36:1: error: unknown type name 'menu_t'; use 'struct' keyword to refer to the type
   36 | menu_t menu1;
      | ^~~~~~
      | struct 
../Drivers/Menu20x4/menu.c:37:3: error: unknown type name 'menu_t'; use 'struct' keyword to refer to the type
   37 |   menu_t sub_menu1_1;
      |   ^~~~~~
      |   struct 
../Drivers/Menu20x4/menu.c:38:3: error: unknown type name 'menu_t'; use 'struct' keyword to refer to the type
   38 |   menu_t sub_menu1_2;
      |   ^~~~~~
      |   struct 
../Drivers/Menu20x4/menu.c:39:1: error: unknown type name 'menu_t'; use 'struct' keyword to refer to the type
   39 | menu_t menu2;
      | ^~~~~~
      | struct 
../Drivers/Menu20x4/menu.c:40:3: error: unknown type name 'menu_t'; use 'struct' keyword to refer to the type
   40 |   menu_t sub_menu2_1;
      |   ^~~~~~
      |   struct 
../Drivers/Menu20x4/menu.c:41:3: error: unknown type name 'menu_t'; use 'struct' keyword to refer to the type
   41 |   menu_t sub_menu2_2;
      |   ^~~~~~
      |   struct 
../Drivers/Menu20x4/menu.c:42:1: error: unknown type name 'menu_t'; use 'struct' keyword to refer to the type
   42 | menu_t menu3;
      | ^~~~~~
      | struct 
../Drivers/Menu20x4/menu.c:43:3: error: unknown type name 'menu_t'; use 'struct' keyword to refer to the type
   43 |   menu_t sub_menu3_1;
      |   ^~~~~~
      |   struct 
../Drivers/Menu20x4/menu.c:44:1: error: unknown type name 'menu_t'; use 'struct' keyword to refer to the type
   44 | menu_t menu4;
      | ^~~~~~
      | struct 
../Drivers/Menu20x4/menu.c:45:3: error: unknown type name 'menu_t'; use 'struct' keyword to refer to the type
   45 |   menu_t sub_menu4_1;
      |   ^~~~~~
      |   struct 
../Drivers/Menu20x4/menu.c:46:5: error: unknown type name 'menu_t'; use 'struct' keyword to refer to the type
   46 |     menu_t sub_menu4_1_1;
      |     ^~~~~~
      |     struct 
../Drivers/Menu20x4/menu.c:47:7: error: unknown type name 'menu_t'; use 'struct' keyword to refer to the type
   47 |       menu_t sub_menu4_1_1_1;
      |       ^~~~~~
      |       struct 
../Drivers/Menu20x4/menu.c:48:7: error: unknown type name 'menu_t'; use 'struct' keyword to refer to the type
   48 |       menu_t sub_menu4_1_1_2;
      |       ^~~~~~
      |       struct 
../Drivers/Menu20x4/menu.c:49:7: error: unknown type name 'menu_t'; use 'struct' keyword to refer to the type
   49 |       menu_t sub_menu4_1_1_3;
      |       ^~~~~~
      |       struct 
../Drivers/Menu20x4/menu.c:50:7: error: unknown type name 'menu_t'; use 'struct' keyword to refer to the type
   50 |       menu_t sub_menu4_1_1_4;
      |       ^~~~~~
      |       struct 
../Drivers/Menu20x4/menu.c:51:7: error: unknown type name 'menu_t'; use 'struct' keyword to refer to the type
   51 |       menu_t sub_menu4_1_1_5;
      |       ^~~~~~
      |       struct 
../Drivers/Menu20x4/menu.c:52:7: error: unknown type name 'menu_t'; use 'struct' keyword to refer to the type
   52 |       menu_t sub_menu4_1_1_6;
      |       ^~~~~~
      |       struct 
../Drivers/Menu20x4/menu.c:53:7: error: unknown type name 'menu_t'; use 'struct' keyword to refer to the type
   53 |       menu_t sub_menu4_1_1_7;
      |       ^~~~~~
      |       struct 
../Drivers/Menu20x4/menu.c:54:7: error: unknown type name 'menu_t'; use 'struct' keyword to refer to the type
   54 |       menu_t sub_menu4_1_1_8;
      |       ^~~~~~
      |       struct 
../Drivers/Menu20x4/menu.c:55:5: error: unknown type name 'menu_t'; use 'struct' keyword to refer to the type
   55 |     menu_t sub_menu4_1_2;
      |     ^~~~~~
      |     struct 
[...]
/opt/st/stm32cubeide_1.9.0/plugins/com.st.stm32cube.ide.mcu.externaltools.gnu-tools-for-stm32.10.3-2021.10.linux64_1.0.0.202111181127/tools/bin/../lib/gcc/arm-none-eabi/10.3.1/../../../../arm-none-eabi/bin/ld: /home/shammman/Dokumenty/STM32_CubeIDE/Learning/UniBoxTemplate/Debug/../Drivers/Menu/Menu.c:91: undefined reference to `menu65'
collect2: error: ld returned 1 exit status
make: *** [makefile:82: UniBoxTemplate.elf] Error 1
"make -j4 all" terminated with exit code 2. Build might be incomplete.
21:47:36 **** Incremental Build of configuration Debug for project UniBoxTemplate ****
make -j4 all 
arm-none-eabi-gcc "../Drivers/Menu/Menu.c" -mcpu=cortex-m4 -std=gnu11 -g3 -DDEBUG -DUSE_HAL_DRIVER -DSTM32F411xE -c -I../Core/Inc -I../Drivers/STM32F4xx_HAL_Driver/Inc -I../Drivers/STM32F4xx_HAL_Driver/Inc/Legacy -I../Drivers/CMSIS/Device/ST/STM32F4xx/Include -I../Drivers/CMSIS/Include -I"/home/shammman/Dokumenty/STM32_CubeIDE/Learning/UniBoxTemplate/Drivers/Keypad" -I"/home/shammman/Dokumenty/STM32_CubeIDE/Learning/UniBoxTemplate/Drivers/LCD_I2C" -I"/home/shammman/Dokumenty/STM32_CubeIDE/Learning/UniBoxTemplate/Drivers/Menu" -O0 -ffunction-sections -fdata-sections -Wall -fstack-usage -MMD -MP -MF"Drivers/Menu/Menu.d" -MT"Drivers/Menu/Menu.o" --specs=nano.specs -mfpu=fpv4-sp-d16 -mfloat-abi=hard -mthumb -o "Drivers/Menu/Menu.o"
In file included from ../Drivers/Menu/Menu.c:9:
../Drivers/Menu/Menu.h:25:13: warning: 'menu0' declared 'static' but never defined [-Wunused-function]
   25 | static void menu0();
      |             ^~~~~
../Drivers/Menu/Menu.h:28:13: warning: 'menu3' declared 'static' but never defined [-Wunused-function]
   28 | static void menu3();
      |             ^~~~~
../Drivers/Menu/Menu.h:29:13: warning: 'menu4' declared 'static' but never defined [-Wunused-function]
   29 | static void menu4();
      |             ^~~~~
../Drivers/Menu/Menu.h:30:13: warning: 'menu5' declared 'static' but never defined [-Wunused-function]
   30 | static void menu5();
      |             ^~~~~
../Drivers/Menu/Menu.h:31:13: warning: 'menu6' declared 'static' but never defined [-Wunused-function]
   31 | static void menu6();
      |             ^~~~~
../Drivers/Menu/Menu.h:35:13: warning: 'menu11' declared 'static' but never defined [-Wunused-function]
   35 | static void menu11();
      |             ^~~~~~
../Drivers/Menu/Menu.h:36:13: warning: 'menu12' declared 'static' but never defined [-Wunused-function]
   36 | static void menu12();
      |             ^~~~~~
../Drivers/Menu/Menu.h:37:13: warning: 'menu13' declared 'static' but never defined [-Wunused-function]
   37 | static void menu13();
      |             ^~~~~~
../Drivers/Menu/Menu.h:38:13: warning: 'menu14' declared 'static' but never defined [-Wunused-function]
   38 | static void menu14();
      |             ^~~~~~
../Drivers/Menu/Menu.h:39:13: warning: 'menu15' declared 'static' but never defined [-Wunused-function]
   39 | static void menu15();
      |             ^~~~~~
../Drivers/Menu/Menu.h:41:13: warning: 'menu20' declared 'static' but never defined [-Wunused-function]
   41 | static void menu20();
      |             ^~~~~~
../Drivers/Menu/Menu.h:42:13: warning: 'menu21' declared 'static' but never defined [-Wunused-function]
   42 | static void menu21();
      |             ^~~~~~
../Drivers/Menu/Menu.h:43:13: warning: 'menu22' declared 'static' but never defined [-Wunused-function]
   43 | static void menu22();
      |             ^~~~~~
../Drivers/Menu/Menu.h:44:13: warning: 'menu23' declared 'static' but never defined [-Wunused-function]
   44 | static void menu23();
      |             ^~~~~~
../Drivers/Menu/Menu.h:45:13: warning: 'menu24' declared 'static' but never defined [-Wunused-function]
   45 | static void menu24();
      |             ^~~~~~
../Drivers/Menu/Menu.h:46:13: warning: 'menu25' declared 'static' but never defined [-Wunused-function]
   46 | static void menu25();
      |             ^~~~~~
../Drivers/Menu/Menu.h:48:13: warning: 'menu30' declared 'static' but never defined [-Wunused-function]
   48 | static void menu30();
      |             ^~~~~~
../Drivers/Menu/Menu.h:49:13: warning: 'menu31' declared 'static' but never defined [-Wunused-function]
   49 | static void menu31();
      |             ^~~~~~
../Drivers/Menu/Menu.h:50:13: warning: 'menu32' declared 'static' but never defined [-Wunused-function]
   50 | static void menu32();
      |             ^~~~~~
../Drivers/Menu/Menu.h:51:13: warning: 'menu33' declared 'static' but never defined [-Wunused-function]
   51 | static void menu33();
      |             ^~~~~~
../Drivers/Menu/Menu.h:52:13: warning: 'menu34' declared 'static' but never defined [-Wunused-function]
   52 | static void menu34();
      |             ^~~~~~
../Drivers/Menu/Menu.h:53:13: warning: 'menu35' declared 'static' but never defined [-Wunused-function]
   53 | static void menu35();
      |             ^~~~~~
../Drivers/Menu/Menu.h:55:13: warning: 'menu40' declared 'static' but never defined [-Wunused-function]
   55 | static void menu40();
      |             ^~~~~~
../Drivers/Menu/Menu.h:56:13: warning: 'menu41' declared 'static' but never defined [-Wunused-function]
   56 | static void menu41();
      |             ^~~~~~
../Drivers/Menu/Menu.h:57:13: warning: 'menu42' declared 'static' but never defined [-Wunused-function]
   57 | static void menu42();
      |             ^~~~~~
../Drivers/Menu/Menu.h:58:13: warning: 'menu43' declared 'static' but never defined [-Wunused-function]
   58 | static void menu43();
      |             ^~~~~~
../Drivers/Menu/Menu.h:59:13: warning: 'menu44' declared 'static' but never defined [-Wunused-function]
   59 | static void menu44();
      |             ^~~~~~
../Drivers/Menu/Menu.h:60:13: warning: 'menu45' declared 'static' but never defined [-Wunused-function]
   60 | static void menu45();
      |             ^~~~~~
../Drivers/Menu/Menu.h:62:13: warning: 'menu50' declared 'static' but never defined [-Wunused-function]
   62 | static void menu50();
      |             ^~~~~~
../Drivers/Menu/Menu.h:63:13: warning: 'menu51' declared 'static' but never defined [-Wunused-function]
   63 | static void menu51();
      |             ^~~~~~
../Drivers/Menu/Menu.h:64:13: warning: 'menu52' declared 'static' but never defined [-Wunused-function]
   64 | static void menu52();
      |             ^~~~~~
../Drivers/Menu/Menu.h:65:13: warning: 'menu53' declared 'static' but never defined [-Wunused-function]
   65 | static void menu53();
      |             ^~~~~~
../Drivers/Menu/Menu.h:66:13: warning: 'menu54' declared 'static' but never defined [-Wunused-function]
   66 | static void menu54();
      |             ^~~~~~
../Drivers/Menu/Menu.h:67:13: warning: 'menu55' declared 'static' but never defined [-Wunused-function]
   67 | static void menu55();
      |             ^~~~~~
../Drivers/Menu/Menu.h:69:13: warning: 'menu60' declared 'static' but never defined [-Wunused-function]
   69 | static void menu60();
      |             ^~~~~~
../Drivers/Menu/Menu.h:70:13: warning: 'menu61' declared 'static' but never defined [-Wunused-function]
   70 | static void menu61();
      |             ^~~~~~
../Drivers/Menu/Menu.h:71:13: warning: 'menu62' declared 'static' but never defined [-Wunused-function]
   71 | static void menu62();
      |             ^~~~~~
../Drivers/Menu/Menu.h:72:13: warning: 'menu63' declared 'static' but never defined [-Wunused-function]
   72 | static void menu63();
      |             ^~~~~~
../Drivers/Menu/Menu.h:73:13: warning: 'menu64' declared 'static' but never defined [-Wunused-function]
   73 | static void menu64();
      |             ^~~~~~
../Drivers/Menu/Menu.h:74:13: warning: 'menu65' declared 'static' but never defined [-Wunused-function]
   74 | static void menu65();
      |             ^~~~~~
../Drivers/Menu/Menu.c:129:6: warning: 'menu10' defined but not used [-Wunused-function]
  129 | void menu10()
      |      ^~~~~~
arm-none-eabi-g++ -o "UniBoxTemplate.elf" @"objects.list"   -mcpu=cortex-m4 -T"/home/shammman/Dokumenty/STM32_CubeIDE/Learning/UniBoxTemplate/STM32F411VETX_FLASH.ld" --specs=nosys.specs -Wl,-Map="UniBoxTemplate.map" -Wl,--gc-sections -static --specs=nano.specs -mfpu=fpv4-sp-d16 -mfloat-abi=hard -mthumb -Wl,--start-group -lc -lm -lstdc++ -lsupc++ -Wl,--end-group
Finished building target: UniBoxTemplate.elf
 
arm-none-eabi-size   UniBoxTemplate.elf 
arm-none-eabi-objdump -h -S  UniBoxTemplate.elf  > "UniBoxTemplate.list"
   text	   data	    bss	    dec	    hex	filename
  13220	    124	   1796	  15140	   3b24	UniBoxTemplate.elf
Finished building: default.size.stdout
 
Finished building: UniBoxTemplate.list
 
21:48:30 **** Incremental Build of configuration Debug for project UniBoxTemplate ****
make -j4 all 
arm-none-eabi-gcc "../Drivers/Menu/Menu.c" -mcpu=cortex-m4 -std=gnu11 -g3 -DDEBUG -DUSE_HAL_DRIVER -DSTM32F411xE -c -I../Core/Inc -I../Drivers/STM32F4xx_HAL_Driver/Inc -I../Drivers/STM32F4xx_HAL_Driver/Inc/Legacy -I../Drivers/CMSIS/Device/ST/STM32F4xx/Include -I../Drivers/CMSIS/Include -I"/home/shammman/Dokumenty/STM32_CubeIDE/Learning/UniBoxTemplate/Drivers/Keypad" -I"/home/shammman/Dokumenty/STM32_CubeIDE/Learning/UniBoxTemplate/Drivers/LCD_I2C" -I"/home/shammman/Dokumenty/STM32_CubeIDE/Learning/UniBoxTemplate/Drivers/Menu" -O0 -ffunction-sections -fdata-sections -Wall -fstack-usage -MMD -MP -MF"Drivers/Menu/Menu.d" -MT"Drivers/Menu/Menu.o" --specs=nano.specs -mfpu=fpv4-sp-d16 -mfloat-abi=hard -mthumb -o "Drivers/Menu/Menu.o"
arm-none-eabi-gcc "../Core/Src/main.c" -mcpu=cortex-m4 -std=gnu11 -g3 -DDEBUG -DUSE_HAL_DRIVER -DSTM32F411xE -c -I../Core/Inc -I../Drivers/STM32F4xx_HAL_Driver/Inc -I../Drivers/STM32F4xx_HAL_Driver/Inc/Legacy -I../Drivers/CMSIS/Device/ST/STM32F4xx/Include -I../Drivers/CMSIS/Include -I"/home/shammman/Dokumenty/STM32_CubeIDE/Learning/UniBoxTemplate/Drivers/Keypad" -I"/home/shammman/Dokumenty/STM32_CubeIDE/Learning/UniBoxTemplate/Drivers/LCD_I2C" -I"/home/shammman/Dokumenty/STM32_CubeIDE/Learning/UniBoxTemplate/Drivers/Menu" -O0 -ffunction-sections -fdata-sections -Wall -fstack-usage -MMD -MP -MF"Core/Src/main.d" -MT"Core/Src/main.o" --specs=nano.specs -mfpu=fpv4-sp-d16 -mfloat-abi=hard -mthumb -o "Core/Src/main.o"
In file included from ../Core/Src/main.c:24:
/home/shammman/Dokumenty/STM32_CubeIDE/Learning/UniBoxTemplate/Drivers/Menu/Menu.h:25:13: warning: 'menu0' declared 'static' but never defined [-Wunused-function]
   25 | static void menu0();
      |             ^~~~~
/home/shammman/Dokumenty/STM32_CubeIDE/Learning/UniBoxTemplate/Drivers/Menu/Menu.h:26:13: warning: 'menu1' declared 'static' but never defined [-Wunused-function]
   26 | static void menu1();
      |             ^~~~~
/home/shammman/Dokumenty/STM32_CubeIDE/Learning/UniBoxTemplate/Drivers/Menu/Menu.h:27:13: warning: 'menu2' declared 'static' but never defined [-Wunused-function]
   27 | static void menu2();
      |             ^~~~~
In file included from ../Drivers/Menu/Menu.c:9:
../Drivers/Menu/Menu.h:27:13: warning: 'menu2' declared 'static' but never defined [-Wunused-function]
   27 | static void menu2();
      |             ^~~~~
arm-none-eabi-g++ -o "UniBoxTemplate.elf" @"objects.list"   -mcpu=cortex-m4 -T"/home/shammman/Dokumenty/STM32_CubeIDE/Learning/UniBoxTemplate/STM32F411VETX_FLASH.ld" --specs=nosys.specs -Wl,-Map="UniBoxTemplate.map" -Wl,--gc-sections -static --specs=nano.specs -mfpu=fpv4-sp-d16 -mfloat-abi=hard -mthumb -Wl,--start-group -lc -lm -lstdc++ -lsupc++ -Wl,--end-group
Finished building target: UniBoxTemplate.elf
 
arm-none-eabi-size   UniBoxTemplate.elf 
arm-none-eabi-objdump -h -S  UniBoxTemplate.elf  > "UniBoxTemplate.list"
   text	   data	    bss	    dec	    hex	filename
  13220	    124	   1796	  15140	   3b24	UniBoxTemplate.elf
Finished building: default.size.stdout
 
Finished building: UniBoxTemplate.list
 
21:48:57 **** Incremental Build of configuration Debug for project UniBoxTemplate ****
make -j4 all 
arm-none-eabi-gcc "../Drivers/Menu/Menu.c" -mcpu=cortex-m4 -std=gnu11 -g3 -DDEBUG -DUSE_HAL_DRIVER -DSTM32F411xE -c -I../Core/Inc -I../Drivers/STM32F4xx_HAL_Driver/Inc -I../Drivers/STM32F4xx_HAL_Driver/Inc/Legacy -I../Drivers/CMSIS/Device/ST/STM32F4xx/Include -I../Drivers/CMSIS/Include -I"/home/shammman/Dokumenty/STM32_CubeIDE/Learning/UniBoxTemplate/Drivers/Keypad" -I"/home/shammman/Dokumenty/STM32_CubeIDE/Learning/UniBoxTemplate/Drivers/LCD_I2C" -I"/home/shammman/Dokumenty/STM32_CubeIDE/Learning/UniBoxTemplate/Drivers/Menu" -O0 -ffunction-sections -fdata-sections -Wall -fstack-usage -MMD -MP -MF"Drivers/Menu/Menu.d" -MT"Drivers/Menu/Menu.o" --specs=nano.specs -mfpu=fpv4-sp-d16 -mfloat-abi=hard -mthumb -o "Drivers/Menu/Menu.o"
In file included from ../Drivers/Menu/Menu.c:9:
../Drivers/Menu/Menu.h:27:13: warning: 'menu2' declared 'static' but never defined [-Wunused-function]
   27 | static void menu2();
      |             ^~~~~
arm-none-eabi-g++ -o "UniBoxTemplate.elf" @"objects.list"   -mcpu=cortex-m4 -T"/home/shammman/Dokumenty/STM32_CubeIDE/Learning/UniBoxTemplate/STM32F411VETX_FLASH.ld" --specs=nosys.specs -Wl,-Map="UniBoxTemplate.map" -Wl,--gc-sections -static --specs=nano.specs -mfpu=fpv4-sp-d16 -mfloat-abi=hard -mthumb -Wl,--start-group -lc -lm -lstdc++ -lsupc++ -Wl,--end-group
Finished building target: UniBoxTemplate.elf
 
arm-none-eabi-size   UniBoxTemplate.elf 
arm-none-eabi-objdump -h -S  UniBoxTemplate.elf  > "UniBoxTemplate.list"
   text	   data	    bss	    dec	    hex	filename
  13220	    124	   1796	  15140	   3b24	UniBoxTemplate.elf
Finished building: default.size.stdout
 
Finished building: UniBoxTemplate.list
 
21:49:04 **** Incremental Build of configuration Debug for project UniBoxTemplate ****
make -j4 all 
arm-none-eabi-gcc "../Drivers/Menu/Menu.c" -mcpu=cortex-m4 -std=gnu11 -g3 -DDEBUG -DUSE_HAL_DRIVER -DSTM32F411xE -c -I../Core/Inc -I../Drivers/STM32F4xx_HAL_Driver/Inc -I../Drivers/STM32F4xx_HAL_Driver/Inc/Legacy -I../Drivers/CMSIS/Device/ST/STM32F4xx/Include -I../Drivers/CMSIS/Include -I"/home/shammman/Dokumenty/STM32_CubeIDE/Learning/UniBoxTemplate/Drivers/Keypad" -I"/home/shammman/Dokumenty/STM32_CubeIDE/Learning/UniBoxTemplate/Drivers/LCD_I2C" -I"/home/shammman/Dokumenty/STM32_CubeIDE/Learning/UniBoxTemplate/Drivers/Menu" -O0 -ffunction-sections -fdata-sections -Wall -fstack-usage -MMD -MP -MF"Drivers/Menu/Menu.d" -MT"Drivers/Menu/Menu.o" --specs=nano.specs -mfpu=fpv4-sp-d16 -mfloat-abi=hard -mthumb -o "Drivers/Menu/Menu.o"
In file included from ../Drivers/Menu/Menu.c:9:
../Drivers/Menu/Menu.h:27:13: warning: 'menu2' declared 'static' but never defined [-Wunused-function]
   27 | static void menu2();
      |             ^~~~~
arm-none-eabi-g++ -o "UniBoxTemplate.elf" @"objects.list"   -mcpu=cortex-m4 -T"/home/shammman/Dokumenty/STM32_CubeIDE/Learning/UniBoxTemplate/STM32F411VETX_FLASH.ld" --specs=nosys.specs -Wl,-Map="UniBoxTemplate.map" -Wl,--gc-sections -static --specs=nano.specs -mfpu=fpv4-sp-d16 -mfloat-abi=hard -mthumb -Wl,--start-group -lc -lm -lstdc++ -lsupc++ -Wl,--end-group
Finished building target: UniBoxTemplate.elf
 
arm-none-eabi-size   UniBoxTemplate.elf 
arm-none-eabi-objdump -h -S  UniBoxTemplate.elf  > "UniBoxTemplate.list"
   text	   data	    bss	    dec	    hex	filename
  13220	    124	   1796	  15140	   3b24	UniBoxTemplate.elf
Finished building: default.size.stdout
 
Finished building: UniBoxTemplate.list
 
21:49:12 **** Incremental Build of configuration Debug for project UniBoxTemplate ****
make -j4 all 
arm-none-eabi-gcc "../Drivers/Menu/Menu.c" -mcpu=cortex-m4 -std=gnu11 -g3 -DDEBUG -DUSE_HAL_DRIVER -DSTM32F411xE -c -I../Core/Inc -I../Drivers/STM32F4xx_HAL_Driver/Inc -I../Drivers/STM32F4xx_HAL_Driver/Inc/Legacy -I../Drivers/CMSIS/Device/ST/STM32F4xx/Include -I../Drivers/CMSIS/Include -I"/home/shammman/Dokumenty/STM32_CubeIDE/Learning/UniBoxTemplate/Drivers/Keypad" -I"/home/shammman/Dokumenty/STM32_CubeIDE/Learning/UniBoxTemplate/Drivers/LCD_I2C" -I"/home/shammman/Dokumenty/STM32_CubeIDE/Learning/UniBoxTemplate/Drivers/Menu" -O0 -ffunction-sections -fdata-sections -Wall -fstack-usage -MMD -MP -MF"Drivers/Menu/Menu.d" -MT"Drivers/Menu/Menu.o" --specs=nano.specs -mfpu=fpv4-sp-d16 -mfloat-abi=hard -mthumb -o "Drivers/Menu/Menu.o"
arm-none-eabi-gcc "../Core/Src/main.c" -mcpu=cortex-m4 -std=gnu11 -g3 -DDEBUG -DUSE_HAL_DRIVER -DSTM32F411xE -c -I../Core/Inc -I../Drivers/STM32F4xx_HAL_Driver/Inc -I../Drivers/STM32F4xx_HAL_Driver/Inc/Legacy -I../Drivers/CMSIS/Device/ST/STM32F4xx/Include -I../Drivers/CMSIS/Include -I"/home/shammman/Dokumenty/STM32_CubeIDE/Learning/UniBoxTemplate/Drivers/Keypad" -I"/home/shammman/Dokumenty/STM32_CubeIDE/Learning/UniBoxTemplate/Drivers/LCD_I2C" -I"/home/shammman/Dokumenty/STM32_CubeIDE/Learning/UniBoxTemplate/Drivers/Menu" -O0 -ffunction-sections -fdata-sections -Wall -fstack-usage -MMD -MP -MF"Core/Src/main.d" -MT"Core/Src/main.o" --specs=nano.specs -mfpu=fpv4-sp-d16 -mfloat-abi=hard -mthumb -o "Core/Src/main.o"
In file included from ../Core/Src/main.c:24:
/home/shammman/Dokumenty/STM32_CubeIDE/Learning/UniBoxTemplate/Drivers/Menu/Menu.h:25:13: warning: 'menu0' declared 'static' but never defined [-Wunused-function]
   25 | static void menu0();
      |             ^~~~~
/home/shammman/Dokumenty/STM32_CubeIDE/Learning/UniBoxTemplate/Drivers/Menu/Menu.h:26:13: warning: 'menu1' declared 'static' but never defined [-Wunused-function]
   26 | static void menu1();
      |             ^~~~~
arm-none-eabi-g++ -o "UniBoxTemplate.elf" @"objects.list"   -mcpu=cortex-m4 -T"/home/shammman/Dokumenty/STM32_CubeIDE/Learning/UniBoxTemplate/STM32F411VETX_FLASH.ld" --specs=nosys.specs -Wl,-Map="UniBoxTemplate.map" -Wl,--gc-sections -static --specs=nano.specs -mfpu=fpv4-sp-d16 -mfloat-abi=hard -mthumb -Wl,--start-group -lc -lm -lstdc++ -lsupc++ -Wl,--end-group
Finished building target: UniBoxTemplate.elf
 
arm-none-eabi-size   UniBoxTemplate.elf 
arm-none-eabi-objdump -h -S  UniBoxTemplate.elf  > "UniBoxTemplate.list"
   text	   data	    bss	    dec	    hex	filename
  13220	    124	   1796	  15140	   3b24	UniBoxTemplate.elf
Finished building: default.size.stdout
 
Finished building: UniBoxTemplate.list
 
21:49:42 **** Incremental Build of configuration Debug for project UniBoxTemplate ****
make -j4 all 
arm-none-eabi-size   UniBoxTemplate.elf 
   text	   data	    bss	    dec	    hex	filename
  13220	    124	   1796	  15140	   3b24	UniBoxTemplate.elf
Finished building: default.size.stdout
 
21:50:53 **** Incremental Build of configuration Debug for project UniBoxTemplate ****
make -j4 all 
arm-none-eabi-gcc "../Drivers/Keypad/Keypad.c" -mcpu=cortex-m4 -std=gnu11 -g3 -DDEBUG -DUSE_HAL_DRIVER -DSTM32F411xE -c -I../Core/Inc -I../Drivers/STM32F4xx_HAL_Driver/Inc -I../Drivers/STM32F4xx_HAL_Driver/Inc/Legacy -I../Drivers/CMSIS/Device/ST/STM32F4xx/Include -I../Drivers/CMSIS/Include -I"/home/shammman/Dokumenty/STM32_CubeIDE/Learning/UniBoxTemplate/Drivers/Keypad" -I"/home/shammman/Dokumenty/STM32_CubeIDE/Learning/UniBoxTemplate/Drivers/LCD_I2C" -I"/home/shammman/Dokumenty/STM32_CubeIDE/Learning/UniBoxTemplate/Drivers/Menu" -O0 -ffunction-sections -fdata-sections -Wall -fstack-usage -MMD -MP -MF"Drivers/Keypad/Keypad.d" -MT"Drivers/Keypad/Keypad.o" --specs=nano.specs -mfpu=fpv4-sp-d16 -mfloat-abi=hard -mthumb -o "Drivers/Keypad/Keypad.o"
arm-none-eabi-g++ -o "UniBoxTemplate.elf" @"objects.list"   -mcpu=cortex-m4 -T"/home/shammman/Dokumenty/STM32_CubeIDE/Learning/UniBoxTemplate/STM32F411VETX_FLASH.ld" --specs=nosys.specs -Wl,-Map="UniBoxTemplate.map" -Wl,--gc-sections -static --specs=nano.specs -mfpu=fpv4-sp-d16 -mfloat-abi=hard -mthumb -Wl,--start-group -lc -lm -lstdc++ -lsupc++ -Wl,--end-group
Finished building target: UniBoxTemplate.elf
 
arm-none-eabi-size   UniBoxTemplate.elf 
arm-none-eabi-objdump -h -S  UniBoxTemplate.elf  > "UniBoxTemplate.list"
   text	   data	    bss	    dec	    hex	filename
  13220	    124	   1796	  15140	   3b24	UniBoxTemplate.elf
Finished building: default.size.stdout
 
Finished building: UniBoxTemplate.list
 
