11:12:09 **** Incremental Build of configuration Debug for project LED_Toogle ****
make -j4 all 
arm-none-eabi-gcc "../Core/Src/main.c" -mcpu=cortex-m4 -std=gnu11 -g3 -DDEBUG -DUSE_HAL_DRIVER -DSTM32F411xE -c -I../USB_HOST/App -I../USB_HOST/Target -I../Core/Inc -I../Drivers/STM32F4xx_HAL_Driver/Inc -I../Drivers/STM32F4xx_HAL_Driver/Inc/Legacy -I../Middlewares/ST/STM32_USB_Host_Library/Core/Inc -I../Middlewares/ST/STM32_USB_Host_Library/Class/CDC/Inc -I../Drivers/CMSIS/Device/ST/STM32F4xx/Include -I../Drivers/CMSIS/Include -O0 -ffunction-sections -fdata-sections -Wall -fstack-usage -MMD -MP -MF"Core/Src/main.d" -MT"Core/Src/main.o" --specs=nano.specs -mfpu=fpv4-sp-d16 -mfloat-abi=hard -mthumb -o "Core/Src/main.o"
arm-none-eabi-gcc -o "LED_Toogle.elf" @"objects.list"   -mcpu=cortex-m4 -T"/home/shammman/Dokumenty/STM32_CubeIDE/Learning/Test1/STM32F411VETX_FLASH.ld" --specs=nosys.specs -Wl,-Map="LED_Toogle.map" -Wl,--gc-sections -static --specs=nano.specs -mfpu=fpv4-sp-d16 -mfloat-abi=hard -mthumb -Wl,--start-group -lc -lm -Wl,--end-group
Finished building target: LED_Toogle.elf
 
arm-none-eabi-size   LED_Toogle.elf 
arm-none-eabi-objdump -h -S  LED_Toogle.elf  > "LED_Toogle.list"
   text	   data	    bss	    dec	    hex	filename
  29176	    156	   3668	  33000	   80e8	LED_Toogle.elf
Finished building: default.size.stdout
 
Finished building: LED_Toogle.list
 

11:12:10 Build Finished. 0 errors, 0 warnings. (took 944ms)

