12:52:05 **** Incremental Build of configuration Debug for project UD_OUTPUT_COMPARE ****
make -j4 all 
arm-none-eabi-gcc "../Core/Src/main.c" -mcpu=cortex-m4 -std=gnu11 -g3 -DDEBUG -DUSE_HAL_DRIVER -DSTM32F411xE -c -I../Core/Inc -I../Drivers/STM32F4xx_HAL_Driver/Inc -I../Drivers/STM32F4xx_HAL_Driver/Inc/Legacy -I../Drivers/CMSIS/Device/ST/STM32F4xx/Include -I../Drivers/CMSIS/Include -O0 -ffunction-sections -fdata-sections -Wall -fstack-usage -MMD -MP -MF"Core/Src/main.d" -MT"Core/Src/main.o" --specs=nano.specs -mfpu=fpv4-sp-d16 -mfloat-abi=hard -mthumb -o "Core/Src/main.o"
arm-none-eabi-gcc "../Core/Src/tim.c" -mcpu=cortex-m4 -std=gnu11 -g3 -DDEBUG -DUSE_HAL_DRIVER -DSTM32F411xE -c -I../Core/Inc -I../Drivers/STM32F4xx_HAL_Driver/Inc -I../Drivers/STM32F4xx_HAL_Driver/Inc/Legacy -I../Drivers/CMSIS/Device/ST/STM32F4xx/Include -I../Drivers/CMSIS/Include -O0 -ffunction-sections -fdata-sections -Wall -fstack-usage -MMD -MP -MF"Core/Src/tim.d" -MT"Core/Src/tim.o" --specs=nano.specs -mfpu=fpv4-sp-d16 -mfloat-abi=hard -mthumb -o "Core/Src/tim.o"
arm-none-eabi-gcc -o "UD_OUTPUT_COMPARE.elf" @"objects.list"   -mcpu=cortex-m4 -T"/home/shammman/Dokumenty/STM32_CubeIDE/Learning/UD_OUTPUT_COMPARE/STM32F411VETX_FLASH.ld" --specs=nosys.specs -Wl,-Map="UD_OUTPUT_COMPARE.map" -Wl,--gc-sections -static --specs=nano.specs -mfpu=fpv4-sp-d16 -mfloat-abi=hard -mthumb -Wl,--start-group -lc -lm -Wl,--end-group
Finished building target: UD_OUTPUT_COMPARE.elf
 
arm-none-eabi-size   UD_OUTPUT_COMPARE.elf 
arm-none-eabi-objdump -h -S  UD_OUTPUT_COMPARE.elf  > "UD_OUTPUT_COMPARE.list"
   text	   data	    bss	    dec	    hex	filename
   1016	     12	   1572	   2600	    a28	UD_OUTPUT_COMPARE.elf
Finished building: default.size.stdout
 
Finished building: UD_OUTPUT_COMPARE.list
 

12:52:06 Build Finished. 0 errors, 0 warnings. (took 1s.218ms)

