21:03:53 **** Incremental Build of configuration Debug for project UD_TIM ****
make -j4 all 
arm-none-eabi-gcc "../Core/Src/tim.c" -mcpu=cortex-m4 -std=gnu11 -g3 -DDEBUG -DUSE_HAL_DRIVER -DSTM32F411xE -c -I../Core/Inc -I../Drivers/STM32F4xx_HAL_Driver/Inc -I../Drivers/STM32F4xx_HAL_Driver/Inc/Legacy -I../Drivers/CMSIS/Device/ST/STM32F4xx/Include -I../Drivers/CMSIS/Include -O0 -ffunction-sections -fdata-sections -Wall -fstack-usage -MMD -MP -MF"Core/Src/tim.d" -MT"Core/Src/tim.o" --specs=nano.specs -mfpu=fpv4-sp-d16 -mfloat-abi=hard -mthumb -o "Core/Src/tim.o"
arm-none-eabi-gcc -o "UD_TIM.elf" @"objects.list"   -mcpu=cortex-m4 -T"/home/shammman/Dokumenty/STM32_CubeIDE/Learning/UD_TIM/STM32F411VETX_FLASH.ld" --specs=nosys.specs -Wl,-Map="UD_TIM.map" -Wl,--gc-sections -static --specs=nano.specs -mfpu=fpv4-sp-d16 -mfloat-abi=hard -mthumb -Wl,--start-group -lc -lm -Wl,--end-group
Finished building target: UD_TIM.elf
 
arm-none-eabi-size   UD_TIM.elf 
arm-none-eabi-objdump -h -S  UD_TIM.elf  > "UD_TIM.list"
   text	   data	    bss	    dec	    hex	filename
   6164	    112	   1592	   7868	   1ebc	UD_TIM.elf
Finished building: default.size.stdout
 
Finished building: UD_TIM.list
 

21:03:55 Build Finished. 0 errors, 0 warnings. (took 1s.66ms)

